Archive member included to satisfy reference by file (symbol)

Generated_Source\PSoC6\pdl\drivers\peripheral\crypto\libs\cy_crypto_client_gcc.a(cy_crypto.o)
                              .\CortexM4\ARM_GCC_541\Debug\randombytes.o (Cy_Crypto_Sync)
Generated_Source\PSoC6\pdl\drivers\peripheral\crypto\libs\cy_crypto_server_gcc.a(cy_crypto_server.o)
                              .\CortexM4\ARM_GCC_541\Debug\randombytes.o (Cy_Crypto_Server_Start_Full)
Generated_Source\PSoC6\pdl\drivers\peripheral\crypto\libs\cy_crypto_server_gcc.a(cy_crypto_core_aes_v1.o)
                              Generated_Source\PSoC6\pdl\drivers\peripheral\crypto\libs\cy_crypto_server_gcc.a(cy_crypto_server.o) (Cy_Crypto_Core_V1_Aes_Init)
Generated_Source\PSoC6\pdl\drivers\peripheral\crypto\libs\cy_crypto_server_gcc.a(cy_crypto_core_cmac_v1.o)
                              Generated_Source\PSoC6\pdl\drivers\peripheral\crypto\libs\cy_crypto_server_gcc.a(cy_crypto_server.o) (Cy_Crypto_Core_V1_Cmac)
Generated_Source\PSoC6\pdl\drivers\peripheral\crypto\libs\cy_crypto_server_gcc.a(cy_crypto_core_hmac_v1.o)
                              Generated_Source\PSoC6\pdl\drivers\peripheral\crypto\libs\cy_crypto_server_gcc.a(cy_crypto_server.o) (Cy_Crypto_Core_V1_Hmac)
Generated_Source\PSoC6\pdl\drivers\peripheral\crypto\libs\cy_crypto_server_gcc.a(cy_crypto_core_aes_v2.o)
                              Generated_Source\PSoC6\pdl\drivers\peripheral\crypto\libs\cy_crypto_server_gcc.a(cy_crypto_server.o) (Cy_Crypto_Core_V2_Aes_Init)
Generated_Source\PSoC6\pdl\drivers\peripheral\crypto\libs\cy_crypto_server_gcc.a(cy_crypto_core_cmac_v2.o)
                              Generated_Source\PSoC6\pdl\drivers\peripheral\crypto\libs\cy_crypto_server_gcc.a(cy_crypto_server.o) (Cy_Crypto_Core_V2_Cmac)
Generated_Source\PSoC6\pdl\drivers\peripheral\crypto\libs\cy_crypto_server_gcc.a(cy_crypto_core_hmac_v2.o)
                              Generated_Source\PSoC6\pdl\drivers\peripheral\crypto\libs\cy_crypto_server_gcc.a(cy_crypto_server.o) (Cy_Crypto_Core_V2_Hmac)
Generated_Source\PSoC6\pdl\drivers\peripheral\crypto\libs\cy_crypto_server_gcc.a(cy_crypto_core_rsa.o)
                              Generated_Source\PSoC6\pdl\drivers\peripheral\crypto\libs\cy_crypto_server_gcc.a(cy_crypto_server.o) (Cy_Crypto_Core_Rsa_Verify)
Generated_Source\PSoC6\pdl\drivers\peripheral\crypto\libs\cy_crypto_server_gcc.a(cy_crypto_core_crc_v1.o)
                              Generated_Source\PSoC6\pdl\drivers\peripheral\crypto\libs\cy_crypto_server_gcc.a(cy_crypto_server.o) (Cy_Crypto_Core_V1_Crc_Init)
Generated_Source\PSoC6\pdl\drivers\peripheral\crypto\libs\cy_crypto_server_gcc.a(cy_crypto_core_des_v1.o)
                              Generated_Source\PSoC6\pdl\drivers\peripheral\crypto\libs\cy_crypto_server_gcc.a(cy_crypto_server.o) (Cy_Crypto_Core_V1_Des)
Generated_Source\PSoC6\pdl\drivers\peripheral\crypto\libs\cy_crypto_server_gcc.a(cy_crypto_core_prng_v1.o)
                              Generated_Source\PSoC6\pdl\drivers\peripheral\crypto\libs\cy_crypto_server_gcc.a(cy_crypto_server.o) (Cy_Crypto_Core_V1_Prng_Init)
Generated_Source\PSoC6\pdl\drivers\peripheral\crypto\libs\cy_crypto_server_gcc.a(cy_crypto_core_sha_v1.o)
                              Generated_Source\PSoC6\pdl\drivers\peripheral\crypto\libs\cy_crypto_server_gcc.a(cy_crypto_core_hmac_v1.o) (Cy_Crypto_Core_V1_Sha_ProcessBlock)
Generated_Source\PSoC6\pdl\drivers\peripheral\crypto\libs\cy_crypto_server_gcc.a(cy_crypto_core_mem_v1.o)
                              Generated_Source\PSoC6\pdl\drivers\peripheral\crypto\libs\cy_crypto_server_gcc.a(cy_crypto_server.o) (Cy_Crypto_Core_V1_MemCpy)
Generated_Source\PSoC6\pdl\drivers\peripheral\crypto\libs\cy_crypto_server_gcc.a(cy_crypto_core_trng_v1.o)
                              Generated_Source\PSoC6\pdl\drivers\peripheral\crypto\libs\cy_crypto_server_gcc.a(cy_crypto_server.o) (Cy_Crypto_Core_V1_Trng)
Generated_Source\PSoC6\pdl\drivers\peripheral\crypto\libs\cy_crypto_server_gcc.a(cy_crypto_core_hw_v1.o)
                              Generated_Source\PSoC6\pdl\drivers\peripheral\crypto\libs\cy_crypto_server_gcc.a(cy_crypto_core_prng_v1.o) (Cy_Crypto_SetReg1Instr)
Generated_Source\PSoC6\pdl\drivers\peripheral\crypto\libs\cy_crypto_server_gcc.a(cy_crypto_core_crc_v2.o)
                              Generated_Source\PSoC6\pdl\drivers\peripheral\crypto\libs\cy_crypto_server_gcc.a(cy_crypto_server.o) (Cy_Crypto_Core_V2_Crc_Init)
Generated_Source\PSoC6\pdl\drivers\peripheral\crypto\libs\cy_crypto_server_gcc.a(cy_crypto_core_des_v2.o)
                              Generated_Source\PSoC6\pdl\drivers\peripheral\crypto\libs\cy_crypto_server_gcc.a(cy_crypto_server.o) (Cy_Crypto_Core_V2_Des)
Generated_Source\PSoC6\pdl\drivers\peripheral\crypto\libs\cy_crypto_server_gcc.a(cy_crypto_core_prng_v2.o)
                              Generated_Source\PSoC6\pdl\drivers\peripheral\crypto\libs\cy_crypto_server_gcc.a(cy_crypto_server.o) (Cy_Crypto_Core_V2_Prng_Init)
[...]
Memory Configuration

Name             Origin             Length             Attributes
ram              0x08024000         0x00023800         xrw
flash            0x10080000         0x00080000         xr
em_eeprom        0x14000000         0x00008000         xr
sflash_user_data 0x16000800         0x00000800         xr
sflash_nar       0x16001a00         0x00000200         xr
sflash_public_key 0x16005a00         0x00000c00         xr
sflash_toc_2     0x16007c00         0x00000200         xr
sflash_rtoc_2    0x16007e00         0x00000200         xr
xip              0x18000000         0x08000000         xr
efuse            0x90700000         0x00100000         r
*default*        0x00000000         0xffffffff

Linker script and memory map

LOAD c:/program files (x86)/cypress/psoc creator/4.4/psoc creator/import/gnu/arm/5.4.1/bin/../lib/gcc/arm-none-eabi/5.4.1/armv7e-m/softfp/crti.o
LOAD c:/program files (x86)/cypress/psoc creator/4.4/psoc creator/import/gnu/arm/5.4.1/bin/../lib/gcc/arm-none-eabi/5.4.1/armv7e-m/softfp/crtbegin.o
LOAD c:/program files (x86)/cypress/psoc creator/4.4/psoc creator/import/gnu/arm/5.4.1/bin/../lib/gcc/arm-none-eabi/5.4.1/../../../../arm-none-eabi/lib/armv7e-m/softfp/crt0.o
START GROUP
LOAD Generated_Source\PSoC6\pdl\drivers\peripheral\crypto\libs\cy_crypto_client_gcc.a
LOAD Generated_Source\PSoC6\pdl\drivers\peripheral\crypto\libs\cy_crypto_server_gcc.a
LOAD .\CortexM4\ARM_GCC_541\Debug\code.o
LOAD .\CortexM4\ARM_GCC_541\Debug\fft.o
LOAD .\CortexM4\ARM_GCC_541\Debug\fips202.o
LOAD .\CortexM4\ARM_GCC_541\Debug\gf.o
LOAD .\CortexM4\ARM_GCC_541\Debug\gf2x.o
LOAD .\CortexM4\ARM_GCC_541\Debug\hqc.o
LOAD .\CortexM4\ARM_GCC_541\Debug\hqc_wrapper.o
LOAD .\CortexM4\ARM_GCC_541\Debug\kem.o
LOAD .\CortexM4\ARM_GCC_541\Debug\parsing.o
LOAD .\CortexM4\ARM_GCC_541\Debug\randombytes.o
LOAD .\CortexM4\ARM_GCC_541\Debug\reed_muller.o
LOAD .\CortexM4\ARM_GCC_541\Debug\reed_solomon.o
LOAD .\CortexM4\ARM_GCC_541\Debug\shake_ds.o
LOAD .\CortexM4\ARM_GCC_541\Debug\shake_prng.o
LOAD .\CortexM4\ARM_GCC_541\Debug\vector.o
LOAD .\CortexM4\ARM_GCC_541\Debug\startup_psoc6_01_cm4.o
LOAD .\CortexM4\ARM_GCC_541\Debug\system_psoc6_cm4.o
LOAD .\CortexM4\ARM_GCC_541\Debug\uartTask.o
LOAD .\CortexM4\ARM_GCC_541\Debug\main_cm4.o
LOAD .\CortexM4\ARM_GCC_541\Debug\mainTask.o
LOAD .\CortexM4\ARM_GCC_541\Debug\cycle_counter.o
LOAD .\CortexM4\ARM_GCC_541\Debug\stdio_user.o
LOAD .\CortexM4\ARM_GCC_541\Debug\cyfitter_sysint_cfg.o
LOAD .\CortexM4\ARM_GCC_541\Debug\cymetadata.o
LOAD .\CortexM4\ARM_GCC_541\Debug\cy_efuse.o
LOAD .\CortexM4\ARM_GCC_541\Debug\cy_flash.o
LOAD .\CortexM4\ARM_GCC_541\Debug\cy_gpio.o
LOAD .\CortexM4\ARM_GCC_541\Debug\cy_ipc_drv.o
LOAD .\CortexM4\ARM_GCC_541\Debug\cy_ipc_sema.o
LOAD .\CortexM4\ARM_GCC_541\Debug\cy_ipc_pipe.o
LOAD .\CortexM4\ARM_GCC_541\Debug\cy_lvd.o
LOAD .\CortexM4\ARM_GCC_541\Debug\cy_profile.o
LOAD .\CortexM4\ARM_GCC_541\Debug\cy_prot.o
LOAD .\CortexM4\ARM_GCC_541\Debug\cy_sysanalog.o
LOAD .\CortexM4\ARM_GCC_541\Debug\cy_sysclk.o
LOAD .\CortexM4\ARM_GCC_541\Debug\cy_sysint.o
LOAD .\CortexM4\ARM_GCC_541\Debug\cy_syslib.o
LOAD .\CortexM4\ARM_GCC_541\Debug\cy_syslib_gcc.o
LOAD .\CortexM4\ARM_GCC_541\Debug\cy_syspm.o
LOAD .\CortexM4\ARM_GCC_541\Debug\cy_systick.o
LOAD .\CortexM4\ARM_GCC_541\Debug\cy_trigmux.o
LOAD .\CortexM4\ARM_GCC_541\Debug\cy_wdt.o
LOAD .\CortexM4\ARM_GCC_541\Debug\cy_device.o
LOAD .\CortexM4\ARM_GCC_541\Debug\cy_scb_common.o
LOAD .\CortexM4\ARM_GCC_541\Debug\cy_scb_i2c.o
LOAD .\CortexM4\ARM_GCC_541\Debug\cy_scb_ezi2c.o
LOAD .\CortexM4\ARM_GCC_541\Debug\cy_scb_spi.o
LOAD .\CortexM4\ARM_GCC_541\Debug\cy_scb_uart.o
LOAD .\CortexM4\ARM_GCC_541\Debug\cy_ble_clk.o
LOAD .\CortexM4\ARM_GCC_541\Debug\croutine.o
LOAD .\CortexM4\ARM_GCC_541\Debug\event_groups.o
LOAD .\CortexM4\ARM_GCC_541\Debug\list.o
LOAD .\CortexM4\ARM_GCC_541\Debug\queue.o
LOAD .\CortexM4\ARM_GCC_541\Debug\tasks.o
LOAD .\CortexM4\ARM_GCC_541\Debug\timers.o
LOAD .\CortexM4\ARM_GCC_541\Debug\stream_buffer.o
LOAD .\CortexM4\ARM_GCC_541\Debug\port.o
LOAD .\CortexM4\ARM_GCC_541\Debug\heap_1.o
LOAD .\CortexM4\ARM_GCC_541\Debug\retarget.o
LOAD .\CortexM4\ARM_GCC_541\Debug\UART.o
END GROUP
START GROUP
LOAD c:/program files (x86)/cypress/psoc creator/4.4/psoc creator/import/gnu/arm/5.4.1/bin/../lib/gcc/arm-none-eabi/5.4.1/armv7e-m/softfp\libgcc.a
LOAD c:/program files (x86)/cypress/psoc creator/4.4/psoc creator/import/gnu/arm/5.4.1/bin/../lib/gcc/arm-none-eabi/5.4.1/../../../../arm-none-eabi/lib/armv7e-m/softfp\libg_nano.a
LOAD c:/program files (x86)/cypress/psoc creator/4.4/psoc creator/import/gnu/arm/5.4.1/bin/../lib/gcc/arm-none-eabi/5.4.1/../../../../arm-none-eabi/lib/armv7e-m/softfp\libc_nano.a
END GROUP
START GROUP
LOAD c:/program files (x86)/cypress/psoc creator/4.4/psoc creator/import/gnu/arm/5.4.1/bin/../lib/gcc/arm-none-eabi/5.4.1/armv7e-m/softfp\libgcc.a
LOAD c:/program files (x86)/cypress/psoc creator/4.4/psoc creator/import/gnu/arm/5.4.1/bin/../lib/gcc/arm-none-eabi/5.4.1/../../../../arm-none-eabi/lib/armv7e-m/softfp\libc_nano.a
END GROUP
LOAD c:/program files (x86)/cypress/psoc creator/4.4/psoc creator/import/gnu/arm/5.4.1/bin/../lib/gcc/arm-none-eabi/5.4.1/armv7e-m/softfp/crtend.o
LOAD c:/program files (x86)/cypress/psoc creator/4.4/psoc creator/import/gnu/arm/5.4.1/bin/../lib/gcc/arm-none-eabi/5.4.1/armv7e-m/softfp/crtn.o
START GROUP
LOAD c:/program files (x86)/cypress/psoc creator/4.4/psoc creator/import/gnu/arm/5.4.1/bin/../lib/gcc/arm-none-eabi/5.4.1/armv7e-m/softfp\libgcc.a
LOAD c:/program files (x86)/cypress/psoc creator/4.4/psoc creator/import/gnu/arm/5.4.1/bin/../lib/gcc/arm-none-eabi/5.4.1/../../../../arm-none-eabi/lib/armv7e-m/softfp\libc.a
LOAD c:/program files (x86)/cypress/psoc creator/4.4/psoc creator/import/gnu/arm/5.4.1/bin/../lib/gcc/arm-none-eabi/5.4.1/../../../../arm-none-eabi/lib/armv7e-m/softfp\libnosys.a
END GROUP
START GROUP
LOAD c:/program files (x86)/cypress/psoc creator/4.4/psoc creator/import/gnu/arm/5.4.1/bin/../lib/gcc/arm-none-eabi/5.4.1/armv7e-m/softfp\libgcc.a
LOAD c:/program files (x86)/cypress/psoc creator/4.4/psoc creator/import/gnu/arm/5.4.1/bin/../lib/gcc/arm-none-eabi/5.4.1/../../../../arm-none-eabi/lib/armv7e-m/softfp\libc.a
LOAD c:/program files (x86)/cypress/psoc creator/4.4/psoc creator/import/gnu/arm/5.4.1/bin/../lib/gcc/arm-none-eabi/5.4.1/../../../../arm-none-eabi/lib/armv7e-m/softfp\libm.a
LOAD c:/program files (x86)/cypress/psoc creator/4.4/psoc creator/import/gnu/arm/5.4.1/bin/../lib/gcc/arm-none-eabi/5.4.1/../../../../arm-none-eabi/lib/armv7e-m/softfp\libnosys.a
END GROUP

.text           0x10080000    0x116d0
                0x10080000                . = ALIGN (0x4)
                0x10080000                __Vectors = .
 *(.vectors)
 .vectors       0x10080000      0x28c .\CortexM4\ARM_GCC_541\Debug\startup_psoc6_01_cm4.o
                0x1008028c                . = ALIGN (0x4)
                0x1008028c                __Vectors_End = .
                0x0000028c                __Vectors_Size = (__Vectors_End - __Vectors)
                0x1008028c                __end__ = .
                0x1008028c                . = ALIGN (0x4)
 *(.text*)
 .text          0x1008028c       0x5c c:/program files (x86)/cypress/psoc creator/4.4/psoc creator/import/gnu/arm/5.4.1/bin/../lib/gcc/arm-none-eabi/5.4.1/armv7e-m/softfp/crtbegin.o
 .text.PQCLEAN_HQC256_CLEAN_code_encode
                0x100802e8       0x28 .\CortexM4\ARM_GCC_541\Debug\code.o
                0x100802e8                PQCLEAN_HQC256_CLEAN_code_encode
 .text.PQCLEAN_HQC256_CLEAN_code_decode
                0x10080310       0x28 .\CortexM4\ARM_GCC_541\Debug\code.o
                0x10080310                PQCLEAN_HQC256_CLEAN_code_decode
 .text.compute_fft_betas
                0x10080338       0x18 .\CortexM4\ARM_GCC_541\Debug\fft.o
 .text.compute_subset_sums
                0x10080350       0x34 .\CortexM4\ARM_GCC_541\Debug\fft.o
 .text.radix_big
                0x10080384      0x104 .\CortexM4\ARM_GCC_541\Debug\fft.o
 .text.radix    0x10080488      0x11c .\CortexM4\ARM_GCC_541\Debug\fft.o
 .text.fft_rec  0x100805a4      0x220 .\CortexM4\ARM_GCC_541\Debug\fft.o
 .text.PQCLEAN_HQC256_CLEAN_fft
                0x100807c4      0x11c .\CortexM4\ARM_GCC_541\Debug\fft.o
                0x100807c4                PQCLEAN_HQC256_CLEAN_fft
 .text.PQCLEAN_HQC256_CLEAN_fft_retrieve_error_poly
                0x100808e0       0xac .\CortexM4\ARM_GCC_541\Debug\fft.o
                0x100808e0                PQCLEAN_HQC256_CLEAN_fft_retrieve_error_poly
 .text.KeccakF1600_StatePermute
                0x1008098c     0x12fc .\CortexM4\ARM_GCC_541\Debug\fips202.o
 .text.keccak_inc_init
                0x10081c88       0x24 .\CortexM4\ARM_GCC_541\Debug\fips202.o
 .text.keccak_inc_absorb
                0x10081cac      0x100 .\CortexM4\ARM_GCC_541\Debug\fips202.o
 .text.keccak_inc_finalize
                0x10081dac       0x80 .\CortexM4\ARM_GCC_541\Debug\fips202.o
 .text.keccak_inc_squeeze
                0x10081e2c       0xdc .\CortexM4\ARM_GCC_541\Debug\fips202.o
 .text.shake256_inc_init
                0x10081f08       0x1c .\CortexM4\ARM_GCC_541\Debug\fips202.o
                0x10081f08                shake256_inc_init
 .text.shake256_inc_absorb
                0x10081f24       0x10 .\CortexM4\ARM_GCC_541\Debug\fips202.o
                0x10081f24                shake256_inc_absorb
 .text.shake256_inc_finalize
                0x10081f34       0x10 .\CortexM4\ARM_GCC_541\Debug\fips202.o
                0x10081f34                shake256_inc_finalize
 .text.shake256_inc_squeeze
                0x10081f44        0xc .\CortexM4\ARM_GCC_541\Debug\fips202.o
                0x10081f44                shake256_inc_squeeze
 .text.shake256_inc_ctx_release
                0x10081f50        0xc .\CortexM4\ARM_GCC_541\Debug\fips202.o
                0x10081f50                shake256_inc_ctx_release
 .text.trailing_zero_bits_count
                0x10081f5c       0x34 .\CortexM4\ARM_GCC_541\Debug\gf.o
 .text.gf_reduce
                0x10081f90       0x98 .\CortexM4\ARM_GCC_541\Debug\gf.o
 .text.gf_carryless_mul
                0x10082028       0xc4 .\CortexM4\ARM_GCC_541\Debug\gf.o
 .text.PQCLEAN_HQC256_CLEAN_gf_mul
                0x100820ec       0x34 .\CortexM4\ARM_GCC_541\Debug\gf.o
                0x100820ec                PQCLEAN_HQC256_CLEAN_gf_mul
 .text.PQCLEAN_HQC256_CLEAN_gf_square
                0x10082120       0x28 .\CortexM4\ARM_GCC_541\Debug\gf.o
                0x10082120                PQCLEAN_HQC256_CLEAN_gf_square
 .text.PQCLEAN_HQC256_CLEAN_gf_inverse
                0x10082148       0x48 .\CortexM4\ARM_GCC_541\Debug\gf.o
                0x10082148                PQCLEAN_HQC256_CLEAN_gf_inverse
 .text.base_mul
                0x10082190      0x304 .\CortexM4\ARM_GCC_541\Debug\gf2x.o
 .text.karatsuba_add1
                0x10082494       0x7c .\CortexM4\ARM_GCC_541\Debug\gf2x.o
 .text.karatsuba_add2
                0x10082510       0x88 .\CortexM4\ARM_GCC_541\Debug\gf2x.o
 .text.karatsuba
                0x10082598       0xa4 .\CortexM4\ARM_GCC_541\Debug\gf2x.o
 .text.reduce   0x1008263c       0x70 .\CortexM4\ARM_GCC_541\Debug\gf2x.o
 .text.PQCLEAN_HQC256_CLEAN_vect_mul
                0x100826ac       0x4c .\CortexM4\ARM_GCC_541\Debug\gf2x.o
                0x100826ac                PQCLEAN_HQC256_CLEAN_vect_mul
 .text.PQCLEAN_HQC256_CLEAN_hqc_pke_keygen
                0x100826f8      0x150 .\CortexM4\ARM_GCC_541\Debug\hqc.o
                0x100826f8                PQCLEAN_HQC256_CLEAN_hqc_pke_keygen
 .text.PQCLEAN_HQC256_CLEAN_hqc_pke_encrypt
                0x10082848      0x164 .\CortexM4\ARM_GCC_541\Debug\hqc.o
                0x10082848                PQCLEAN_HQC256_CLEAN_hqc_pke_encrypt
 .text.PQCLEAN_HQC256_CLEAN_hqc_pke_decrypt
                0x100829ac       0xc4 .\CortexM4\ARM_GCC_541\Debug\hqc.o
                0x100829ac                PQCLEAN_HQC256_CLEAN_hqc_pke_decrypt
 .text.hqc_init
                0x10082a70       0x24 .\CortexM4\ARM_GCC_541\Debug\hqc_wrapper.o
                0x10082a70                hqc_init
 .text.hqc_get_public_key_size
                0x10082a94        0x8 .\CortexM4\ARM_GCC_541\Debug\hqc_wrapper.o
                0x10082a94                hqc_get_public_key_size
 .text.hqc_get_secret_key_size
                0x10082a9c        0x8 .\CortexM4\ARM_GCC_541\Debug\hqc_wrapper.o
                0x10082a9c                hqc_get_secret_key_size
 .text.hqc_get_ciphertext_size
                0x10082aa4        0x8 .\CortexM4\ARM_GCC_541\Debug\hqc_wrapper.o
                0x10082aa4                hqc_get_ciphertext_size
 .text.hqc_get_shared_secret_size
                0x10082aac        0x4 .\CortexM4\ARM_GCC_541\Debug\hqc_wrapper.o
                0x10082aac                hqc_get_shared_secret_size
 .text.hqc_keypair
                0x10082ab0       0x28 .\CortexM4\ARM_GCC_541\Debug\hqc_wrapper.o
                0x10082ab0                hqc_keypair
 .text.hqc_encapsulate
                0x10082ad8       0x30 .\CortexM4\ARM_GCC_541\Debug\hqc_wrapper.o
                0x10082ad8                hqc_encapsulate
 .text.hqc_decapsulate
                0x10082b08       0x3c .\CortexM4\ARM_GCC_541\Debug\hqc_wrapper.o
                0x10082b08                hqc_decapsulate
 .text.PQCLEAN_HQC256_CLEAN_crypto_kem_keypair
                0x10082b44        0xc .\CortexM4\ARM_GCC_541\Debug\kem.o
                0x10082b44                PQCLEAN_HQC256_CLEAN_crypto_kem_keypair
 .text.PQCLEAN_HQC256_CLEAN_crypto_kem_enc
                0x10082b50      0x12c .\CortexM4\ARM_GCC_541\Debug\kem.o
                0x10082b50                PQCLEAN_HQC256_CLEAN_crypto_kem_enc
 .text.PQCLEAN_HQC256_CLEAN_crypto_kem_dec
                0x10082c7c      0x1b0 .\CortexM4\ARM_GCC_541\Debug\kem.o
                0x10082c7c                PQCLEAN_HQC256_CLEAN_crypto_kem_dec
 .text.load8    0x10082e2c       0x2c .\CortexM4\ARM_GCC_541\Debug\parsing.o
 .text.PQCLEAN_HQC256_CLEAN_load8_arr
                0x10082e58       0xa4 .\CortexM4\ARM_GCC_541\Debug\parsing.o
                0x10082e58                PQCLEAN_HQC256_CLEAN_load8_arr
 .text.PQCLEAN_HQC256_CLEAN_store8_arr
                0x10082efc       0x54 .\CortexM4\ARM_GCC_541\Debug\parsing.o
                0x10082efc                PQCLEAN_HQC256_CLEAN_store8_arr
 .text.PQCLEAN_HQC256_CLEAN_hqc_secret_key_to_string
                0x10082f50       0x68 .\CortexM4\ARM_GCC_541\Debug\parsing.o
                0x10082f50                PQCLEAN_HQC256_CLEAN_hqc_secret_key_to_string
 .text.PQCLEAN_HQC256_CLEAN_hqc_secret_key_from_string
                0x10082fb8       0x74 .\CortexM4\ARM_GCC_541\Debug\parsing.o
                0x10082fb8                PQCLEAN_HQC256_CLEAN_hqc_secret_key_from_string
 .text.PQCLEAN_HQC256_CLEAN_hqc_public_key_to_string
                0x1008302c       0x3c .\CortexM4\ARM_GCC_541\Debug\parsing.o
                0x1008302c                PQCLEAN_HQC256_CLEAN_hqc_public_key_to_string
 .text.PQCLEAN_HQC256_CLEAN_hqc_public_key_from_string
                0x10083068       0x38 .\CortexM4\ARM_GCC_541\Debug\parsing.o
                0x10083068                PQCLEAN_HQC256_CLEAN_hqc_public_key_from_string
 .text.PQCLEAN_HQC256_CLEAN_hqc_ciphertext_to_string
                0x100830a0       0x40 .\CortexM4\ARM_GCC_541\Debug\parsing.o
                0x100830a0                PQCLEAN_HQC256_CLEAN_hqc_ciphertext_to_string
 .text.PQCLEAN_HQC256_CLEAN_hqc_ciphertext_from_string
                0x100830e0       0x48 .\CortexM4\ARM_GCC_541\Debug\parsing.o
                0x100830e0                PQCLEAN_HQC256_CLEAN_hqc_ciphertext_from_string
 .text.crypto_init
                0x10083128       0x38 .\CortexM4\ARM_GCC_541\Debug\randombytes.o
 .text.randombytes
                0x10083160       0x40 .\CortexM4\ARM_GCC_541\Debug\randombytes.o
                0x10083160                randombytes
 .text.encode   0x100831a0       0x6c .\CortexM4\ARM_GCC_541\Debug\reed_muller.o
 .text.hadamard
                0x1008320c       0x40 .\CortexM4\ARM_GCC_541\Debug\reed_muller.o
 .text.expand_and_sum
                0x1008324c       0xa4 .\CortexM4\ARM_GCC_541\Debug\reed_muller.o
 .text.find_peaks
                0x100832f0       0x54 .\CortexM4\ARM_GCC_541\Debug\reed_muller.o
 .text.PQCLEAN_HQC256_CLEAN_reed_muller_encode
                0x10083344       0x58 .\CortexM4\ARM_GCC_541\Debug\reed_muller.o
                0x10083344                PQCLEAN_HQC256_CLEAN_reed_muller_encode
 .text.PQCLEAN_HQC256_CLEAN_reed_muller_decode
                0x1008339c       0x44 .\CortexM4\ARM_GCC_541\Debug\reed_muller.o
                0x1008339c                PQCLEAN_HQC256_CLEAN_reed_muller_decode
 .text.correct_errors
                0x100833e0       0x1c .\CortexM4\ARM_GCC_541\Debug\reed_solomon.o
 .text.compute_syndromes
                0x100833fc       0x4c .\CortexM4\ARM_GCC_541\Debug\reed_solomon.o
 .text.compute_z_poly
                0x10083448       0x98 .\CortexM4\ARM_GCC_541\Debug\reed_solomon.o
 .text.compute_elp
                0x100834e0      0x17c .\CortexM4\ARM_GCC_541\Debug\reed_solomon.o
 .text.compute_error_values
                0x1008365c      0x18c .\CortexM4\ARM_GCC_541\Debug\reed_solomon.o
 .text.compute_roots
                0x100837e8       0x30 .\CortexM4\ARM_GCC_541\Debug\reed_solomon.o
 .text.PQCLEAN_HQC256_CLEAN_reed_solomon_encode
                0x10083818       0xd0 .\CortexM4\ARM_GCC_541\Debug\reed_solomon.o
                0x10083818                PQCLEAN_HQC256_CLEAN_reed_solomon_encode
 .text.PQCLEAN_HQC256_CLEAN_reed_solomon_decode
                0x100838e8       0xa4 .\CortexM4\ARM_GCC_541\Debug\reed_solomon.o
                0x100838e8                PQCLEAN_HQC256_CLEAN_reed_solomon_decode
 .text.PQCLEAN_HQC256_CLEAN_shake256_512_ds
                0x1008398c       0x3c .\CortexM4\ARM_GCC_541\Debug\shake_ds.o
                0x1008398c                PQCLEAN_HQC256_CLEAN_shake256_512_ds
 .text.PQCLEAN_HQC256_CLEAN_seedexpander_init
                0x100839c8       0x34 .\CortexM4\ARM_GCC_541\Debug\shake_prng.o
                0x100839c8                PQCLEAN_HQC256_CLEAN_seedexpander_init
 .text.PQCLEAN_HQC256_CLEAN_seedexpander
                0x100839fc       0x40 .\CortexM4\ARM_GCC_541\Debug\shake_prng.o
                0x100839fc                PQCLEAN_HQC256_CLEAN_seedexpander
 .text.PQCLEAN_HQC256_CLEAN_seedexpander_release
                0x10083a3c        0x8 .\CortexM4\ARM_GCC_541\Debug\shake_prng.o
                0x10083a3c                PQCLEAN_HQC256_CLEAN_seedexpander_release
 .text.single_bit_mask
                0x10083a44       0x50 .\CortexM4\ARM_GCC_541\Debug\vector.o
 .text.PQCLEAN_HQC256_CLEAN_vect_set_random_fixed_weight
                0x10083a94      0x180 .\CortexM4\ARM_GCC_541\Debug\vector.o
                0x10083a94                PQCLEAN_HQC256_CLEAN_vect_set_random_fixed_weight
 .text.PQCLEAN_HQC256_CLEAN_vect_set_random
                0x10083c14       0x4c .\CortexM4\ARM_GCC_541\Debug\vector.o
                0x10083c14                PQCLEAN_HQC256_CLEAN_vect_set_random
 .text.PQCLEAN_HQC256_CLEAN_vect_add
                0x10083c60       0x30 .\CortexM4\ARM_GCC_541\Debug\vector.o
                0x10083c60                PQCLEAN_HQC256_CLEAN_vect_add
 .text.PQCLEAN_HQC256_CLEAN_vect_compare
                0x10083c90       0x24 .\CortexM4\ARM_GCC_541\Debug\vector.o
                0x10083c90                PQCLEAN_HQC256_CLEAN_vect_compare
 .text.PQCLEAN_HQC256_CLEAN_vect_resize
                0x10083cb4       0x70 .\CortexM4\ARM_GCC_541\Debug\vector.o
                0x10083cb4                PQCLEAN_HQC256_CLEAN_vect_resize
 .text          0x10083d24       0x84 .\CortexM4\ARM_GCC_541\Debug\startup_psoc6_01_cm4.o
                0x10083d24                Cy_OnResetUser
                0x10083d26                Reset_Handler
                0x10083d88                cpuss_interrupts_ipc_6_IRQHandler
                0x10083d88                DebugMon_Handler
                0x10083d88                tcpwm_1_interrupts_11_IRQHandler
                0x10083d88                cpuss_interrupts_ipc_0_IRQHandler
                0x10083d88                tcpwm_1_interrupts_15_IRQHandler
                0x10083d88                ioss_interrupts_gpio_13_IRQHandler
                0x10083d88                tcpwm_1_interrupts_13_IRQHandler
                0x10083d88                cpuss_interrupts_dw1_8_IRQHandler
                0x10083d88                tcpwm_0_interrupts_0_IRQHandler
                0x10083d88                cpuss_interrupt_fm_IRQHandler
                0x10083d88                cpuss_interrupts_ipc_7_IRQHandler
                0x10083d88                tcpwm_1_interrupts_14_IRQHandler
                0x10083d88                cpuss_interrupts_dw0_5_IRQHandler
                0x10083d88                tcpwm_1_interrupts_9_IRQHandler
                0x10083d88                cpuss_interrupts_cm0_cti_1_IRQHandler
                0x10083d88                tcpwm_1_interrupts_22_IRQHandler
                0x10083d88                cpuss_interrupts_dw0_4_IRQHandler
                0x10083d88                NMI_Handler
                0x10083d88                cpuss_interrupts_dw1_12_IRQHandler
                0x10083d88                tcpwm_1_interrupts_12_IRQHandler
                0x10083d88                smif_interrupt_IRQHandler
                0x10083d88                tcpwm_1_interrupts_2_IRQHandler
                0x10083d88                cpuss_interrupts_ipc_13_IRQHandler
                0x10083d88                udb_interrupts_11_IRQHandler
                0x10083d88                tcpwm_1_interrupts_18_IRQHandler
                0x10083d88                cpuss_interrupts_dw0_11_IRQHandler
                0x10083d88                tcpwm_0_interrupts_2_IRQHandler
                0x10083d88                cpuss_interrupts_dw0_13_IRQHandler
                0x10083d88                udb_interrupts_2_IRQHandler
                0x10083d88                cpuss_interrupts_dw1_7_IRQHandler
                0x10083d88                ioss_interrupts_gpio_1_IRQHandler
                0x10083d88                ioss_interrupts_gpio_7_IRQHandler
                0x10083d88                scb_5_interrupt_IRQHandler
                0x10083d88                udb_interrupts_6_IRQHandler
                0x10083d88                cpuss_interrupts_fault_1_IRQHandler
                0x10083d88                cpuss_interrupts_ipc_4_IRQHandler
                0x10083d88                cpuss_interrupts_ipc_5_IRQHandler
                0x10083d88                cpuss_interrupts_dw1_10_IRQHandler
                0x10083d88                udb_interrupts_0_IRQHandler
                0x10083d88                tcpwm_1_interrupts_6_IRQHandler
                0x10083d88                scb_4_interrupt_IRQHandler
                0x10083d88                pass_interrupt_dacs_IRQHandler
                0x10083d88                ioss_interrupts_gpio_2_IRQHandler
                0x10083d88                cpuss_interrupts_dw1_9_IRQHandler
                0x10083d88                cpuss_interrupts_dw1_13_IRQHandler
                0x10083d88                scb_2_interrupt_IRQHandler
                0x10083d88                cpuss_interrupts_cm0_cti_0_IRQHandler
                0x10083d88                udb_interrupts_5_IRQHandler
                0x10083d88                srss_interrupt_IRQHandler
                0x10083d88                udb_interrupts_12_IRQHandler
                0x10083d88                scb_0_interrupt_IRQHandler
                0x10083d88                csd_interrupt_IRQHandler
                0x10083d88                udb_interrupts_1_IRQHandler
                0x10083d88                profile_interrupt_IRQHandler
                0x10083d88                tcpwm_1_interrupts_1_IRQHandler
                0x10083d88                cpuss_interrupts_ipc_12_IRQHandler
                0x10083d88                tcpwm_1_interrupts_3_IRQHandler
                0x10083d88                tcpwm_0_interrupts_7_IRQHandler
                0x10083d88                cpuss_interrupts_dw1_1_IRQHandler
                0x10083d88                cpuss_interrupts_dw1_0_IRQHandler
                0x10083d88                cpuss_interrupts_dw0_9_IRQHandler
                0x10083d88                lpcomp_interrupt_IRQHandler
                0x10083d88                tcpwm_1_interrupts_23_IRQHandler
                0x10083d88                udb_interrupts_4_IRQHandler
                0x10083d88                tcpwm_1_interrupts_20_IRQHandler
                0x10083d88                ioss_interrupt_gpio_IRQHandler
                0x10083d88                tcpwm_0_interrupts_1_IRQHandler
                0x10083d88                ioss_interrupts_gpio_8_IRQHandler
                0x10083d88                tcpwm_0_interrupts_6_IRQHandler
                0x10083d88                scb_7_interrupt_IRQHandler
                0x10083d88                tcpwm_1_interrupts_7_IRQHandler
                0x10083d88                cpuss_interrupts_ipc_11_IRQHandler
                0x10083d88                udb_interrupts_13_IRQHandler
                0x10083d88                cpuss_interrupts_dw0_15_IRQHandler
                0x10083d88                udb_interrupts_7_IRQHandler
                0x10083d88                cpuss_interrupts_dw1_6_IRQHandler
                0x10083d88                cpuss_interrupt_crypto_IRQHandler
                0x10083d88                scb_1_interrupt_IRQHandler
                0x10083d88                Default_Handler
                0x10083d88                usb_interrupt_hi_IRQHandler
                0x10083d88                tcpwm_1_interrupts_0_IRQHandler
                0x10083d88                udb_interrupts_9_IRQHandler
                0x10083d88                audioss_interrupt_pdm_IRQHandler
                0x10083d88                srss_interrupt_mcwdt_0_IRQHandler
                0x10083d88                scb_3_interrupt_IRQHandler
                0x10083d88                pass_interrupt_ctbs_IRQHandler
                0x10083d88                udb_interrupts_8_IRQHandler
                0x10083d88                ioss_interrupts_gpio_3_IRQHandler
                0x10083d88                scb_6_interrupt_IRQHandler
                0x10083d88                cpuss_interrupts_cm4_cti_0_IRQHandler
                0x10083d88                cpuss_interrupts_dw1_3_IRQHandler
                0x10083d88                pass_interrupt_sar_IRQHandler
                0x10083d88                ioss_interrupts_gpio_0_IRQHandler
                0x10083d88                ioss_interrupts_gpio_14_IRQHandler
                0x10083d88                tcpwm_0_interrupts_4_IRQHandler
                0x10083d88                udb_interrupts_3_IRQHandler
                0x10083d88                tcpwm_0_interrupts_5_IRQHandler
                0x10083d88                cpuss_interrupts_ipc_15_IRQHandler
                0x10083d88                cpuss_interrupts_cm4_cti_1_IRQHandler
                0x10083d88                scb_8_interrupt_IRQHandler
                0x10083d88                srss_interrupt_mcwdt_1_IRQHandler
                0x10083d88                cpuss_interrupts_dw1_2_IRQHandler
                0x10083d88                cpuss_interrupts_dw1_5_IRQHandler
                0x10083d88                cpuss_interrupts_ipc_1_IRQHandler
                0x10083d88                cpuss_interrupts_dw0_0_IRQHandler
                0x10083d88                ioss_interrupts_gpio_12_IRQHandler
                0x10083d88                cpuss_interrupts_ipc_3_IRQHandler
                0x10083d88                tcpwm_1_interrupts_17_IRQHandler
                0x10083d88                srss_interrupt_backup_IRQHandler
                0x10083d88                bless_interrupt_IRQHandler
                0x10083d88                cpuss_interrupts_ipc_10_IRQHandler
                0x10083d88                cpuss_interrupts_ipc_9_IRQHandler
                0x10083d88                cpuss_interrupts_dw0_14_IRQHandler
                0x10083d88                tcpwm_1_interrupts_4_IRQHandler
                0x10083d88                tcpwm_0_interrupts_3_IRQHandler
                0x10083d88                cpuss_interrupts_dw1_15_IRQHandler
                0x10083d88                ioss_interrupts_gpio_10_IRQHandler
                0x10083d88                udb_interrupts_10_IRQHandler
                0x10083d88                cpuss_interrupts_dw0_8_IRQHandler
                0x10083d88                ioss_interrupts_gpio_11_IRQHandler
                0x10083d88                cpuss_interrupts_ipc_14_IRQHandler
                0x10083d88                ioss_interrupts_gpio_5_IRQHandler
                0x10083d88                ioss_interrupts_gpio_4_IRQHandler
                0x10083d88                tcpwm_1_interrupts_8_IRQHandler
                0x10083d88                cpuss_interrupts_dw1_14_IRQHandler
                0x10083d88                usb_interrupt_med_IRQHandler
                0x10083d88                cpuss_interrupts_dw0_2_IRQHandler
                0x10083d88                tcpwm_1_interrupts_10_IRQHandler
                0x10083d88                cpuss_interrupts_fault_0_IRQHandler
                0x10083d88                cpuss_interrupts_dw0_12_IRQHandler
                0x10083d88                ioss_interrupts_gpio_6_IRQHandler
                0x10083d88                tcpwm_1_interrupts_21_IRQHandler
                0x10083d88                tcpwm_1_interrupts_16_IRQHandler
                0x10083d88                cpuss_interrupts_dw1_4_IRQHandler
                0x10083d88                udb_interrupts_15_IRQHandler
                0x10083d88                cpuss_interrupts_dw1_11_IRQHandler
                0x10083d88                cpuss_interrupts_dw0_6_IRQHandler
                0x10083d88                ioss_interrupt_vdd_IRQHandler
                0x10083d88                cpuss_interrupts_dw0_7_IRQHandler
                0x10083d88                audioss_interrupt_i2s_IRQHandler
                0x10083d88                tcpwm_1_interrupts_5_IRQHandler
                0x10083d88                cpuss_interrupts_ipc_2_IRQHandler
                0x10083d88                cpuss_interrupts_dw0_10_IRQHandler
                0x10083d88                tcpwm_1_interrupts_19_IRQHandler
                0x10083d88                cpuss_interrupts_dw0_1_IRQHandler
                0x10083d88                ioss_interrupts_gpio_9_IRQHandler
                0x10083d88                usb_interrupt_lo_IRQHandler
                0x10083d88                cpuss_interrupts_ipc_8_IRQHandler
                0x10083d88                udb_interrupts_14_IRQHandler
                0x10083d88                cpuss_interrupts_dw0_3_IRQHandler
                0x10083d8c                UsageFault_Handler
                0x10083d8c                HardFault_Handler
                0x10083d8c                MemManage_Handler
                0x10083d8c                BusFault_Handler
 .text.Cy_SysIpcPipeIsrCm4
                0x10083da8        0xc .\CortexM4\ARM_GCC_541\Debug\system_psoc6_cm4.o
                0x10083da8                Cy_SysIpcPipeIsrCm4
 .text.Cy_SystemInit
                0x10083db4        0x4 .\CortexM4\ARM_GCC_541\Debug\system_psoc6_cm4.o
                0x10083db4                Cy_SystemInit
 .text.SystemCoreClockUpdate
                0x10083db8      0x190 .\CortexM4\ARM_GCC_541\Debug\system_psoc6_cm4.o
                0x10083db8                SystemCoreClockUpdate
 .text.SystemInit
                0x10083f48       0x48 .\CortexM4\ARM_GCC_541\Debug\system_psoc6_cm4.o
                0x10083f48                SystemInit
 .text.Cy_SystemInitFpuEnable
                0x10083f90       0x28 .\CortexM4\ARM_GCC_541\Debug\system_psoc6_cm4.o
                0x10083f90                Cy_SystemInitFpuEnable
 .text.UART_Isr
                0x10083fb8       0x74 .\CortexM4\ARM_GCC_541\Debug\uartTask.o
 .text.uartTask
                0x1008402c       0xec .\CortexM4\ARM_GCC_541\Debug\uartTask.o
                0x1008402c                uartTask
 .text.main     0x10084118       0x48 .\CortexM4\ARM_GCC_541\Debug\main_cm4.o
                0x10084118                main
 .text.mainTask
                0x10084160      0x138 .\CortexM4\ARM_GCC_541\Debug\mainTask.o
                0x10084160                mainTask
 .text.STDIO_PutChar
                0x10084298       0x18 .\CortexM4\ARM_GCC_541\Debug\stdio_user.o
                0x10084298                STDIO_PutChar
 .text.STDIO_GetChar
                0x100842b0       0x1c .\CortexM4\ARM_GCC_541\Debug\stdio_user.o
                0x100842b0                STDIO_GetChar
 .text.Cy_Flash_ProcessOpcode
                0x100842cc       0xac .\CortexM4\ARM_GCC_541\Debug\cy_flash.o
 .text.Cy_Flash_OperationStatus
                0x10084378       0x5c .\CortexM4\ARM_GCC_541\Debug\cy_flash.o
 .text.Cy_Flash_InitExt
                0x100843d4       0x80 .\CortexM4\ARM_GCC_541\Debug\cy_flash.o
                0x100843d4                Cy_Flash_InitExt
 .text.Cy_Flash_Init
                0x10084454       0x10 .\CortexM4\ARM_GCC_541\Debug\cy_flash.o
                0x10084454                Cy_Flash_Init
 .text.Cy_IPC_Drv_LockRelease
                0x10084464       0x3c .\CortexM4\ARM_GCC_541\Debug\cy_ipc_drv.o
                0x10084464                Cy_IPC_Drv_LockRelease
 .text.Cy_IPC_Drv_SendMsgWord
                0x100844a0       0x3c .\CortexM4\ARM_GCC_541\Debug\cy_ipc_drv.o
                0x100844a0                Cy_IPC_Drv_SendMsgWord
 .text.Cy_IPC_Drv_ReadMsgWord
                0x100844dc       0x38 .\CortexM4\ARM_GCC_541\Debug\cy_ipc_drv.o
                0x100844dc                Cy_IPC_Drv_ReadMsgWord
 .text.Cy_IPC_Sema_InitExt
                0x10084514       0xac .\CortexM4\ARM_GCC_541\Debug\cy_ipc_sema.o
                0x10084514                Cy_IPC_Sema_InitExt
 .text.Cy_IPC_Sema_Init
                0x100845c0       0x64 .\CortexM4\ARM_GCC_541\Debug\cy_ipc_sema.o
                0x100845c0                Cy_IPC_Sema_Init
 .text.Cy_IPC_Sema_Clear
                0x10084624       0x88 .\CortexM4\ARM_GCC_541\Debug\cy_ipc_sema.o
                0x10084624                Cy_IPC_Sema_Clear
 .text.Cy_IPC_Sema_Status
                0x100846ac       0x40 .\CortexM4\ARM_GCC_541\Debug\cy_ipc_sema.o
                0x100846ac                Cy_IPC_Sema_Status
 .text.Cy_IPC_Pipe_Config
                0x100846ec       0x10 .\CortexM4\ARM_GCC_541\Debug\cy_ipc_pipe.o
                0x100846ec                Cy_IPC_Pipe_Config
 .text.Cy_IPC_Pipe_EndpointInit
                0x100846fc       0xd0 .\CortexM4\ARM_GCC_541\Debug\cy_ipc_pipe.o
                0x100846fc                Cy_IPC_Pipe_EndpointInit
 .text.Cy_IPC_Pipe_Init
                0x100847cc       0xb4 .\CortexM4\ARM_GCC_541\Debug\cy_ipc_pipe.o
                0x100847cc                Cy_IPC_Pipe_Init
 .text.Cy_IPC_Pipe_SendMessage
                0x10084880       0xa4 .\CortexM4\ARM_GCC_541\Debug\cy_ipc_pipe.o
                0x10084880                Cy_IPC_Pipe_SendMessage
 .text.Cy_IPC_Pipe_RegisterCallback
                0x10084924       0x50 .\CortexM4\ARM_GCC_541\Debug\cy_ipc_pipe.o
                0x10084924                Cy_IPC_Pipe_RegisterCallback
 .text.Cy_IPC_Pipe_ExecCallback
                0x10084974       0xbc .\CortexM4\ARM_GCC_541\Debug\cy_ipc_pipe.o
                0x10084974                Cy_IPC_Pipe_ExecCallback
 .text.Cy_IPC_Pipe_ExecuteCallback
                0x10084a30       0x2c .\CortexM4\ARM_GCC_541\Debug\cy_ipc_pipe.o
                0x10084a30                Cy_IPC_Pipe_ExecuteCallback
 .text.Cy_SysInt_SetVector
                0x10084a5c       0x48 .\CortexM4\ARM_GCC_541\Debug\cy_sysint.o
                0x10084a5c                Cy_SysInt_SetVector
 .text.Cy_SysInt_Init
                0x10084aa4       0x74 .\CortexM4\ARM_GCC_541\Debug\cy_sysint.o
                0x10084aa4                Cy_SysInt_Init
 .text.Cy_SysLib_Halt
                0x10084b18        0x4 .\CortexM4\ARM_GCC_541\Debug\cy_syslib.o
                0x10084b18                Cy_SysLib_Halt
 .text.Cy_SysLib_AssertFailed
                0x10084b1c       0x1c .\CortexM4\ARM_GCC_541\Debug\cy_syslib.o
                0x10084b1c                Cy_SysLib_AssertFailed
 .text.Cy_SysLib_ProcessingFault
                0x10084b38        0x4 .\CortexM4\ARM_GCC_541\Debug\cy_syslib.o
                0x10084b38                Cy_SysLib_ProcessingFault
 .text.Cy_SysLib_FaultHandler
                0x10084b3c       0xa4 .\CortexM4\ARM_GCC_541\Debug\cy_syslib.o
                0x10084b3c                Cy_SysLib_FaultHandler
 .text          0x10084be0       0x20 .\CortexM4\ARM_GCC_541\Debug\cy_syslib_gcc.o
                0x10084be0                Cy_SysLib_DelayCycles
                0x10084bf2                Cy_SysLib_EnterCriticalSection
                0x10084bfa                Cy_SysLib_ExitCriticalSection
 .text.Cy_PDL_Init
                0x10084c00        0xc .\CortexM4\ARM_GCC_541\Debug\cy_device.o
                0x10084c00                Cy_PDL_Init
 .text.Cy_SCB_ReadArrayNoCheck
                0x10084c0c       0x38 .\CortexM4\ARM_GCC_541\Debug\cy_scb_common.o
                0x10084c0c                Cy_SCB_ReadArrayNoCheck
 .text.Cy_SCB_ReadArray
                0x10084c44       0x1c .\CortexM4\ARM_GCC_541\Debug\cy_scb_common.o
                0x10084c44                Cy_SCB_ReadArray
 .text.Cy_SCB_Write
                0x10084c60       0x28 .\CortexM4\ARM_GCC_541\Debug\cy_scb_common.o
                0x10084c60                Cy_SCB_Write
 .text.Cy_SCB_WriteArrayNoCheck
                0x10084c88       0x38 .\CortexM4\ARM_GCC_541\Debug\cy_scb_common.o
                0x10084c88                Cy_SCB_WriteArrayNoCheck
 .text.Cy_SCB_WriteArray
                0x10084cc0       0x2c .\CortexM4\ARM_GCC_541\Debug\cy_scb_common.o
                0x10084cc0                Cy_SCB_WriteArray
 .text.HandleDataTransmit
                0x10084cec       0xdc .\CortexM4\ARM_GCC_541\Debug\cy_scb_uart.o
 .text.HandleDataReceive
                0x10084dc8       0xf8 .\CortexM4\ARM_GCC_541\Debug\cy_scb_uart.o
 .text.Cy_SCB_UART_Init
                0x10084ec0      0x364 .\CortexM4\ARM_GCC_541\Debug\cy_scb_uart.o
                0x10084ec0                Cy_SCB_UART_Init
 .text.Cy_SCB_UART_GetNumInRingBuffer
                0x10085224       0x18 .\CortexM4\ARM_GCC_541\Debug\cy_scb_uart.o
                0x10085224                Cy_SCB_UART_GetNumInRingBuffer
 .text.HandleRingBuffer
                0x1008523c       0xcc .\CortexM4\ARM_GCC_541\Debug\cy_scb_uart.o
 .text.Cy_SCB_UART_Interrupt
                0x10085308       0xe8 .\CortexM4\ARM_GCC_541\Debug\cy_scb_uart.o
                0x10085308                Cy_SCB_UART_Interrupt
 .text.vListInitialise
                0x100853f0       0x18 .\CortexM4\ARM_GCC_541\Debug\list.o
                0x100853f0                vListInitialise
 .text.vListInitialiseItem
                0x10085408        0x8 .\CortexM4\ARM_GCC_541\Debug\list.o
                0x10085408                vListInitialiseItem
 .text.vListInsertEnd
                0x10085410       0x18 .\CortexM4\ARM_GCC_541\Debug\list.o
                0x10085410                vListInsertEnd
 .text.vListInsert
                0x10085428       0x34 .\CortexM4\ARM_GCC_541\Debug\list.o
                0x10085428                vListInsert
 .text.uxListRemove
                0x1008545c       0x28 .\CortexM4\ARM_GCC_541\Debug\list.o
                0x1008545c                uxListRemove
 .text.prvIsQueueFull
                0x10085484       0x20 .\CortexM4\ARM_GCC_541\Debug\queue.o
 .text.prvIsQueueEmpty
                0x100854a4       0x1c .\CortexM4\ARM_GCC_541\Debug\queue.o
 .text.prvCopyDataToQueue
                0x100854c0       0x54 .\CortexM4\ARM_GCC_541\Debug\queue.o
 .text.prvCopyDataFromQueue
                0x10085514       0x24 .\CortexM4\ARM_GCC_541\Debug\queue.o
 .text.prvUnlockQueue
                0x10085538       0x68 .\CortexM4\ARM_GCC_541\Debug\queue.o
 .text.xQueueGenericReset
                0x100855a0       0x80 .\CortexM4\ARM_GCC_541\Debug\queue.o
                0x100855a0                xQueueGenericReset
 .text.prvInitialiseNewQueue
                0x10085620       0x1c .\CortexM4\ARM_GCC_541\Debug\queue.o
 .text.xQueueGenericCreate
                0x1008563c       0x4c .\CortexM4\ARM_GCC_541\Debug\queue.o
                0x1008563c                xQueueGenericCreate
 .text.xQueueGenericSend
                0x10085688      0x190 .\CortexM4\ARM_GCC_541\Debug\queue.o
                0x10085688                xQueueGenericSend
 .text.xQueueGenericSendFromISR
                0x10085818       0xe4 .\CortexM4\ARM_GCC_541\Debug\queue.o
                0x10085818                xQueueGenericSendFromISR
 .text.xQueueGiveFromISR
                0x100858fc       0xbc .\CortexM4\ARM_GCC_541\Debug\queue.o
                0x100858fc                xQueueGiveFromISR
 .text.xQueueReceive
                0x100859b8      0x158 .\CortexM4\ARM_GCC_541\Debug\queue.o
                0x100859b8                xQueueReceive
 .text.xQueueSemaphoreTake
                0x10085b10      0x140 .\CortexM4\ARM_GCC_541\Debug\queue.o
                0x10085b10                xQueueSemaphoreTake
 .text.vQueueAddToRegistry
                0x10085c50       0x28 .\CortexM4\ARM_GCC_541\Debug\queue.o
                0x10085c50                vQueueAddToRegistry
 .text.vQueueWaitForMessageRestricted
                0x10085c78       0x4c .\CortexM4\ARM_GCC_541\Debug\queue.o
                0x10085c78                vQueueWaitForMessageRestricted
 .text.prvResetNextTaskUnblockTime
                0x10085cc4       0x2c .\CortexM4\ARM_GCC_541\Debug\tasks.o
 .text.prvDeleteTCB
                0x10085cf0       0x14 .\CortexM4\ARM_GCC_541\Debug\tasks.o
 .text.prvInitialiseNewTask
                0x10085d04       0xa0 .\CortexM4\ARM_GCC_541\Debug\tasks.o
 .text.prvInitialiseTaskLists
                0x10085da4       0x58 .\CortexM4\ARM_GCC_541\Debug\tasks.o
 .text.prvAddNewTaskToReadyList
                0x10085dfc       0xac .\CortexM4\ARM_GCC_541\Debug\tasks.o
 .text.prvCheckTasksWaitingTermination
                0x10085ea8       0x44 .\CortexM4\ARM_GCC_541\Debug\tasks.o
 .text.prvIdleTask
                0x10085eec       0x28 .\CortexM4\ARM_GCC_541\Debug\tasks.o
 .text.prvAddCurrentTaskToDelayedList
                0x10085f14       0x68 .\CortexM4\ARM_GCC_541\Debug\tasks.o
 .text.xTaskCreate
                0x10085f7c       0x64 .\CortexM4\ARM_GCC_541\Debug\tasks.o
                0x10085f7c                xTaskCreate
 .text.vTaskStartScheduler
                0x10085fe0       0x7c .\CortexM4\ARM_GCC_541\Debug\tasks.o
                0x10085fe0                vTaskStartScheduler
 .text.vTaskSuspendAll
                0x1008605c       0x14 .\CortexM4\ARM_GCC_541\Debug\tasks.o
                0x1008605c                vTaskSuspendAll
 .text.xTaskGetTickCount
                0x10086070        0xc .\CortexM4\ARM_GCC_541\Debug\tasks.o
                0x10086070                xTaskGetTickCount
 .text.xTaskIncrementTick
                0x1008607c       0xfc .\CortexM4\ARM_GCC_541\Debug\tasks.o
                0x1008607c                xTaskIncrementTick
 .text.xTaskResumeAll
                0x10086178       0xf0 .\CortexM4\ARM_GCC_541\Debug\tasks.o
                0x10086178                xTaskResumeAll
 .text.vTaskSwitchContext
                0x10086268       0xc8 .\CortexM4\ARM_GCC_541\Debug\tasks.o
                0x10086268                vTaskSwitchContext
 .text.vTaskPlaceOnEventList
                0x10086330       0x34 .\CortexM4\ARM_GCC_541\Debug\tasks.o
                0x10086330                vTaskPlaceOnEventList
 .text.vTaskPlaceOnEventListRestricted
                0x10086364       0x3c .\CortexM4\ARM_GCC_541\Debug\tasks.o
                0x10086364                vTaskPlaceOnEventListRestricted
 .text.xTaskRemoveFromEventList
                0x100863a0       0x88 .\CortexM4\ARM_GCC_541\Debug\tasks.o
                0x100863a0                xTaskRemoveFromEventList
 .text.vTaskInternalSetTimeOutState
                0x10086428       0x14 .\CortexM4\ARM_GCC_541\Debug\tasks.o
                0x10086428                vTaskInternalSetTimeOutState
 .text.xTaskCheckForTimeOut
                0x1008643c       0x80 .\CortexM4\ARM_GCC_541\Debug\tasks.o
                0x1008643c                xTaskCheckForTimeOut
 .text.vTaskMissedYield
                0x100864bc       0x10 .\CortexM4\ARM_GCC_541\Debug\tasks.o
                0x100864bc                vTaskMissedYield
 .text.xTaskGetSchedulerState
                0x100864cc       0x20 .\CortexM4\ARM_GCC_541\Debug\tasks.o
                0x100864cc                xTaskGetSchedulerState
 .text.prvGetNextExpireTime
                0x100864ec       0x20 .\CortexM4\ARM_GCC_541\Debug\timers.o
 .text.prvInsertTimerInActiveList
                0x1008650c       0x44 .\CortexM4\ARM_GCC_541\Debug\timers.o
 .text.prvCheckForValidListAndQueue
                0x10086550       0x48 .\CortexM4\ARM_GCC_541\Debug\timers.o
 .text.xTimerCreateTimerTask
                0x10086598       0x50 .\CortexM4\ARM_GCC_541\Debug\timers.o
                0x10086598                xTimerCreateTimerTask
 .text.xTimerGenericCommand
                0x100865e8       0x6c .\CortexM4\ARM_GCC_541\Debug\timers.o
                0x100865e8                xTimerGenericCommand
 .text.prvSwitchTimerLists
                0x10086654       0x74 .\CortexM4\ARM_GCC_541\Debug\timers.o
 .text.prvSampleTimeNow
                0x100866c8       0x2c .\CortexM4\ARM_GCC_541\Debug\timers.o
 .text.prvProcessExpiredTimer
                0x100866f4       0x5c .\CortexM4\ARM_GCC_541\Debug\timers.o
 .text.prvProcessTimerOrBlockTask
                0x10086750       0x70 .\CortexM4\ARM_GCC_541\Debug\timers.o
 .text.prvProcessReceivedCommands
                0x100867c0       0xbc .\CortexM4\ARM_GCC_541\Debug\timers.o
 .text.prvTimerTask
                0x1008687c       0x18 .\CortexM4\ARM_GCC_541\Debug\timers.o
 .text.prvTaskExitError
                0x10086894       0x40 .\CortexM4\ARM_GCC_541\Debug\port.o
 .text.prvPortStartFirstTask
                0x100868d4       0x28 .\CortexM4\ARM_GCC_541\Debug\port.o
 .text.vPortEnableVFP
                0x100868fc       0x14 .\CortexM4\ARM_GCC_541\Debug\port.o
 .text.pxPortInitialiseStack
                0x10086910       0x2c .\CortexM4\ARM_GCC_541\Debug\port.o
                0x10086910                pxPortInitialiseStack
 *fill*         0x1008693c        0x4 
 .text.SVC_Handler
                0x10086940       0x24 .\CortexM4\ARM_GCC_541\Debug\port.o
                0x10086940                SVC_Handler
 .text.vPortEnterCritical
                0x10086964       0x44 .\CortexM4\ARM_GCC_541\Debug\port.o
                0x10086964                vPortEnterCritical
 .text.vPortExitCritical
                0x100869a8       0x2c .\CortexM4\ARM_GCC_541\Debug\port.o
                0x100869a8                vPortExitCritical
 *fill*         0x100869d4        0xc 
 .text.PendSV_Handler
                0x100869e0       0x64 .\CortexM4\ARM_GCC_541\Debug\port.o
                0x100869e0                PendSV_Handler
 .text.SysTick_Handler
                0x10086a44       0x2c .\CortexM4\ARM_GCC_541\Debug\port.o
                0x10086a44                SysTick_Handler
 .text.vPortSetupTimerInterrupt
                0x10086a70       0x38 .\CortexM4\ARM_GCC_541\Debug\port.o
                0x10086a70                vPortSetupTimerInterrupt
 .text.xPortStartScheduler
                0x10086aa8       0xc4 .\CortexM4\ARM_GCC_541\Debug\port.o
                0x10086aa8                xPortStartScheduler
 .text.vPortValidateInterruptPriority
                0x10086b6c       0x58 .\CortexM4\ARM_GCC_541\Debug\port.o
                0x10086b6c                vPortValidateInterruptPriority
 .text.vApplicationStackOverflowHook
                0x10086bc4       0x24 .\CortexM4\ARM_GCC_541\Debug\port.o
                0x10086bc4                vApplicationStackOverflowHook
 .text.pvPortMalloc
                0x10086be8       0x60 .\CortexM4\ARM_GCC_541\Debug\heap_1.o
                0x10086be8                pvPortMalloc
 .text.vPortFree
                0x10086c48       0x18 .\CortexM4\ARM_GCC_541\Debug\heap_1.o
                0x10086c48                vPortFree
 .text._write   0x10086c60       0x24 .\CortexM4\ARM_GCC_541\Debug\retarget.o
                0x10086c60                _write
 .text._read    0x10086c84       0x2c .\CortexM4\ARM_GCC_541\Debug\retarget.o
                0x10086c84                _read
 .text.UART_Interrupt
                0x10086cb0       0x14 .\CortexM4\ARM_GCC_541\Debug\UART.o
 .text.UART_Start
                0x10086cc4       0x64 .\CortexM4\ARM_GCC_541\Debug\UART.o
                0x10086cc4                UART_Start
 .text.Cy_Crypto_Client_ReleaseIntrHndlr
                0x10086d28       0x38 Generated_Source\PSoC6\pdl\drivers\peripheral\crypto\libs\cy_crypto_client_gcc.a(cy_crypto.o)
 .text.Cy_Crypto_IsServerStarted
                0x10086d60       0x28 Generated_Source\PSoC6\pdl\drivers\peripheral\crypto\libs\cy_crypto_client_gcc.a(cy_crypto.o)
 .text.Cy_Crypto_IsServerReady.isra.0
                0x10086d88       0x24 Generated_Source\PSoC6\pdl\drivers\peripheral\crypto\libs\cy_crypto_client_gcc.a(cy_crypto.o)
 .text.Cy_Crypto_Client_Send
                0x10086dac       0x68 Generated_Source\PSoC6\pdl\drivers\peripheral\crypto\libs\cy_crypto_client_gcc.a(cy_crypto.o)
 .text.Cy_Crypto_Sync
                0x10086e14       0x58 Generated_Source\PSoC6\pdl\drivers\peripheral\crypto\libs\cy_crypto_client_gcc.a(cy_crypto.o)
                0x10086e14                Cy_Crypto_Sync
 .text.Cy_Crypto_Init
                0x10086e6c       0xa0 Generated_Source\PSoC6\pdl\drivers\peripheral\crypto\libs\cy_crypto_client_gcc.a(cy_crypto.o)
                0x10086e6c                Cy_Crypto_Init
 .text.Cy_Crypto_Enable
                0x10086f0c       0x30 Generated_Source\PSoC6\pdl\drivers\peripheral\crypto\libs\cy_crypto_client_gcc.a(cy_crypto.o)
                0x10086f0c                Cy_Crypto_Enable
 .text.Cy_Crypto_Trng_Generate
                0x10086f3c       0x28 Generated_Source\PSoC6\pdl\drivers\peripheral\crypto\libs\cy_crypto_client_gcc.a(cy_crypto.o)
                0x10086f3c                Cy_Crypto_Trng_Generate
 .text.__NVIC_ClearPendingIRQ
                0x10086f64       0x1c Generated_Source\PSoC6\pdl\drivers\peripheral\crypto\libs\cy_crypto_server_gcc.a(cy_crypto_server.o)
 .text.Cy_Crypto_Server_ErrorHandler
                0x10086f80       0x50 Generated_Source\PSoC6\pdl\drivers\peripheral\crypto\libs\cy_crypto_server_gcc.a(cy_crypto_server.o)
                0x10086f80                Cy_Crypto_Server_ErrorHandler
 .text.Cy_Crypto_Server_Start_Common
                0x10086fd0       0xcc Generated_Source\PSoC6\pdl\drivers\peripheral\crypto\libs\cy_crypto_server_gcc.a(cy_crypto_server.o)
 .text.Cy_Crypto_Server_Start_Full
                0x1008709c       0x34 Generated_Source\PSoC6\pdl\drivers\peripheral\crypto\libs\cy_crypto_server_gcc.a(cy_crypto_server.o)
                0x1008709c                Cy_Crypto_Server_Start_Full
 .text.Cy_Crypto_Server_Process
                0x100870d0      0x330 Generated_Source\PSoC6\pdl\drivers\peripheral\crypto\libs\cy_crypto_server_gcc.a(cy_crypto_server.o)
                0x100870d0                Cy_Crypto_Server_Process
 .text.Cy_Crypto_Server_GetDataHandler
                0x10087400       0x54 Generated_Source\PSoC6\pdl\drivers\peripheral\crypto\libs\cy_crypto_server_gcc.a(cy_crypto_server.o)
                0x10087400                Cy_Crypto_Server_GetDataHandler
 .text.Cy_Crypto_Core_V1_Aes_ProcessBlock
                0x10087454       0x44 Generated_Source\PSoC6\pdl\drivers\peripheral\crypto\libs\cy_crypto_server_gcc.a(cy_crypto_core_aes_v1.o)
                0x10087454                Cy_Crypto_Core_V1_Aes_ProcessBlock
 .text.Cy_Crypto_Core_V1_Aes_Xor
                0x10087498       0x34 Generated_Source\PSoC6\pdl\drivers\peripheral\crypto\libs\cy_crypto_server_gcc.a(cy_crypto_core_aes_v1.o)
                0x10087498                Cy_Crypto_Core_V1_Aes_Xor
 .text.Cy_Crypto_Core_V1_Aes_Init
                0x100874cc       0x58 Generated_Source\PSoC6\pdl\drivers\peripheral\crypto\libs\cy_crypto_server_gcc.a(cy_crypto_core_aes_v1.o)
                0x100874cc                Cy_Crypto_Core_V1_Aes_Init
 .text.Cy_Crypto_Core_V1_Aes_Ecb
                0x10087524       0x40 Generated_Source\PSoC6\pdl\drivers\peripheral\crypto\libs\cy_crypto_server_gcc.a(cy_crypto_core_aes_v1.o)
                0x10087524                Cy_Crypto_Core_V1_Aes_Ecb
 .text.Cy_Crypto_Core_V1_Aes_Cbc
                0x10087564       0xf0 Generated_Source\PSoC6\pdl\drivers\peripheral\crypto\libs\cy_crypto_server_gcc.a(cy_crypto_core_aes_v1.o)
                0x10087564                Cy_Crypto_Core_V1_Aes_Cbc
 .text.Cy_Crypto_Core_V1_Aes_Cfb
                0x10087654       0xa8 Generated_Source\PSoC6\pdl\drivers\peripheral\crypto\libs\cy_crypto_server_gcc.a(cy_crypto_core_aes_v1.o)
                0x10087654                Cy_Crypto_Core_V1_Aes_Cfb
 .text.Cy_Crypto_Core_V1_Aes_Ctr
                0x100876fc       0xc6 Generated_Source\PSoC6\pdl\drivers\peripheral\crypto\libs\cy_crypto_server_gcc.a(cy_crypto_core_aes_v1.o)
                0x100876fc                Cy_Crypto_Core_V1_Aes_Ctr
 .text.Cy_Crypto_Core_V1_Cmac_CalcSubKey
                0x100877c2       0x2a Generated_Source\PSoC6\pdl\drivers\peripheral\crypto\libs\cy_crypto_server_gcc.a(cy_crypto_core_cmac_v1.o)
 .text.Cy_Crypto_Core_V1_Cmac_Start
                0x100877ec       0x2a Generated_Source\PSoC6\pdl\drivers\peripheral\crypto\libs\cy_crypto_server_gcc.a(cy_crypto_core_cmac_v1.o)
                0x100877ec                Cy_Crypto_Core_V1_Cmac_Start
 .text.Cy_Crypto_Core_V1_Cmac_Update
                0x10087816       0x64 Generated_Source\PSoC6\pdl\drivers\peripheral\crypto\libs\cy_crypto_server_gcc.a(cy_crypto_core_cmac_v1.o)
                0x10087816                Cy_Crypto_Core_V1_Cmac_Update
 .text.Cy_Crypto_Core_V1_Cmac_Finish
                0x1008787a       0x74 Generated_Source\PSoC6\pdl\drivers\peripheral\crypto\libs\cy_crypto_server_gcc.a(cy_crypto_core_cmac_v1.o)
                0x1008787a                Cy_Crypto_Core_V1_Cmac_Finish
 *fill*         0x100878ee        0x2 
 .text.Cy_Crypto_Core_V1_Cmac
                0x100878f0       0x60 Generated_Source\PSoC6\pdl\drivers\peripheral\crypto\libs\cy_crypto_server_gcc.a(cy_crypto_core_cmac_v1.o)
                0x100878f0                Cy_Crypto_Core_V1_Cmac
 .text.Cy_Crypto_Core_V1_Hmac
                0x10087950      0x198 Generated_Source\PSoC6\pdl\drivers\peripheral\crypto\libs\cy_crypto_server_gcc.a(cy_crypto_core_hmac_v1.o)
                0x10087950                Cy_Crypto_Core_V1_Hmac
 .text.Cy_Crypto_Core_GetFIFOUsed
                0x10087ae8       0x14 Generated_Source\PSoC6\pdl\drivers\peripheral\crypto\libs\cy_crypto_server_gcc.a(cy_crypto_core_aes_v2.o)
 .text.Cy_Crypto_Core_V2_FFContinue
                0x10087afc       0x54 Generated_Source\PSoC6\pdl\drivers\peripheral\crypto\libs\cy_crypto_server_gcc.a(cy_crypto_core_aes_v2.o)
 .text.Cy_Crypto_Core_V2_BlockMov
                0x10087b50       0x34 Generated_Source\PSoC6\pdl\drivers\peripheral\crypto\libs\cy_crypto_server_gcc.a(cy_crypto_core_aes_v2.o)
 .text.Cy_Crypto_Core_V2_RBSetByte
                0x10087b84       0x2c Generated_Source\PSoC6\pdl\drivers\peripheral\crypto\libs\cy_crypto_server_gcc.a(cy_crypto_core_aes_v2.o)
 .text.Cy_Crypto_Core_V2_RunAes
                0x10087bb0       0x24 Generated_Source\PSoC6\pdl\drivers\peripheral\crypto\libs\cy_crypto_server_gcc.a(cy_crypto_core_aes_v2.o)
 .text.Cy_Crypto_Core_V2_RunAesInv
                0x10087bd4       0x24 Generated_Source\PSoC6\pdl\drivers\peripheral\crypto\libs\cy_crypto_server_gcc.a(cy_crypto_core_aes_v2.o)
 .text.Cy_Crypto_Core_V2_FFStart.constprop.3
                0x10087bf8       0x34 Generated_Source\PSoC6\pdl\drivers\peripheral\crypto\libs\cy_crypto_server_gcc.a(cy_crypto_core_aes_v2.o)
 .text.Cy_Crypto_Core_V2_Aes_LoadEncKey
                0x10087c2c       0x34 Generated_Source\PSoC6\pdl\drivers\peripheral\crypto\libs\cy_crypto_server_gcc.a(cy_crypto_core_aes_v2.o)
                0x10087c2c                Cy_Crypto_Core_V2_Aes_LoadEncKey
 .text.Cy_Crypto_Core_V2_Aes_LoadDecKey
                0x10087c60       0x34 Generated_Source\PSoC6\pdl\drivers\peripheral\crypto\libs\cy_crypto_server_gcc.a(cy_crypto_core_aes_v2.o)
                0x10087c60                Cy_Crypto_Core_V2_Aes_LoadDecKey
 .text.Cy_Crypto_Core_V2_Aes_Init
                0x10087c94       0x30 Generated_Source\PSoC6\pdl\drivers\peripheral\crypto\libs\cy_crypto_server_gcc.a(cy_crypto_core_aes_v2.o)
                0x10087c94                Cy_Crypto_Core_V2_Aes_Init
 .text.Cy_Crypto_Core_V2_Aes_Ecb
                0x10087cc4       0x5c Generated_Source\PSoC6\pdl\drivers\peripheral\crypto\libs\cy_crypto_server_gcc.a(cy_crypto_core_aes_v2.o)
                0x10087cc4                Cy_Crypto_Core_V2_Aes_Ecb
 .text.Cy_Crypto_Core_V2_Aes_Cbc
                0x10087d20       0xdc Generated_Source\PSoC6\pdl\drivers\peripheral\crypto\libs\cy_crypto_server_gcc.a(cy_crypto_core_aes_v2.o)
                0x10087d20                Cy_Crypto_Core_V2_Aes_Cbc
 .text.Cy_Crypto_Core_V2_Aes_Cfb
                0x10087dfc       0xc0 Generated_Source\PSoC6\pdl\drivers\peripheral\crypto\libs\cy_crypto_server_gcc.a(cy_crypto_core_aes_v2.o)
                0x10087dfc                Cy_Crypto_Core_V2_Aes_Cfb
 .text.Cy_Crypto_Core_V2_Aes_Ctr
                0x10087ebc      0x188 Generated_Source\PSoC6\pdl\drivers\peripheral\crypto\libs\cy_crypto_server_gcc.a(cy_crypto_core_aes_v2.o)
                0x10087ebc                Cy_Crypto_Core_V2_Aes_Ctr
 .text.Cy_Crypto_Core_GetFIFOUsed
                0x10088044       0x14 Generated_Source\PSoC6\pdl\drivers\peripheral\crypto\libs\cy_crypto_server_gcc.a(cy_crypto_core_cmac_v2.o)
 .text.Cy_Crypto_Core_V2_RunAes
                0x10088058       0x24 Generated_Source\PSoC6\pdl\drivers\peripheral\crypto\libs\cy_crypto_server_gcc.a(cy_crypto_core_cmac_v2.o)
 .text.Cy_Crypto_Core_V2_Cmac_CalcSubKey
                0x1008807c       0x2a Generated_Source\PSoC6\pdl\drivers\peripheral\crypto\libs\cy_crypto_server_gcc.a(cy_crypto_core_cmac_v2.o)
 *fill*         0x100880a6        0x2 
 .text.Cy_Crypto_Core_V2_FFContinue.constprop.2
                0x100880a8       0x40 Generated_Source\PSoC6\pdl\drivers\peripheral\crypto\libs\cy_crypto_server_gcc.a(cy_crypto_core_cmac_v2.o)
 .text.Cy_Crypto_Core_V2_FFStart.constprop.3
                0x100880e8       0x34 Generated_Source\PSoC6\pdl\drivers\peripheral\crypto\libs\cy_crypto_server_gcc.a(cy_crypto_core_cmac_v2.o)
 .text.Cy_Crypto_Core_V2_Cmac_Start
                0x1008811c       0x78 Generated_Source\PSoC6\pdl\drivers\peripheral\crypto\libs\cy_crypto_server_gcc.a(cy_crypto_core_cmac_v2.o)
                0x1008811c                Cy_Crypto_Core_V2_Cmac_Start
 .text.Cy_Crypto_Core_V2_Cmac_Update
                0x10088194       0x44 Generated_Source\PSoC6\pdl\drivers\peripheral\crypto\libs\cy_crypto_server_gcc.a(cy_crypto_core_cmac_v2.o)
                0x10088194                Cy_Crypto_Core_V2_Cmac_Update
 .text.Cy_Crypto_Core_V2_Cmac_Finish
                0x100881d8       0xa8 Generated_Source\PSoC6\pdl\drivers\peripheral\crypto\libs\cy_crypto_server_gcc.a(cy_crypto_core_cmac_v2.o)
                0x100881d8                Cy_Crypto_Core_V2_Cmac_Finish
 .text.Cy_Crypto_Core_V2_Cmac
                0x10088280       0x46 Generated_Source\PSoC6\pdl\drivers\peripheral\crypto\libs\cy_crypto_server_gcc.a(cy_crypto_core_cmac_v2.o)
                0x10088280                Cy_Crypto_Core_V2_Cmac
 .text.Cy_Crypto_Core_V2_Hmac
                0x100882c6      0x142 Generated_Source\PSoC6\pdl\drivers\peripheral\crypto\libs\cy_crypto_server_gcc.a(cy_crypto_core_hmac_v2.o)
                0x100882c6                Cy_Crypto_Core_V2_Hmac
 .text.Cy_Crypto_Core_WaitForReady
                0x10088408       0x14 Generated_Source\PSoC6\pdl\drivers\peripheral\crypto\libs\cy_crypto_server_gcc.a(cy_crypto_core_rsa.o)
 .text.Cy_Crypto_Core_MemCmp
                0x1008841c       0x20 Generated_Source\PSoC6\pdl\drivers\peripheral\crypto\libs\cy_crypto_server_gcc.a(cy_crypto_core_rsa.o)
 .text.Cy_Crypto_Core_MemSet.constprop.2
                0x1008843c       0x24 Generated_Source\PSoC6\pdl\drivers\peripheral\crypto\libs\cy_crypto_server_gcc.a(cy_crypto_core_rsa.o)
 .text.CY_CRYPTO_VU_COND_SET_BIT.constprop.12
                0x10088460       0x30 Generated_Source\PSoC6\pdl\drivers\peripheral\crypto\libs\cy_crypto_server_gcc.a(cy_crypto_core_rsa.o)
 .text.CY_CRYPTO_VU_COND_LSR1.constprop.17
                0x10088490       0x34 Generated_Source\PSoC6\pdl\drivers\peripheral\crypto\libs\cy_crypto_server_gcc.a(cy_crypto_core_rsa.o)
 .text.CY_CRYPTO_VU_ALLOC_MEM
                0x100884c4       0x34 Generated_Source\PSoC6\pdl\drivers\peripheral\crypto\libs\cy_crypto_server_gcc.a(cy_crypto_core_rsa.o)
 .text.CY_CRYPTO_VU_SET_REG.constprop.27
                0x100884f8       0x34 Generated_Source\PSoC6\pdl\drivers\peripheral\crypto\libs\cy_crypto_server_gcc.a(cy_crypto_core_rsa.o)
 .text.Cy_Crypto_Core_Rsa_BarrettGetU
                0x1008852c       0xd8 Generated_Source\PSoC6\pdl\drivers\peripheral\crypto\libs\cy_crypto_server_gcc.a(cy_crypto_core_rsa.o)
 .text.Cy_Crypto_Core_Rsa_MontTransform
                0x10088604      0x114 Generated_Source\PSoC6\pdl\drivers\peripheral\crypto\libs\cy_crypto_server_gcc.a(cy_crypto_core_rsa.o)
 .text.Cy_Crypto_Core_Rsa_MontCoeff
                0x10088718      0x160 Generated_Source\PSoC6\pdl\drivers\peripheral\crypto\libs\cy_crypto_server_gcc.a(cy_crypto_core_rsa.o)
 .text.Cy_Crypto_Core_Rsa_MontMul.constprop.1
                0x10088878      0x168 Generated_Source\PSoC6\pdl\drivers\peripheral\crypto\libs\cy_crypto_server_gcc.a(cy_crypto_core_rsa.o)
 .text.Cy_Crypto_Core_Rsa_Verify
                0x100889e0       0x9c Generated_Source\PSoC6\pdl\drivers\peripheral\crypto\libs\cy_crypto_server_gcc.a(cy_crypto_core_rsa.o)
                0x100889e0                Cy_Crypto_Core_Rsa_Verify
 .text.Cy_Crypto_Core_Rsa_Proc
                0x10088a7c      0x330 Generated_Source\PSoC6\pdl\drivers\peripheral\crypto\libs\cy_crypto_server_gcc.a(cy_crypto_core_rsa.o)
                0x10088a7c                Cy_Crypto_Core_Rsa_Proc
 .text.Cy_Crypto_Core_Rsa_Coef
                0x10088dac       0xf0 Generated_Source\PSoC6\pdl\drivers\peripheral\crypto\libs\cy_crypto_server_gcc.a(cy_crypto_core_rsa.o)
                0x10088dac                Cy_Crypto_Core_Rsa_Coef
 .text.Cy_Crypto_Core_V1_Crc_Init
                0x10088e9c       0x3c Generated_Source\PSoC6\pdl\drivers\peripheral\crypto\libs\cy_crypto_server_gcc.a(cy_crypto_core_crc_v1.o)
                0x10088e9c                Cy_Crypto_Core_V1_Crc_Init
 .text.Cy_Crypto_Core_V1_Crc
                0x10088ed8       0x44 Generated_Source\PSoC6\pdl\drivers\peripheral\crypto\libs\cy_crypto_server_gcc.a(cy_crypto_core_crc_v1.o)
                0x10088ed8                Cy_Crypto_Core_V1_Crc
 .text.Cy_Crypto_Core_V1_Des_ProcessBlock
                0x10088f1c       0x48 Generated_Source\PSoC6\pdl\drivers\peripheral\crypto\libs\cy_crypto_server_gcc.a(cy_crypto_core_des_v1.o)
 .text.Cy_Crypto_Core_V1_Des
                0x10088f64       0x88 Generated_Source\PSoC6\pdl\drivers\peripheral\crypto\libs\cy_crypto_server_gcc.a(cy_crypto_core_des_v1.o)
                0x10088f64                Cy_Crypto_Core_V1_Des
 .text.Cy_Crypto_Core_V1_Tdes
                0x10088fec       0xb0 Generated_Source\PSoC6\pdl\drivers\peripheral\crypto\libs\cy_crypto_server_gcc.a(cy_crypto_core_des_v1.o)
                0x10088fec                Cy_Crypto_Core_V1_Tdes
 .text.Cy_Crypto_Core_V1_Prng_Init
                0x1008909c       0x20 Generated_Source\PSoC6\pdl\drivers\peripheral\crypto\libs\cy_crypto_server_gcc.a(cy_crypto_core_prng_v1.o)
                0x1008909c                Cy_Crypto_Core_V1_Prng_Init
 .text.Cy_Crypto_Core_V1_Prng
                0x100890bc       0x34 Generated_Source\PSoC6\pdl\drivers\peripheral\crypto\libs\cy_crypto_server_gcc.a(cy_crypto_core_prng_v1.o)
                0x100890bc                Cy_Crypto_Core_V1_Prng
 .text.Cy_Crypto_Core_V1_Sha_ProcessBlock
                0x100890f0       0x3c Generated_Source\PSoC6\pdl\drivers\peripheral\crypto\libs\cy_crypto_server_gcc.a(cy_crypto_core_sha_v1.o)
                0x100890f0                Cy_Crypto_Core_V1_Sha_ProcessBlock
 .text.Cy_Crypto_Core_V1_Sha_Init
                0x1008912c       0xcc Generated_Source\PSoC6\pdl\drivers\peripheral\crypto\libs\cy_crypto_server_gcc.a(cy_crypto_core_sha_v1.o)
                0x1008912c                Cy_Crypto_Core_V1_Sha_Init
 .text.Cy_Crypto_Core_V1_Sha_Start
                0x100891f8       0x10 Generated_Source\PSoC6\pdl\drivers\peripheral\crypto\libs\cy_crypto_server_gcc.a(cy_crypto_core_sha_v1.o)
                0x100891f8                Cy_Crypto_Core_V1_Sha_Start
 .text.Cy_Crypto_Core_V1_Sha_Update
                0x10089208       0x34 Generated_Source\PSoC6\pdl\drivers\peripheral\crypto\libs\cy_crypto_server_gcc.a(cy_crypto_core_sha_v1.o)
                0x10089208                Cy_Crypto_Core_V1_Sha_Update
 .text.Cy_Crypto_Core_V1_Sha_Finish
                0x1008923c       0xb6 Generated_Source\PSoC6\pdl\drivers\peripheral\crypto\libs\cy_crypto_server_gcc.a(cy_crypto_core_sha_v1.o)
                0x1008923c                Cy_Crypto_Core_V1_Sha_Finish
 .text.Cy_Crypto_Core_V1_Sha_Free
                0x100892f2       0x30 Generated_Source\PSoC6\pdl\drivers\peripheral\crypto\libs\cy_crypto_server_gcc.a(cy_crypto_core_sha_v1.o)
                0x100892f2                Cy_Crypto_Core_V1_Sha_Free
 *fill*         0x10089322        0x2 
 .text.Cy_Crypto_Core_V1_Sha
                0x10089324       0x74 Generated_Source\PSoC6\pdl\drivers\peripheral\crypto\libs\cy_crypto_server_gcc.a(cy_crypto_core_sha_v1.o)
                0x10089324                Cy_Crypto_Core_V1_Sha
 .text.Cy_Crypto_Core_V1_MemCpy
                0x10089398       0x38 Generated_Source\PSoC6\pdl\drivers\peripheral\crypto\libs\cy_crypto_server_gcc.a(cy_crypto_core_mem_v1.o)
                0x10089398                Cy_Crypto_Core_V1_MemCpy
 .text.Cy_Crypto_Core_V1_MemSet
                0x100893d0       0x38 Generated_Source\PSoC6\pdl\drivers\peripheral\crypto\libs\cy_crypto_server_gcc.a(cy_crypto_core_mem_v1.o)
                0x100893d0                Cy_Crypto_Core_V1_MemSet
 .text.Cy_Crypto_Core_V1_MemCmp
                0x10089408       0x34 Generated_Source\PSoC6\pdl\drivers\peripheral\crypto\libs\cy_crypto_server_gcc.a(cy_crypto_core_mem_v1.o)
                0x10089408                Cy_Crypto_Core_V1_MemCmp
 .text.Cy_Crypto_Core_V1_MemXor
                0x1008943c       0x40 Generated_Source\PSoC6\pdl\drivers\peripheral\crypto\libs\cy_crypto_server_gcc.a(cy_crypto_core_mem_v1.o)
                0x1008943c                Cy_Crypto_Core_V1_MemXor
 .text.Cy_Crypto_Core_V1_Trng
                0x1008947c       0x6c Generated_Source\PSoC6\pdl\drivers\peripheral\crypto\libs\cy_crypto_server_gcc.a(cy_crypto_core_trng_v1.o)
                0x1008947c                Cy_Crypto_Core_V1_Trng
 .text.Cy_Crypto_Core_GetFIFOUsed
                0x100894e8       0x14 Generated_Source\PSoC6\pdl\drivers\peripheral\crypto\libs\cy_crypto_server_gcc.a(cy_crypto_core_hw_v1.o)
 .text.Cy_Crypto_SetReg1Instr
                0x100894fc       0x2c Generated_Source\PSoC6\pdl\drivers\peripheral\crypto\libs\cy_crypto_server_gcc.a(cy_crypto_core_hw_v1.o)
                0x100894fc                Cy_Crypto_SetReg1Instr
 .text.Cy_Crypto_SetReg2Instr
                0x10089528       0x34 Generated_Source\PSoC6\pdl\drivers\peripheral\crypto\libs\cy_crypto_server_gcc.a(cy_crypto_core_hw_v1.o)
                0x10089528                Cy_Crypto_SetReg2Instr
 .text.Cy_Crypto_SetReg3Instr
                0x1008955c       0x3c Generated_Source\PSoC6\pdl\drivers\peripheral\crypto\libs\cy_crypto_server_gcc.a(cy_crypto_core_hw_v1.o)
                0x1008955c                Cy_Crypto_SetReg3Instr
 .text.Cy_Crypto_SetReg4Instr
                0x10089598       0x44 Generated_Source\PSoC6\pdl\drivers\peripheral\crypto\libs\cy_crypto_server_gcc.a(cy_crypto_core_hw_v1.o)
                0x10089598                Cy_Crypto_SetReg4Instr
 .text.Cy_Crypto_Run1ParamInstr
                0x100895dc       0x24 Generated_Source\PSoC6\pdl\drivers\peripheral\crypto\libs\cy_crypto_server_gcc.a(cy_crypto_core_hw_v1.o)
                0x100895dc                Cy_Crypto_Run1ParamInstr
 .text.Cy_Crypto_Run2ParamInstr
                0x10089600       0x2c Generated_Source\PSoC6\pdl\drivers\peripheral\crypto\libs\cy_crypto_server_gcc.a(cy_crypto_core_hw_v1.o)
                0x10089600                Cy_Crypto_Run2ParamInstr
 .text.Cy_Crypto_Run3ParamInstr
                0x1008962c       0x34 Generated_Source\PSoC6\pdl\drivers\peripheral\crypto\libs\cy_crypto_server_gcc.a(cy_crypto_core_hw_v1.o)
                0x1008962c                Cy_Crypto_Run3ParamInstr
 .text.Cy_Crypto_Run4ParamInstr
                0x10089660       0x3c Generated_Source\PSoC6\pdl\drivers\peripheral\crypto\libs\cy_crypto_server_gcc.a(cy_crypto_core_hw_v1.o)
                0x10089660                Cy_Crypto_Run4ParamInstr
 .text.Cy_Crypto_Core_V2_Crc_Init
                0x1008969c       0x3c Generated_Source\PSoC6\pdl\drivers\peripheral\crypto\libs\cy_crypto_server_gcc.a(cy_crypto_core_crc_v2.o)
                0x1008969c                Cy_Crypto_Core_V2_Crc_Init
 .text.Cy_Crypto_Core_V2_Crc
                0x100896d8       0x68 Generated_Source\PSoC6\pdl\drivers\peripheral\crypto\libs\cy_crypto_server_gcc.a(cy_crypto_core_crc_v2.o)
                0x100896d8                Cy_Crypto_Core_V2_Crc
 .text.Cy_Crypto_Core_V2_FFContinue.constprop.0
                0x10089740       0x3c Generated_Source\PSoC6\pdl\drivers\peripheral\crypto\libs\cy_crypto_server_gcc.a(cy_crypto_core_des_v2.o)
 .text.Cy_Crypto_Core_V2_Run
                0x1008977c       0x24 Generated_Source\PSoC6\pdl\drivers\peripheral\crypto\libs\cy_crypto_server_gcc.a(cy_crypto_core_des_v2.o)
 .text.Cy_Crypto_Core_V2_BlockMov
                0x100897a0       0x30 Generated_Source\PSoC6\pdl\drivers\peripheral\crypto\libs\cy_crypto_server_gcc.a(cy_crypto_core_des_v2.o)
 .text.Cy_Crypto_Core_V2_FFStart.constprop.1
                0x100897d0       0x34 Generated_Source\PSoC6\pdl\drivers\peripheral\crypto\libs\cy_crypto_server_gcc.a(cy_crypto_core_des_v2.o)
 .text.Cy_Crypto_Core_V2_Des
                0x10089804       0x88 Generated_Source\PSoC6\pdl\drivers\peripheral\crypto\libs\cy_crypto_server_gcc.a(cy_crypto_core_des_v2.o)
                0x10089804                Cy_Crypto_Core_V2_Des
 .text.Cy_Crypto_Core_V2_Tdes
                0x1008988c       0xb8 Generated_Source\PSoC6\pdl\drivers\peripheral\crypto\libs\cy_crypto_server_gcc.a(cy_crypto_core_des_v2.o)
                0x1008988c                Cy_Crypto_Core_V2_Tdes
 .text.Cy_Crypto_Core_V2_Prng_Init
                0x10089944       0x20 Generated_Source\PSoC6\pdl\drivers\peripheral\crypto\libs\cy_crypto_server_gcc.a(cy_crypto_core_prng_v2.o)
                0x10089944                Cy_Crypto_Core_V2_Prng_Init
 .text.Cy_Crypto_Core_V2_Prng
                0x10089964       0x2c Generated_Source\PSoC6\pdl\drivers\peripheral\crypto\libs\cy_crypto_server_gcc.a(cy_crypto_core_prng_v2.o)
                0x10089964                Cy_Crypto_Core_V2_Prng
 .text.Cy_Crypto_Core_GetFIFOUsed
                0x10089990       0x14 Generated_Source\PSoC6\pdl\drivers\peripheral\crypto\libs\cy_crypto_server_gcc.a(cy_crypto_core_sha_v2.o)
 .text.Cy_Crypto_Core_V2_Sync
                0x100899a4       0x14 Generated_Source\PSoC6\pdl\drivers\peripheral\crypto\libs\cy_crypto_server_gcc.a(cy_crypto_core_sha_v2.o)
 .text.Cy_Crypto_Core_V2_FFStart
                0x100899b8       0x38 Generated_Source\PSoC6\pdl\drivers\peripheral\crypto\libs\cy_crypto_server_gcc.a(cy_crypto_core_sha_v2.o)
 .text.Cy_Crypto_Core_V2_Run
                0x100899f0       0x24 Generated_Source\PSoC6\pdl\drivers\peripheral\crypto\libs\cy_crypto_server_gcc.a(cy_crypto_core_sha_v2.o)
 .text.Cy_Crypto_Core_V2_RBClear
                0x10089a14       0x24 Generated_Source\PSoC6\pdl\drivers\peripheral\crypto\libs\cy_crypto_server_gcc.a(cy_crypto_core_sha_v2.o)
 .text.Cy_Crypto_Core_V2_RBSwap
                0x10089a38       0x24 Generated_Source\PSoC6\pdl\drivers\peripheral\crypto\libs\cy_crypto_server_gcc.a(cy_crypto_core_sha_v2.o)
 .text.Cy_Crypto_Core_V2_RBSetByte
                0x10089a5c       0x2c Generated_Source\PSoC6\pdl\drivers\peripheral\crypto\libs\cy_crypto_server_gcc.a(cy_crypto_core_sha_v2.o)
 .text.Cy_Crypto_Core_V2_RBXor.constprop.1
                0x10089a88       0x28 Generated_Source\PSoC6\pdl\drivers\peripheral\crypto\libs\cy_crypto_server_gcc.a(cy_crypto_core_sha_v2.o)
 .text.Cy_Crypto_Core_V2_Sha_Init
                0x10089ab0       0xbc Generated_Source\PSoC6\pdl\drivers\peripheral\crypto\libs\cy_crypto_server_gcc.a(cy_crypto_core_sha_v2.o)
                0x10089ab0                Cy_Crypto_Core_V2_Sha_Init
 .text.Cy_Crypto_Core_V2_Sha_Start
                0x10089b6c       0x38 Generated_Source\PSoC6\pdl\drivers\peripheral\crypto\libs\cy_crypto_server_gcc.a(cy_crypto_core_sha_v2.o)
                0x10089b6c                Cy_Crypto_Core_V2_Sha_Start
 .text.Cy_Crypto_Core_V2_Sha_Update
                0x10089ba4       0x64 Generated_Source\PSoC6\pdl\drivers\peripheral\crypto\libs\cy_crypto_server_gcc.a(cy_crypto_core_sha_v2.o)
                0x10089ba4                Cy_Crypto_Core_V2_Sha_Update
 .text.Cy_Crypto_Core_V2_Sha_Finish
                0x10089c08       0xec Generated_Source\PSoC6\pdl\drivers\peripheral\crypto\libs\cy_crypto_server_gcc.a(cy_crypto_core_sha_v2.o)
                0x10089c08                Cy_Crypto_Core_V2_Sha_Finish
 .text.Cy_Crypto_Core_V2_Sha_Free
                0x10089cf4       0x1a Generated_Source\PSoC6\pdl\drivers\peripheral\crypto\libs\cy_crypto_server_gcc.a(cy_crypto_core_sha_v2.o)
                0x10089cf4                Cy_Crypto_Core_V2_Sha_Free
 .text.Cy_Crypto_Core_V2_Sha
                0x10089d0e       0x42 Generated_Source\PSoC6\pdl\drivers\peripheral\crypto\libs\cy_crypto_server_gcc.a(cy_crypto_core_sha_v2.o)
                0x10089d0e                Cy_Crypto_Core_V2_Sha
 .text.Cy_Crypto_Core_GetFIFOUsed
                0x10089d50       0x14 Generated_Source\PSoC6\pdl\drivers\peripheral\crypto\libs\cy_crypto_server_gcc.a(cy_crypto_core_mem_v2.o)
 .text.Cy_Crypto_Core_V2_Sync
                0x10089d64       0x14 Generated_Source\PSoC6\pdl\drivers\peripheral\crypto\libs\cy_crypto_server_gcc.a(cy_crypto_core_mem_v2.o)
 .text.Cy_Crypto_Core_V2_FFContinue
                0x10089d78       0x54 Generated_Source\PSoC6\pdl\drivers\peripheral\crypto\libs\cy_crypto_server_gcc.a(cy_crypto_core_mem_v2.o)
 .text.Cy_Crypto_Core_V2_FFStart.constprop.4
                0x10089dcc       0x34 Generated_Source\PSoC6\pdl\drivers\peripheral\crypto\libs\cy_crypto_server_gcc.a(cy_crypto_core_mem_v2.o)
 .text.Cy_Crypto_Core_V2_MemCpy
                0x10089e00       0x78 Generated_Source\PSoC6\pdl\drivers\peripheral\crypto\libs\cy_crypto_server_gcc.a(cy_crypto_core_mem_v2.o)
                0x10089e00                Cy_Crypto_Core_V2_MemCpy
 .text.Cy_Crypto_Core_V2_MemSet
                0x10089e78       0x74 Generated_Source\PSoC6\pdl\drivers\peripheral\crypto\libs\cy_crypto_server_gcc.a(cy_crypto_core_mem_v2.o)
                0x10089e78                Cy_Crypto_Core_V2_MemSet
 .text.Cy_Crypto_Core_V2_MemCmp
                0x10089eec       0x8c Generated_Source\PSoC6\pdl\drivers\peripheral\crypto\libs\cy_crypto_server_gcc.a(cy_crypto_core_mem_v2.o)
                0x10089eec                Cy_Crypto_Core_V2_MemCmp
 .text.Cy_Crypto_Core_V2_MemXor
                0x10089f78       0x8c Generated_Source\PSoC6\pdl\drivers\peripheral\crypto\libs\cy_crypto_server_gcc.a(cy_crypto_core_mem_v2.o)
                0x10089f78                Cy_Crypto_Core_V2_MemXor
 .text.Cy_Crypto_Core_V2_Trng
                0x1008a004       0xa0 Generated_Source\PSoC6\pdl\drivers\peripheral\crypto\libs\cy_crypto_server_gcc.a(cy_crypto_core_trng_v2.o)
                0x1008a004                Cy_Crypto_Core_V2_Trng
 .text.CY_CRYPTO_VU_SET_REG.constprop.0
                0x1008a0a4       0x34 Generated_Source\PSoC6\pdl\drivers\peripheral\crypto\libs\cy_crypto_server_gcc.a(cy_crypto_core_hw.o)
 .text.Cy_Crypto_Core_HwInit
                0x1008a0d8       0x24 Generated_Source\PSoC6\pdl\drivers\peripheral\crypto\libs\cy_crypto_server_gcc.a(cy_crypto_core_hw.o)
                0x1008a0d8                Cy_Crypto_Core_HwInit
 .text.Cy_Crypto_Core_Enable
                0x1008a0fc      0x114 Generated_Source\PSoC6\pdl\drivers\peripheral\crypto\libs\cy_crypto_server_gcc.a(cy_crypto_core_hw.o)
                0x1008a0fc                Cy_Crypto_Core_Enable
 .text.Cy_Crypto_Core_GetLibInfo
                0x1008a210        0x8 Generated_Source\PSoC6\pdl\drivers\peripheral\crypto\libs\cy_crypto_server_gcc.a(cy_crypto_core_hw.o)
                0x1008a210                Cy_Crypto_Core_GetLibInfo
 .text.Cy_Crypto_Core_Disable
                0x1008a218       0x1c Generated_Source\PSoC6\pdl\drivers\peripheral\crypto\libs\cy_crypto_server_gcc.a(cy_crypto_core_hw.o)
                0x1008a218                Cy_Crypto_Core_Disable
 .text.Cy_Crypto_Core_Vu_RegMemPointer
                0x1008a234       0x20 Generated_Source\PSoC6\pdl\drivers\peripheral\crypto\libs\cy_crypto_server_gcc.a(cy_crypto_core_vu.o)
 .text.Cy_Crypto_Core_MemCpy
                0x1008a254       0x20 Generated_Source\PSoC6\pdl\drivers\peripheral\crypto\libs\cy_crypto_server_gcc.a(cy_crypto_core_vu.o)
 .text.Cy_Crypto_Core_Vu_SetMemValue
                0x1008a274       0x26 Generated_Source\PSoC6\pdl\drivers\peripheral\crypto\libs\cy_crypto_server_gcc.a(cy_crypto_core_vu.o)
                0x1008a274                Cy_Crypto_Core_Vu_SetMemValue
 .text.Cy_Crypto_Core_Vu_GetMemValue
                0x1008a29a       0x28 Generated_Source\PSoC6\pdl\drivers\peripheral\crypto\libs\cy_crypto_server_gcc.a(cy_crypto_core_vu.o)
                0x1008a29a                Cy_Crypto_Core_Vu_GetMemValue
 *fill*         0x1008a2c2        0x2 
 .text          0x1008a2c4       0x14 c:/program files (x86)/cypress/psoc creator/4.4/psoc creator/import/gnu/arm/5.4.1/bin/../lib/gcc/arm-none-eabi/5.4.1/armv7e-m/softfp\libgcc.a(_thumb1_case_uqi.o)
                0x1008a2c4                __gnu_thumb1_case_uqi
 .text          0x1008a2d8      0x370 c:/program files (x86)/cypress/psoc creator/4.4/psoc creator/import/gnu/arm/5.4.1/bin/../lib/gcc/arm-none-eabi/5.4.1/armv7e-m/softfp\libgcc.a(_arm_addsubdf3.o)
                0x1008a2d8                __aeabi_drsub
                0x1008a2e0                __aeabi_dsub
                0x1008a2e0                __subdf3
                0x1008a2e4                __aeabi_dadd
                0x1008a2e4                __adddf3
                0x1008a55c                __floatunsidf
                0x1008a55c                __aeabi_ui2d
                0x1008a57c                __floatsidf
                0x1008a57c                __aeabi_i2d
                0x1008a5a0                __aeabi_f2d
                0x1008a5a0                __extendsfdf2
                0x1008a5dc                __floatundidf
                0x1008a5dc                __aeabi_ul2d
                0x1008a5ec                __floatdidf
                0x1008a5ec                __aeabi_l2d
 .text          0x1008a648      0x424 c:/program files (x86)/cypress/psoc creator/4.4/psoc creator/import/gnu/arm/5.4.1/bin/../lib/gcc/arm-none-eabi/5.4.1/armv7e-m/softfp\libgcc.a(_arm_muldivdf3.o)
                0x1008a648                __aeabi_dmul
                0x1008a648                __muldf3
                0x1008a89c                __divdf3
                0x1008a89c                __aeabi_ddiv
 .text.calloc   0x1008aa6c       0x10 c:/program files (x86)/cypress/psoc creator/4.4/psoc creator/import/gnu/arm/5.4.1/bin/../lib/gcc/arm-none-eabi/5.4.1/../../../../arm-none-eabi/lib/armv7e-m/softfp\libg_nano.a(lib_a-calloc.o)
                0x1008aa6c                calloc
 .text.exit     0x1008aa7c       0x28 c:/program files (x86)/cypress/psoc creator/4.4/psoc creator/import/gnu/arm/5.4.1/bin/../lib/gcc/arm-none-eabi/5.4.1/../../../../arm-none-eabi/lib/armv7e-m/softfp\libg_nano.a(lib_a-exit.o)
                0x1008aa7c                exit
 .text.malloc   0x1008aaa4       0x10 c:/program files (x86)/cypress/psoc creator/4.4/psoc creator/import/gnu/arm/5.4.1/bin/../lib/gcc/arm-none-eabi/5.4.1/../../../../arm-none-eabi/lib/armv7e-m/softfp\libg_nano.a(lib_a-malloc.o)
                0x1008aaa4                malloc
 .text.free     0x1008aab4       0x10 c:/program files (x86)/cypress/psoc creator/4.4/psoc creator/import/gnu/arm/5.4.1/bin/../lib/gcc/arm-none-eabi/5.4.1/../../../../arm-none-eabi/lib/armv7e-m/softfp\libg_nano.a(lib_a-malloc.o)
                0x1008aab4                free
 .text.memcmp   0x1008aac4       0x1e c:/program files (x86)/cypress/psoc creator/4.4/psoc creator/import/gnu/arm/5.4.1/bin/../lib/gcc/arm-none-eabi/5.4.1/../../../../arm-none-eabi/lib/armv7e-m/softfp\libg_nano.a(lib_a-memcmp.o)
                0x1008aac4                memcmp
 .text.memcpy   0x1008aae2       0x16 c:/program files (x86)/cypress/psoc creator/4.4/psoc creator/import/gnu/arm/5.4.1/bin/../lib/gcc/arm-none-eabi/5.4.1/../../../../arm-none-eabi/lib/armv7e-m/softfp\libg_nano.a(lib_a-memcpy-stub.o)
                0x1008aae2                memcpy
 .text.memset   0x1008aaf8       0x10 c:/program files (x86)/cypress/psoc creator/4.4/psoc creator/import/gnu/arm/5.4.1/bin/../lib/gcc/arm-none-eabi/5.4.1/../../../../arm-none-eabi/lib/armv7e-m/softfp\libg_nano.a(lib_a-memset.o)
                0x1008aaf8                memset
 .text._calloc_r
                0x1008ab08       0x1c c:/program files (x86)/cypress/psoc creator/4.4/psoc creator/import/gnu/arm/5.4.1/bin/../lib/gcc/arm-none-eabi/5.4.1/../../../../arm-none-eabi/lib/armv7e-m/softfp\libg_nano.a(lib_a-nano-callocr.o)
                0x1008ab08                _calloc_r
 .text._free_r  0x1008ab24       0x9c c:/program files (x86)/cypress/psoc creator/4.4/psoc creator/import/gnu/arm/5.4.1/bin/../lib/gcc/arm-none-eabi/5.4.1/../../../../arm-none-eabi/lib/armv7e-m/softfp\libg_nano.a(lib_a-nano-freer.o)
                0x1008ab24                _free_r
 .text._malloc_r
                0x1008abc0       0xbc c:/program files (x86)/cypress/psoc creator/4.4/psoc creator/import/gnu/arm/5.4.1/bin/../lib/gcc/arm-none-eabi/5.4.1/../../../../arm-none-eabi/lib/armv7e-m/softfp\libg_nano.a(lib_a-nano-mallocr.o)
                0x1008abc0                _malloc_r
 .text.__cvt    0x1008ac7c       0xc2 c:/program files (x86)/cypress/psoc creator/4.4/psoc creator/import/gnu/arm/5.4.1/bin/../lib/gcc/arm-none-eabi/5.4.1/../../../../arm-none-eabi/lib/armv7e-m/softfp\libg_nano.a(lib_a-nano-vfprintf_float.o)
                0x1008ac7c                __cvt
 .text.__exponent
                0x1008ad3e       0x60 c:/program files (x86)/cypress/psoc creator/4.4/psoc creator/import/gnu/arm/5.4.1/bin/../lib/gcc/arm-none-eabi/5.4.1/../../../../arm-none-eabi/lib/armv7e-m/softfp\libg_nano.a(lib_a-nano-vfprintf_float.o)
                0x1008ad3e                __exponent
 *fill*         0x1008ad9e        0x2 
 .text._printf_float
                0x1008ada0      0x488 c:/program files (x86)/cypress/psoc creator/4.4/psoc creator/import/gnu/arm/5.4.1/bin/../lib/gcc/arm-none-eabi/5.4.1/../../../../arm-none-eabi/lib/armv7e-m/softfp\libg_nano.a(lib_a-nano-vfprintf_float.o)
                0x1008ada0                _printf_float
 .text._printf_common
                0x1008b228       0xec c:/program files (x86)/cypress/psoc creator/4.4/psoc creator/import/gnu/arm/5.4.1/bin/../lib/gcc/arm-none-eabi/5.4.1/../../../../arm-none-eabi/lib/armv7e-m/softfp\libg_nano.a(lib_a-nano-vfprintf_i.o)
                0x1008b228                _printf_common
 .text._printf_i
                0x1008b314      0x24c c:/program files (x86)/cypress/psoc creator/4.4/psoc creator/import/gnu/arm/5.4.1/bin/../lib/gcc/arm-none-eabi/5.4.1/../../../../arm-none-eabi/lib/armv7e-m/softfp\libg_nano.a(lib_a-nano-vfprintf_i.o)
                0x1008b314                _printf_i
 .text.printf   0x1008b560       0x30 c:/program files (x86)/cypress/psoc creator/4.4/psoc creator/import/gnu/arm/5.4.1/bin/../lib/gcc/arm-none-eabi/5.4.1/../../../../arm-none-eabi/lib/armv7e-m/softfp\libg_nano.a(lib_a-printf.o)
                0x1008b560                iprintf
                0x1008b560                printf
 .text._puts_r  0x1008b590       0xb4 c:/program files (x86)/cypress/psoc creator/4.4/psoc creator/import/gnu/arm/5.4.1/bin/../lib/gcc/arm-none-eabi/5.4.1/../../../../arm-none-eabi/lib/armv7e-m/softfp\libg_nano.a(lib_a-puts.o)
                0x1008b590                _puts_r
 .text.puts     0x1008b644       0x10 c:/program files (x86)/cypress/psoc creator/4.4/psoc creator/import/gnu/arm/5.4.1/bin/../lib/gcc/arm-none-eabi/5.4.1/../../../../arm-none-eabi/lib/armv7e-m/softfp\libg_nano.a(lib_a-puts.o)
                0x1008b644                puts
 .text.__srget_r
                0x1008b654       0x58 c:/program files (x86)/cypress/psoc creator/4.4/psoc creator/import/gnu/arm/5.4.1/bin/../lib/gcc/arm-none-eabi/5.4.1/../../../../arm-none-eabi/lib/armv7e-m/softfp\libg_nano.a(lib_a-rget.o)
                0x1008b654                __srget_r
 .text._sbrk_r  0x1008b6ac       0x20 c:/program files (x86)/cypress/psoc creator/4.4/psoc creator/import/gnu/arm/5.4.1/bin/../lib/gcc/arm-none-eabi/5.4.1/../../../../arm-none-eabi/lib/armv7e-m/softfp\libg_nano.a(lib_a-sbrkr.o)
                0x1008b6ac                _sbrk_r
 .text.setvbuf  0x1008b6cc      0x154 c:/program files (x86)/cypress/psoc creator/4.4/psoc creator/import/gnu/arm/5.4.1/bin/../lib/gcc/arm-none-eabi/5.4.1/../../../../arm-none-eabi/lib/armv7e-m/softfp\libg_nano.a(lib_a-setvbuf.o)
                0x1008b6cc                setvbuf
 .text          0x1008b820       0x10 c:/program files (x86)/cypress/psoc creator/4.4/psoc creator/import/gnu/arm/5.4.1/bin/../lib/gcc/arm-none-eabi/5.4.1/../../../../arm-none-eabi/lib/armv7e-m/softfp\libg_nano.a(lib_a-strlen.o)
                0x1008b820                strlen
 .text.strncpy  0x1008b830       0x26 c:/program files (x86)/cypress/psoc creator/4.4/psoc creator/import/gnu/arm/5.4.1/bin/../lib/gcc/arm-none-eabi/5.4.1/../../../../arm-none-eabi/lib/armv7e-m/softfp\libg_nano.a(lib_a-strncpy.o)
                0x1008b830                strncpy
 *fill*         0x1008b856        0x2 
 .text.__swbuf_r
                0x1008b858       0xa8 c:/program files (x86)/cypress/psoc creator/4.4/psoc creator/import/gnu/arm/5.4.1/bin/../lib/gcc/arm-none-eabi/5.4.1/../../../../arm-none-eabi/lib/armv7e-m/softfp\libg_nano.a(lib_a-wbuf.o)
                0x1008b858                __swbuf_r
 .text.__swsetup_r
                0x1008b900       0xdc c:/program files (x86)/cypress/psoc creator/4.4/psoc creator/import/gnu/arm/5.4.1/bin/../lib/gcc/arm-none-eabi/5.4.1/../../../../arm-none-eabi/lib/armv7e-m/softfp\libg_nano.a(lib_a-wsetup.o)
                0x1008b900                __swsetup_r
 .text.quorem   0x1008b9dc      0x11e c:/program files (x86)/cypress/psoc creator/4.4/psoc creator/import/gnu/arm/5.4.1/bin/../lib/gcc/arm-none-eabi/5.4.1/../../../../arm-none-eabi/lib/armv7e-m/softfp\libg_nano.a(lib_a-dtoa.o)
 *fill*         0x1008bafa        0x6 
 .text._dtoa_r  0x1008bb00      0xb38 c:/program files (x86)/cypress/psoc creator/4.4/psoc creator/import/gnu/arm/5.4.1/bin/../lib/gcc/arm-none-eabi/5.4.1/../../../../arm-none-eabi/lib/armv7e-m/softfp\libg_nano.a(lib_a-dtoa.o)
                0x1008bb00                _dtoa_r
 .text.__sflush_r
                0x1008c638      0x110 c:/program files (x86)/cypress/psoc creator/4.4/psoc creator/import/gnu/arm/5.4.1/bin/../lib/gcc/arm-none-eabi/5.4.1/../../../../arm-none-eabi/lib/armv7e-m/softfp\libg_nano.a(lib_a-fflush.o)
                0x1008c638                __sflush_r
 .text._fflush_r
                0x1008c748       0x54 c:/program files (x86)/cypress/psoc creator/4.4/psoc creator/import/gnu/arm/5.4.1/bin/../lib/gcc/arm-none-eabi/5.4.1/../../../../arm-none-eabi/lib/armv7e-m/softfp\libg_nano.a(lib_a-fflush.o)
                0x1008c748                _fflush_r
 .text.fflush   0x1008c79c       0x24 c:/program files (x86)/cypress/psoc creator/4.4/psoc creator/import/gnu/arm/5.4.1/bin/../lib/gcc/arm-none-eabi/5.4.1/../../../../arm-none-eabi/lib/armv7e-m/softfp\libg_nano.a(lib_a-fflush.o)
                0x1008c79c                fflush
 .text._cleanup_r
                0x1008c7c0        0xc c:/program files (x86)/cypress/psoc creator/4.4/psoc creator/import/gnu/arm/5.4.1/bin/../lib/gcc/arm-none-eabi/5.4.1/../../../../arm-none-eabi/lib/armv7e-m/softfp\libg_nano.a(lib_a-findfp.o)
                0x1008c7c0                _cleanup_r
 .text.std.isra.0
                0x1008c7cc       0x48 c:/program files (x86)/cypress/psoc creator/4.4/psoc creator/import/gnu/arm/5.4.1/bin/../lib/gcc/arm-none-eabi/5.4.1/../../../../arm-none-eabi/lib/armv7e-m/softfp\libg_nano.a(lib_a-findfp.o)
 .text.__sfmoreglue
                0x1008c814       0x2c c:/program files (x86)/cypress/psoc creator/4.4/psoc creator/import/gnu/arm/5.4.1/bin/../lib/gcc/arm-none-eabi/5.4.1/../../../../arm-none-eabi/lib/armv7e-m/softfp\libg_nano.a(lib_a-findfp.o)
                0x1008c814                __sfmoreglue
 .text.__sinit  0x1008c840       0x60 c:/program files (x86)/cypress/psoc creator/4.4/psoc creator/import/gnu/arm/5.4.1/bin/../lib/gcc/arm-none-eabi/5.4.1/../../../../arm-none-eabi/lib/armv7e-m/softfp\libg_nano.a(lib_a-findfp.o)
                0x1008c840                __sinit
 .text.__sfp    0x1008c8a0       0x78 c:/program files (x86)/cypress/psoc creator/4.4/psoc creator/import/gnu/arm/5.4.1/bin/../lib/gcc/arm-none-eabi/5.4.1/../../../../arm-none-eabi/lib/armv7e-m/softfp\libg_nano.a(lib_a-findfp.o)
                0x1008c8a0                __sfp
 .text._fwalk   0x1008c918       0x38 c:/program files (x86)/cypress/psoc creator/4.4/psoc creator/import/gnu/arm/5.4.1/bin/../lib/gcc/arm-none-eabi/5.4.1/../../../../arm-none-eabi/lib/armv7e-m/softfp\libg_nano.a(lib_a-fwalk.o)
                0x1008c918                _fwalk
 .text._fwalk_reent
                0x1008c950       0x3c c:/program files (x86)/cypress/psoc creator/4.4/psoc creator/import/gnu/arm/5.4.1/bin/../lib/gcc/arm-none-eabi/5.4.1/../../../../arm-none-eabi/lib/armv7e-m/softfp\libg_nano.a(lib_a-fwalk.o)
                0x1008c950                _fwalk_reent
 .text._localeconv_r
                0x1008c98c        0x8 c:/program files (x86)/cypress/psoc creator/4.4/psoc creator/import/gnu/arm/5.4.1/bin/../lib/gcc/arm-none-eabi/5.4.1/../../../../arm-none-eabi/lib/armv7e-m/softfp\libg_nano.a(lib_a-locale.o)
                0x1008c98c                _localeconv_r
 .text.__swhatbuf_r
                0x1008c994       0x46 c:/program files (x86)/cypress/psoc creator/4.4/psoc creator/import/gnu/arm/5.4.1/bin/../lib/gcc/arm-none-eabi/5.4.1/../../../../arm-none-eabi/lib/armv7e-m/softfp\libg_nano.a(lib_a-makebuf.o)
                0x1008c994                __swhatbuf_r
 *fill*         0x1008c9da        0x2 
 .text.__smakebuf_r
                0x1008c9dc       0x78 c:/program files (x86)/cypress/psoc creator/4.4/psoc creator/import/gnu/arm/5.4.1/bin/../lib/gcc/arm-none-eabi/5.4.1/../../../../arm-none-eabi/lib/armv7e-m/softfp\libg_nano.a(lib_a-makebuf.o)
                0x1008c9dc                __smakebuf_r
 *fill*         0x1008ca54        0xc 
 .text          0x1008ca60       0xa0 c:/program files (x86)/cypress/psoc creator/4.4/psoc creator/import/gnu/arm/5.4.1/bin/../lib/gcc/arm-none-eabi/5.4.1/../../../../arm-none-eabi/lib/armv7e-m/softfp\libg_nano.a(lib_a-memchr.o)
                0x1008ca60                memchr
 .text.__malloc_lock
                0x1008cb00        0x2 c:/program files (x86)/cypress/psoc creator/4.4/psoc creator/import/gnu/arm/5.4.1/bin/../lib/gcc/arm-none-eabi/5.4.1/../../../../arm-none-eabi/lib/armv7e-m/softfp\libg_nano.a(lib_a-mlock.o)
                0x1008cb00                __malloc_lock
 .text.__malloc_unlock
                0x1008cb02        0x2 c:/program files (x86)/cypress/psoc creator/4.4/psoc creator/import/gnu/arm/5.4.1/bin/../lib/gcc/arm-none-eabi/5.4.1/../../../../arm-none-eabi/lib/armv7e-m/softfp\libg_nano.a(lib_a-mlock.o)
                0x1008cb02                __malloc_unlock
 .text._Balloc  0x1008cb04       0x6a c:/program files (x86)/cypress/psoc creator/4.4/psoc creator/import/gnu/arm/5.4.1/bin/../lib/gcc/arm-none-eabi/5.4.1/../../../../arm-none-eabi/lib/armv7e-m/softfp\libg_nano.a(lib_a-mprec.o)
                0x1008cb04                _Balloc
 .text._Bfree   0x1008cb6e       0x2e c:/program files (x86)/cypress/psoc creator/4.4/psoc creator/import/gnu/arm/5.4.1/bin/../lib/gcc/arm-none-eabi/5.4.1/../../../../arm-none-eabi/lib/armv7e-m/softfp\libg_nano.a(lib_a-mprec.o)
                0x1008cb6e                _Bfree
 .text.__multadd
                0x1008cb9c       0x76 c:/program files (x86)/cypress/psoc creator/4.4/psoc creator/import/gnu/arm/5.4.1/bin/../lib/gcc/arm-none-eabi/5.4.1/../../../../arm-none-eabi/lib/armv7e-m/softfp\libg_nano.a(lib_a-mprec.o)
                0x1008cb9c                __multadd
 .text.__hi0bits
                0x1008cc12       0x40 c:/program files (x86)/cypress/psoc creator/4.4/psoc creator/import/gnu/arm/5.4.1/bin/../lib/gcc/arm-none-eabi/5.4.1/../../../../arm-none-eabi/lib/armv7e-m/softfp\libg_nano.a(lib_a-mprec.o)
                0x1008cc12                __hi0bits
 .text.__lo0bits
                0x1008cc52       0x5a c:/program files (x86)/cypress/psoc creator/4.4/psoc creator/import/gnu/arm/5.4.1/bin/../lib/gcc/arm-none-eabi/5.4.1/../../../../arm-none-eabi/lib/armv7e-m/softfp\libg_nano.a(lib_a-mprec.o)
                0x1008cc52                __lo0bits
 .text.__i2b    0x1008ccac       0x12 c:/program files (x86)/cypress/psoc creator/4.4/psoc creator/import/gnu/arm/5.4.1/bin/../lib/gcc/arm-none-eabi/5.4.1/../../../../arm-none-eabi/lib/armv7e-m/softfp\libg_nano.a(lib_a-mprec.o)
                0x1008ccac                __i2b
 .text.__multiply