Archive member included to satisfy reference by file (symbol)

Generated_Source\PSoC6\pdl\drivers\peripheral\crypto\libs\cy_crypto_client_gcc.a(cy_crypto.o)
                              .\CortexM4\ARM_GCC_541\Release\randombytes.o (Cy_Crypto_Sync)
Generated_Source\PSoC6\pdl\drivers\peripheral\crypto\libs\cy_crypto_server_gcc.a(cy_crypto_server.o)
                              .\CortexM4\ARM_GCC_541\Release\randombytes.o (Cy_Crypto_Server_Start_Full)
Generated_Source\PSoC6\pdl\drivers\peripheral\crypto\libs\cy_crypto_server_gcc.a(cy_crypto_core_aes_v1.o)
                              Generated_Source\PSoC6\pdl\drivers\peripheral\crypto\libs\cy_crypto_server_gcc.a(cy_crypto_server.o) (Cy_Crypto_Core_V1_Aes_Init)
Generated_Source\PSoC6\pdl\drivers\peripheral\crypto\libs\cy_crypto_server_gcc.a(cy_crypto_core_cmac_v1.o)
                              Generated_Source\PSoC6\pdl\drivers\peripheral\crypto\libs\cy_crypto_server_gcc.a(cy_crypto_server.o) (Cy_Crypto_Core_V1_Cmac)
Generated_Source\PSoC6\pdl\drivers\peripheral\crypto\libs\cy_crypto_server_gcc.a(cy_crypto_core_hmac_v1.o)
                              Generated_Source\PSoC6\pdl\drivers\peripheral\crypto\libs\cy_crypto_server_gcc.a(cy_crypto_server.o) (Cy_Crypto_Core_V1_Hmac)
Generated_Source\PSoC6\pdl\drivers\peripheral\crypto\libs\cy_crypto_server_gcc.a(cy_crypto_core_aes_v2.o)
                              Generated_Source\PSoC6\pdl\drivers\peripheral\crypto\libs\cy_crypto_server_gcc.a(cy_crypto_server.o) (Cy_Crypto_Core_V2_Aes_Init)
Generated_Source\PSoC6\pdl\drivers\peripheral\crypto\libs\cy_crypto_server_gcc.a(cy_crypto_core_cmac_v2.o)
                              Generated_Source\PSoC6\pdl\drivers\peripheral\crypto\libs\cy_crypto_server_gcc.a(cy_crypto_server.o) (Cy_Crypto_Core_V2_Cmac)
Generated_Source\PSoC6\pdl\drivers\peripheral\crypto\libs\cy_crypto_server_gcc.a(cy_crypto_core_hmac_v2.o)
                              Generated_Source\PSoC6\pdl\drivers\peripheral\crypto\libs\cy_crypto_server_gcc.a(cy_crypto_server.o) (Cy_Crypto_Core_V2_Hmac)
Generated_Source\PSoC6\pdl\drivers\peripheral\crypto\libs\cy_crypto_server_gcc.a(cy_crypto_core_rsa.o)
                              Generated_Source\PSoC6\pdl\drivers\peripheral\crypto\libs\cy_crypto_server_gcc.a(cy_crypto_server.o) (Cy_Crypto_Core_Rsa_Verify)
Generated_Source\PSoC6\pdl\drivers\peripheral\crypto\libs\cy_crypto_server_gcc.a(cy_crypto_core_crc_v1.o)
                              Generated_Source\PSoC6\pdl\drivers\peripheral\crypto\libs\cy_crypto_server_gcc.a(cy_crypto_server.o) (Cy_Crypto_Core_V1_Crc_Init)
Generated_Source\PSoC6\pdl\drivers\peripheral\crypto\libs\cy_crypto_server_gcc.a(cy_crypto_core_des_v1.o)
                              Generated_Source\PSoC6\pdl\drivers\peripheral\crypto\libs\cy_crypto_server_gcc.a(cy_crypto_server.o) (Cy_Crypto_Core_V1_Des)
Generated_Source\PSoC6\pdl\drivers\peripheral\crypto\libs\cy_crypto_server_gcc.a(cy_crypto_core_prng_v1.o)
                              Generated_Source\PSoC6\pdl\drivers\peripheral\crypto\libs\cy_crypto_server_gcc.a(cy_crypto_server.o) (Cy_Crypto_Core_V1_Prng_Init)
Generated_Source\PSoC6\pdl\drivers\peripheral\crypto\libs\cy_crypto_server_gcc.a(cy_crypto_core_sha_v1.o)
                              Generated_Source\PSoC6\pdl\drivers\peripheral\crypto\libs\cy_crypto_server_gcc.a(cy_crypto_core_hmac_v1.o) (Cy_Crypto_Core_V1_Sha_ProcessBlock)
Generated_Source\PSoC6\pdl\drivers\peripheral\crypto\libs\cy_crypto_server_gcc.a(cy_crypto_core_mem_v1.o)
                              Generated_Source\PSoC6\pdl\drivers\peripheral\crypto\libs\cy_crypto_server_gcc.a(cy_crypto_server.o) (Cy_Crypto_Core_V1_MemCpy)
Generated_Source\PSoC6\pdl\drivers\peripheral\crypto\libs\cy_crypto_server_gcc.a(cy_crypto_core_trng_v1.o)
                              Generated_Source\PSoC6\pdl\drivers\peripheral\crypto\libs\cy_crypto_server_gcc.a(cy_crypto_server.o) (Cy_Crypto_Core_V1_Trng)
Generated_Source\PSoC6\pdl\drivers\peripheral\crypto\libs\cy_crypto_server_gcc.a(cy_crypto_core_hw_v1.o)
                              Generated_Source\PSoC6\pdl\drivers\peripheral\crypto\libs\cy_crypto_server_gcc.a(cy_crypto_core_prng_v1.o) (Cy_Crypto_SetReg1Instr)
Generated_Source\PSoC6\pdl\drivers\peripheral\crypto\libs\cy_crypto_server_gcc.a(cy_crypto_core_crc_v2.o)
                              Generated_Source\PSoC6\pdl\drivers\peripheral\crypto\libs\cy_crypto_server_gcc.a(cy_crypto_server.o) (Cy_Crypto_Core_V2_Crc_Init)
Generated_Source\PSoC6\pdl\drivers\peripheral\crypto\libs\cy_crypto_server_gcc.a(cy_crypto_core_des_v2.o)
                              Generated_Source\PSoC6\pdl\drivers\peripheral\crypto\libs\cy_crypto_server_gcc.a(cy_crypto_server.o) (Cy_Crypto_Core_V2_Des)
Generated_Source\PSoC6\pdl\drivers\peripheral\crypto\libs\cy_crypto_server_gcc.a(cy_crypto_core_prng_v2.o)
                              Generated_Source\PSoC6\pdl\drivers\peripheral\crypto\libs\cy_crypto_server_gcc.a(cy_crypto_server.o) (Cy_Crypto_Core_V2_Prng_Init)
[...]
Memory Configuration

Name             Origin             Length             Attributes
ram              0x08024000         0x00023800         xrw
flash            0x10080000         0x00080000         xr
em_eeprom        0x14000000         0x00008000         xr
sflash_user_data 0x16000800         0x00000800         xr
sflash_nar       0x16001a00         0x00000200         xr
sflash_public_key 0x16005a00         0x00000c00         xr
sflash_toc_2     0x16007c00         0x00000200         xr
sflash_rtoc_2    0x16007e00         0x00000200         xr
xip              0x18000000         0x08000000         xr
efuse            0x90700000         0x00100000         r
*default*        0x00000000         0xffffffff

Linker script and memory map

LOAD c:/program files (x86)/cypress/psoc creator/4.4/psoc creator/import/gnu/arm/5.4.1/bin/../lib/gcc/arm-none-eabi/5.4.1/armv7e-m/softfp/crti.o
LOAD c:/program files (x86)/cypress/psoc creator/4.4/psoc creator/import/gnu/arm/5.4.1/bin/../lib/gcc/arm-none-eabi/5.4.1/armv7e-m/softfp/crtbegin.o
LOAD c:/program files (x86)/cypress/psoc creator/4.4/psoc creator/import/gnu/arm/5.4.1/bin/../lib/gcc/arm-none-eabi/5.4.1/../../../../arm-none-eabi/lib/armv7e-m/softfp/crt0.o
START GROUP
LOAD Generated_Source\PSoC6\pdl\drivers\peripheral\crypto\libs\cy_crypto_client_gcc.a
LOAD Generated_Source\PSoC6\pdl\drivers\peripheral\crypto\libs\cy_crypto_server_gcc.a
LOAD .\CortexM4\ARM_GCC_541\Release\startup_psoc6_01_cm4.o
LOAD .\CortexM4\ARM_GCC_541\Release\aes256ctr.o
LOAD .\CortexM4\ARM_GCC_541\Release\cbd.o
LOAD .\CortexM4\ARM_GCC_541\Release\fips202.o
LOAD .\CortexM4\ARM_GCC_541\Release\indcpa.o
LOAD .\CortexM4\ARM_GCC_541\Release\kem.o
LOAD .\CortexM4\ARM_GCC_541\Release\kyber_wrapper.o
LOAD .\CortexM4\ARM_GCC_541\Release\ntt.o
LOAD .\CortexM4\ARM_GCC_541\Release\poly.o
LOAD .\CortexM4\ARM_GCC_541\Release\polyvec.o
LOAD .\CortexM4\ARM_GCC_541\Release\randombytes.o
LOAD .\CortexM4\ARM_GCC_541\Release\reduce.o
LOAD .\CortexM4\ARM_GCC_541\Release\sha256.o
LOAD .\CortexM4\ARM_GCC_541\Release\sha512.o
LOAD .\CortexM4\ARM_GCC_541\Release\symmetric-aes.o
LOAD .\CortexM4\ARM_GCC_541\Release\symmetric-shake.o
LOAD .\CortexM4\ARM_GCC_541\Release\verify.o
LOAD .\CortexM4\ARM_GCC_541\Release\system_psoc6_cm4.o
LOAD .\CortexM4\ARM_GCC_541\Release\cycle_counter.o
LOAD .\CortexM4\ARM_GCC_541\Release\main_cm4.o
LOAD .\CortexM4\ARM_GCC_541\Release\stdio_user.o
LOAD .\CortexM4\ARM_GCC_541\Release\stringFormater.o
LOAD .\CortexM4\ARM_GCC_541\Release\cyfitter_sysint_cfg.o
LOAD .\CortexM4\ARM_GCC_541\Release\cymetadata.o
LOAD .\CortexM4\ARM_GCC_541\Release\cy_efuse.o
LOAD .\CortexM4\ARM_GCC_541\Release\cy_flash.o
LOAD .\CortexM4\ARM_GCC_541\Release\cy_gpio.o
LOAD .\CortexM4\ARM_GCC_541\Release\cy_ipc_drv.o
LOAD .\CortexM4\ARM_GCC_541\Release\cy_ipc_sema.o
LOAD .\CortexM4\ARM_GCC_541\Release\cy_ipc_pipe.o
LOAD .\CortexM4\ARM_GCC_541\Release\cy_lvd.o
LOAD .\CortexM4\ARM_GCC_541\Release\cy_profile.o
LOAD .\CortexM4\ARM_GCC_541\Release\cy_prot.o
LOAD .\CortexM4\ARM_GCC_541\Release\cy_sysanalog.o
LOAD .\CortexM4\ARM_GCC_541\Release\cy_sysclk.o
LOAD .\CortexM4\ARM_GCC_541\Release\cy_sysint.o
LOAD .\CortexM4\ARM_GCC_541\Release\cy_syslib.o
LOAD .\CortexM4\ARM_GCC_541\Release\cy_syslib_gcc.o
LOAD .\CortexM4\ARM_GCC_541\Release\cy_syspm.o
LOAD .\CortexM4\ARM_GCC_541\Release\cy_systick.o
LOAD .\CortexM4\ARM_GCC_541\Release\cy_trigmux.o
LOAD .\CortexM4\ARM_GCC_541\Release\cy_wdt.o
LOAD .\CortexM4\ARM_GCC_541\Release\cy_device.o
LOAD .\CortexM4\ARM_GCC_541\Release\cy_scb_common.o
LOAD .\CortexM4\ARM_GCC_541\Release\cy_scb_i2c.o
LOAD .\CortexM4\ARM_GCC_541\Release\cy_scb_ezi2c.o
LOAD .\CortexM4\ARM_GCC_541\Release\cy_scb_spi.o
LOAD .\CortexM4\ARM_GCC_541\Release\cy_scb_uart.o
LOAD .\CortexM4\ARM_GCC_541\Release\cy_ble_clk.o
LOAD .\CortexM4\ARM_GCC_541\Release\croutine.o
LOAD .\CortexM4\ARM_GCC_541\Release\event_groups.o
LOAD .\CortexM4\ARM_GCC_541\Release\list.o
LOAD .\CortexM4\ARM_GCC_541\Release\queue.o
LOAD .\CortexM4\ARM_GCC_541\Release\tasks.o
LOAD .\CortexM4\ARM_GCC_541\Release\timers.o
LOAD .\CortexM4\ARM_GCC_541\Release\stream_buffer.o
LOAD .\CortexM4\ARM_GCC_541\Release\port.o
LOAD .\CortexM4\ARM_GCC_541\Release\heap_1.o
LOAD .\CortexM4\ARM_GCC_541\Release\retarget.o
LOAD .\CortexM4\ARM_GCC_541\Release\UART.o
END GROUP
START GROUP
LOAD c:/program files (x86)/cypress/psoc creator/4.4/psoc creator/import/gnu/arm/5.4.1/bin/../lib/gcc/arm-none-eabi/5.4.1/armv7e-m/softfp\libgcc.a
LOAD c:/program files (x86)/cypress/psoc creator/4.4/psoc creator/import/gnu/arm/5.4.1/bin/../lib/gcc/arm-none-eabi/5.4.1/../../../../arm-none-eabi/lib/armv7e-m/softfp\libg_nano.a
LOAD c:/program files (x86)/cypress/psoc creator/4.4/psoc creator/import/gnu/arm/5.4.1/bin/../lib/gcc/arm-none-eabi/5.4.1/../../../../arm-none-eabi/lib/armv7e-m/softfp\libc_nano.a
END GROUP
START GROUP
LOAD c:/program files (x86)/cypress/psoc creator/4.4/psoc creator/import/gnu/arm/5.4.1/bin/../lib/gcc/arm-none-eabi/5.4.1/armv7e-m/softfp\libgcc.a
LOAD c:/program files (x86)/cypress/psoc creator/4.4/psoc creator/import/gnu/arm/5.4.1/bin/../lib/gcc/arm-none-eabi/5.4.1/../../../../arm-none-eabi/lib/armv7e-m/softfp\libc_nano.a
END GROUP
LOAD c:/program files (x86)/cypress/psoc creator/4.4/psoc creator/import/gnu/arm/5.4.1/bin/../lib/gcc/arm-none-eabi/5.4.1/armv7e-m/softfp/crtend.o
LOAD c:/program files (x86)/cypress/psoc creator/4.4/psoc creator/import/gnu/arm/5.4.1/bin/../lib/gcc/arm-none-eabi/5.4.1/armv7e-m/softfp/crtn.o
START GROUP
LOAD c:/program files (x86)/cypress/psoc creator/4.4/psoc creator/import/gnu/arm/5.4.1/bin/../lib/gcc/arm-none-eabi/5.4.1/armv7e-m/softfp\libgcc.a
LOAD c:/program files (x86)/cypress/psoc creator/4.4/psoc creator/import/gnu/arm/5.4.1/bin/../lib/gcc/arm-none-eabi/5.4.1/../../../../arm-none-eabi/lib/armv7e-m/softfp\libc.a
LOAD c:/program files (x86)/cypress/psoc creator/4.4/psoc creator/import/gnu/arm/5.4.1/bin/../lib/gcc/arm-none-eabi/5.4.1/../../../../arm-none-eabi/lib/armv7e-m/softfp\libnosys.a
END GROUP
START GROUP
LOAD c:/program files (x86)/cypress/psoc creator/4.4/psoc creator/import/gnu/arm/5.4.1/bin/../lib/gcc/arm-none-eabi/5.4.1/armv7e-m/softfp\libgcc.a
LOAD c:/program files (x86)/cypress/psoc creator/4.4/psoc creator/import/gnu/arm/5.4.1/bin/../lib/gcc/arm-none-eabi/5.4.1/../../../../arm-none-eabi/lib/armv7e-m/softfp\libc.a
LOAD c:/program files (x86)/cypress/psoc creator/4.4/psoc creator/import/gnu/arm/5.4.1/bin/../lib/gcc/arm-none-eabi/5.4.1/../../../../arm-none-eabi/lib/armv7e-m/softfp\libm.a
LOAD c:/program files (x86)/cypress/psoc creator/4.4/psoc creator/import/gnu/arm/5.4.1/bin/../lib/gcc/arm-none-eabi/5.4.1/../../../../arm-none-eabi/lib/armv7e-m/softfp\libnosys.a
END GROUP

.text           0x10080000     0xb108
                0x10080000                . = ALIGN (0x4)
                0x10080000                __Vectors = .
 *(.vectors)
 .vectors       0x10080000      0x28c .\CortexM4\ARM_GCC_541\Release\startup_psoc6_01_cm4.o
                0x1008028c                . = ALIGN (0x4)
                0x1008028c                __Vectors_End = .
                0x0000028c                __Vectors_Size = (__Vectors_End - __Vectors)
                0x1008028c                __end__ = .
                0x1008028c                . = ALIGN (0x4)
 *(.text*)
 .text          0x1008028c       0x5c c:/program files (x86)/cypress/psoc creator/4.4/psoc creator/import/gnu/arm/5.4.1/bin/../lib/gcc/arm-none-eabi/5.4.1/armv7e-m/softfp/crtbegin.o
 .text          0x100802e8       0x84 .\CortexM4\ARM_GCC_541\Release\startup_psoc6_01_cm4.o
                0x100802e8                Cy_OnResetUser
                0x100802ea                Reset_Handler
                0x1008034c                cpuss_interrupts_ipc_6_IRQHandler
                0x1008034c                DebugMon_Handler
                0x1008034c                tcpwm_1_interrupts_11_IRQHandler
                0x1008034c                cpuss_interrupts_ipc_0_IRQHandler
                0x1008034c                tcpwm_1_interrupts_15_IRQHandler
                0x1008034c                ioss_interrupts_gpio_13_IRQHandler
                0x1008034c                tcpwm_1_interrupts_13_IRQHandler
                0x1008034c                cpuss_interrupts_dw1_8_IRQHandler
                0x1008034c                tcpwm_0_interrupts_0_IRQHandler
                0x1008034c                cpuss_interrupt_fm_IRQHandler
                0x1008034c                cpuss_interrupts_ipc_7_IRQHandler
                0x1008034c                tcpwm_1_interrupts_14_IRQHandler
                0x1008034c                cpuss_interrupts_dw0_5_IRQHandler
                0x1008034c                tcpwm_1_interrupts_9_IRQHandler
                0x1008034c                cpuss_interrupts_cm0_cti_1_IRQHandler
                0x1008034c                tcpwm_1_interrupts_22_IRQHandler
                0x1008034c                cpuss_interrupts_dw0_4_IRQHandler
                0x1008034c                NMI_Handler
                0x1008034c                cpuss_interrupts_dw1_12_IRQHandler
                0x1008034c                tcpwm_1_interrupts_12_IRQHandler
                0x1008034c                smif_interrupt_IRQHandler
                0x1008034c                tcpwm_1_interrupts_2_IRQHandler
                0x1008034c                cpuss_interrupts_ipc_13_IRQHandler
                0x1008034c                udb_interrupts_11_IRQHandler
                0x1008034c                tcpwm_1_interrupts_18_IRQHandler
                0x1008034c                cpuss_interrupts_dw0_11_IRQHandler
                0x1008034c                tcpwm_0_interrupts_2_IRQHandler
                0x1008034c                cpuss_interrupts_dw0_13_IRQHandler
                0x1008034c                udb_interrupts_2_IRQHandler
                0x1008034c                cpuss_interrupts_dw1_7_IRQHandler
                0x1008034c                ioss_interrupts_gpio_1_IRQHandler
                0x1008034c                ioss_interrupts_gpio_7_IRQHandler
                0x1008034c                scb_5_interrupt_IRQHandler
                0x1008034c                udb_interrupts_6_IRQHandler
                0x1008034c                cpuss_interrupts_fault_1_IRQHandler
                0x1008034c                cpuss_interrupts_ipc_4_IRQHandler
                0x1008034c                cpuss_interrupts_ipc_5_IRQHandler
                0x1008034c                cpuss_interrupts_dw1_10_IRQHandler
                0x1008034c                udb_interrupts_0_IRQHandler
                0x1008034c                tcpwm_1_interrupts_6_IRQHandler
                0x1008034c                scb_4_interrupt_IRQHandler
                0x1008034c                pass_interrupt_dacs_IRQHandler
                0x1008034c                ioss_interrupts_gpio_2_IRQHandler
                0x1008034c                cpuss_interrupts_dw1_9_IRQHandler
                0x1008034c                cpuss_interrupts_dw1_13_IRQHandler
                0x1008034c                scb_2_interrupt_IRQHandler
                0x1008034c                cpuss_interrupts_cm0_cti_0_IRQHandler
                0x1008034c                udb_interrupts_5_IRQHandler
                0x1008034c                srss_interrupt_IRQHandler
                0x1008034c                udb_interrupts_12_IRQHandler
                0x1008034c                scb_0_interrupt_IRQHandler
                0x1008034c                csd_interrupt_IRQHandler
                0x1008034c                udb_interrupts_1_IRQHandler
                0x1008034c                profile_interrupt_IRQHandler
                0x1008034c                tcpwm_1_interrupts_1_IRQHandler
                0x1008034c                cpuss_interrupts_ipc_12_IRQHandler
                0x1008034c                tcpwm_1_interrupts_3_IRQHandler
                0x1008034c                tcpwm_0_interrupts_7_IRQHandler
                0x1008034c                cpuss_interrupts_dw1_1_IRQHandler
                0x1008034c                cpuss_interrupts_dw1_0_IRQHandler
                0x1008034c                cpuss_interrupts_dw0_9_IRQHandler
                0x1008034c                lpcomp_interrupt_IRQHandler
                0x1008034c                tcpwm_1_interrupts_23_IRQHandler
                0x1008034c                udb_interrupts_4_IRQHandler
                0x1008034c                tcpwm_1_interrupts_20_IRQHandler
                0x1008034c                ioss_interrupt_gpio_IRQHandler
                0x1008034c                tcpwm_0_interrupts_1_IRQHandler
                0x1008034c                ioss_interrupts_gpio_8_IRQHandler
                0x1008034c                tcpwm_0_interrupts_6_IRQHandler
                0x1008034c                scb_7_interrupt_IRQHandler
                0x1008034c                tcpwm_1_interrupts_7_IRQHandler
                0x1008034c                cpuss_interrupts_ipc_11_IRQHandler
                0x1008034c                udb_interrupts_13_IRQHandler
                0x1008034c                cpuss_interrupts_dw0_15_IRQHandler
                0x1008034c                udb_interrupts_7_IRQHandler
                0x1008034c                cpuss_interrupts_dw1_6_IRQHandler
                0x1008034c                cpuss_interrupt_crypto_IRQHandler
                0x1008034c                scb_1_interrupt_IRQHandler
                0x1008034c                Default_Handler
                0x1008034c                usb_interrupt_hi_IRQHandler
                0x1008034c                tcpwm_1_interrupts_0_IRQHandler
                0x1008034c                udb_interrupts_9_IRQHandler
                0x1008034c                audioss_interrupt_pdm_IRQHandler
                0x1008034c                srss_interrupt_mcwdt_0_IRQHandler
                0x1008034c                scb_3_interrupt_IRQHandler
                0x1008034c                pass_interrupt_ctbs_IRQHandler
                0x1008034c                udb_interrupts_8_IRQHandler
                0x1008034c                ioss_interrupts_gpio_3_IRQHandler
                0x1008034c                scb_6_interrupt_IRQHandler
                0x1008034c                cpuss_interrupts_cm4_cti_0_IRQHandler
                0x1008034c                cpuss_interrupts_dw1_3_IRQHandler
                0x1008034c                pass_interrupt_sar_IRQHandler
                0x1008034c                ioss_interrupts_gpio_0_IRQHandler
                0x1008034c                ioss_interrupts_gpio_14_IRQHandler
                0x1008034c                tcpwm_0_interrupts_4_IRQHandler
                0x1008034c                udb_interrupts_3_IRQHandler
                0x1008034c                tcpwm_0_interrupts_5_IRQHandler
                0x1008034c                cpuss_interrupts_ipc_15_IRQHandler
                0x1008034c                cpuss_interrupts_cm4_cti_1_IRQHandler
                0x1008034c                scb_8_interrupt_IRQHandler
                0x1008034c                srss_interrupt_mcwdt_1_IRQHandler
                0x1008034c                cpuss_interrupts_dw1_2_IRQHandler
                0x1008034c                cpuss_interrupts_dw1_5_IRQHandler
                0x1008034c                cpuss_interrupts_ipc_1_IRQHandler
                0x1008034c                cpuss_interrupts_dw0_0_IRQHandler
                0x1008034c                ioss_interrupts_gpio_12_IRQHandler
                0x1008034c                cpuss_interrupts_ipc_3_IRQHandler
                0x1008034c                tcpwm_1_interrupts_17_IRQHandler
                0x1008034c                srss_interrupt_backup_IRQHandler
                0x1008034c                bless_interrupt_IRQHandler
                0x1008034c                cpuss_interrupts_ipc_10_IRQHandler
                0x1008034c                cpuss_interrupts_ipc_9_IRQHandler
                0x1008034c                cpuss_interrupts_dw0_14_IRQHandler
                0x1008034c                tcpwm_1_interrupts_4_IRQHandler
                0x1008034c                tcpwm_0_interrupts_3_IRQHandler
                0x1008034c                cpuss_interrupts_dw1_15_IRQHandler
                0x1008034c                ioss_interrupts_gpio_10_IRQHandler
                0x1008034c                udb_interrupts_10_IRQHandler
                0x1008034c                cpuss_interrupts_dw0_8_IRQHandler
                0x1008034c                ioss_interrupts_gpio_11_IRQHandler
                0x1008034c                cpuss_interrupts_ipc_14_IRQHandler
                0x1008034c                ioss_interrupts_gpio_5_IRQHandler
                0x1008034c                ioss_interrupts_gpio_4_IRQHandler
                0x1008034c                tcpwm_1_interrupts_8_IRQHandler
                0x1008034c                cpuss_interrupts_dw1_14_IRQHandler
                0x1008034c                usb_interrupt_med_IRQHandler
                0x1008034c                cpuss_interrupts_dw0_2_IRQHandler
                0x1008034c                tcpwm_1_interrupts_10_IRQHandler
                0x1008034c                cpuss_interrupts_fault_0_IRQHandler
                0x1008034c                cpuss_interrupts_dw0_12_IRQHandler
                0x1008034c                ioss_interrupts_gpio_6_IRQHandler
                0x1008034c                tcpwm_1_interrupts_21_IRQHandler
                0x1008034c                tcpwm_1_interrupts_16_IRQHandler
                0x1008034c                cpuss_interrupts_dw1_4_IRQHandler
                0x1008034c                udb_interrupts_15_IRQHandler
                0x1008034c                cpuss_interrupts_dw1_11_IRQHandler
                0x1008034c                cpuss_interrupts_dw0_6_IRQHandler
                0x1008034c                ioss_interrupt_vdd_IRQHandler
                0x1008034c                cpuss_interrupts_dw0_7_IRQHandler
                0x1008034c                audioss_interrupt_i2s_IRQHandler
                0x1008034c                tcpwm_1_interrupts_5_IRQHandler
                0x1008034c                cpuss_interrupts_ipc_2_IRQHandler
                0x1008034c                cpuss_interrupts_dw0_10_IRQHandler
                0x1008034c                tcpwm_1_interrupts_19_IRQHandler
                0x1008034c                cpuss_interrupts_dw0_1_IRQHandler
                0x1008034c                ioss_interrupts_gpio_9_IRQHandler
                0x1008034c                usb_interrupt_lo_IRQHandler
                0x1008034c                cpuss_interrupts_ipc_8_IRQHandler
                0x1008034c                udb_interrupts_14_IRQHandler
                0x1008034c                cpuss_interrupts_dw0_3_IRQHandler
                0x10080350                UsageFault_Handler
                0x10080350                HardFault_Handler
                0x10080350                MemManage_Handler
                0x10080350                BusFault_Handler
 .text.cbd2     0x1008036c       0x3e .\CortexM4\ARM_GCC_541\Release\cbd.o
 .text.pqcrystals_kyber1024_ref_cbd_eta1
                0x100803aa        0x4 .\CortexM4\ARM_GCC_541\Release\cbd.o
                0x100803aa                pqcrystals_kyber1024_ref_cbd_eta1
 .text.pqcrystals_kyber1024_ref_cbd_eta2
                0x100803ae        0x4 .\CortexM4\ARM_GCC_541\Release\cbd.o
                0x100803ae                pqcrystals_kyber1024_ref_cbd_eta2
 *fill*         0x100803b2        0x2 
 .text.KeccakF1600_StatePermute
                0x100803b4     0x1158 .\CortexM4\ARM_GCC_541\Release\fips202.o
 .text.keccak_squeezeblocks
                0x1008150c       0x5e .\CortexM4\ARM_GCC_541\Release\fips202.o
 .text.keccak_absorb
                0x1008156a      0x11e .\CortexM4\ARM_GCC_541\Release\fips202.o
 .text.pqcrystals_fips202_ref_shake128_absorb
                0x10081688       0x16 .\CortexM4\ARM_GCC_541\Release\fips202.o
                0x10081688                pqcrystals_fips202_ref_shake128_absorb
 .text.pqcrystals_fips202_ref_shake128_squeezeblocks
                0x1008169e        0x6 .\CortexM4\ARM_GCC_541\Release\fips202.o
                0x1008169e                pqcrystals_fips202_ref_shake128_squeezeblocks
 .text.pqcrystals_fips202_ref_shake256_absorb
                0x100816a4       0x16 .\CortexM4\ARM_GCC_541\Release\fips202.o
                0x100816a4                pqcrystals_fips202_ref_shake256_absorb
 .text.pqcrystals_fips202_ref_shake256_squeezeblocks
                0x100816ba        0x6 .\CortexM4\ARM_GCC_541\Release\fips202.o
                0x100816ba                pqcrystals_fips202_ref_shake256_squeezeblocks
 .text.pqcrystals_fips202_ref_shake256
                0x100816c0       0x4c .\CortexM4\ARM_GCC_541\Release\fips202.o
                0x100816c0                pqcrystals_fips202_ref_shake256
 .text.pqcrystals_fips202_ref_sha3_256
                0x1008170c       0x34 .\CortexM4\ARM_GCC_541\Release\fips202.o
                0x1008170c                pqcrystals_fips202_ref_sha3_256
 .text.pqcrystals_fips202_ref_sha3_512
                0x10081740       0x34 .\CortexM4\ARM_GCC_541\Release\fips202.o
                0x10081740                pqcrystals_fips202_ref_sha3_512
 .text.rej_uniform
                0x10081774       0x54 .\CortexM4\ARM_GCC_541\Release\indcpa.o
 .text.pqcrystals_kyber1024_ref_gen_matrix
                0x100817c8       0xb8 .\CortexM4\ARM_GCC_541\Release\indcpa.o
                0x100817c8                pqcrystals_kyber1024_ref_gen_matrix
 .text.pqcrystals_kyber1024_ref_indcpa_keypair
                0x10081880       0xda .\CortexM4\ARM_GCC_541\Release\indcpa.o
                0x10081880                pqcrystals_kyber1024_ref_indcpa_keypair
 .text.pqcrystals_kyber1024_ref_indcpa_enc
                0x1008195a      0x118 .\CortexM4\ARM_GCC_541\Release\indcpa.o
                0x1008195a                pqcrystals_kyber1024_ref_indcpa_enc
 .text.pqcrystals_kyber1024_ref_indcpa_dec
                0x10081a72       0x62 .\CortexM4\ARM_GCC_541\Release\indcpa.o
                0x10081a72                pqcrystals_kyber1024_ref_indcpa_dec
 .text.pqcrystals_kyber1024_ref_keypair
                0x10081ad4       0x3c .\CortexM4\ARM_GCC_541\Release\kem.o
                0x10081ad4                pqcrystals_kyber1024_ref_keypair
 .text.pqcrystals_kyber1024_ref_enc
                0x10081b10       0x60 .\CortexM4\ARM_GCC_541\Release\kem.o
                0x10081b10                pqcrystals_kyber1024_ref_enc
 .text.pqcrystals_kyber1024_ref_dec
                0x10081b70       0x84 .\CortexM4\ARM_GCC_541\Release\kem.o
                0x10081b70                pqcrystals_kyber1024_ref_dec
 .text.kyber_init
                0x10081bf4       0x1c .\CortexM4\ARM_GCC_541\Release\kyber_wrapper.o
                0x10081bf4                kyber_init
 .text.kyber_get_public_key_size
                0x10081c10        0x6 .\CortexM4\ARM_GCC_541\Release\kyber_wrapper.o
                0x10081c10                kyber_get_public_key_size
 .text.kyber_get_secret_key_size
                0x10081c16        0x6 .\CortexM4\ARM_GCC_541\Release\kyber_wrapper.o
                0x10081c16                kyber_get_secret_key_size
 .text.kyber_get_ciphertext_size
                0x10081c1c        0x6 .\CortexM4\ARM_GCC_541\Release\kyber_wrapper.o
                0x10081c1c                kyber_get_ciphertext_size
 .text.kyber_get_shared_secret_size
                0x10081c22        0x4 .\CortexM4\ARM_GCC_541\Release\kyber_wrapper.o
                0x10081c22                kyber_get_shared_secret_size
 *fill*         0x10081c26        0x2 
 .text.kyber_keypair
                0x10081c28       0x14 .\CortexM4\ARM_GCC_541\Release\kyber_wrapper.o
                0x10081c28                kyber_keypair
 .text.kyber_encapsulate
                0x10081c3c       0x14 .\CortexM4\ARM_GCC_541\Release\kyber_wrapper.o
                0x10081c3c                kyber_encapsulate
 .text.kyber_decapsulate
                0x10081c50       0x14 .\CortexM4\ARM_GCC_541\Release\kyber_wrapper.o
                0x10081c50                kyber_decapsulate
 .text.pqcrystals_kyber1024_ref_ntt
                0x10081c64       0x70 .\CortexM4\ARM_GCC_541\Release\ntt.o
                0x10081c64                pqcrystals_kyber1024_ref_ntt
 .text.pqcrystals_kyber1024_ref_invntt
                0x10081cd4       0x94 .\CortexM4\ARM_GCC_541\Release\ntt.o
                0x10081cd4                pqcrystals_kyber1024_ref_invntt
 .text.pqcrystals_kyber1024_ref_basemul
                0x10081d68       0x5c .\CortexM4\ARM_GCC_541\Release\ntt.o
                0x10081d68                pqcrystals_kyber1024_ref_basemul
 .text.pqcrystals_kyber1024_ref_poly_decompress
                0x10081dc4       0x84 .\CortexM4\ARM_GCC_541\Release\poly.o
                0x10081dc4                pqcrystals_kyber1024_ref_poly_decompress
 .text.pqcrystals_kyber1024_ref_poly_frombytes
                0x10081e48       0x2e .\CortexM4\ARM_GCC_541\Release\poly.o
                0x10081e48                pqcrystals_kyber1024_ref_poly_frombytes
 .text.pqcrystals_kyber1024_ref_poly_frommsg
                0x10081e76       0x2a .\CortexM4\ARM_GCC_541\Release\poly.o
                0x10081e76                pqcrystals_kyber1024_ref_poly_frommsg
 .text.pqcrystals_kyber1024_ref_poly_getnoise_eta1
                0x10081ea0       0x1e .\CortexM4\ARM_GCC_541\Release\poly.o
                0x10081ea0                pqcrystals_kyber1024_ref_poly_getnoise_eta1
 .text.pqcrystals_kyber1024_ref_poly_getnoise_eta2
                0x10081ebe       0x1e .\CortexM4\ARM_GCC_541\Release\poly.o
                0x10081ebe                pqcrystals_kyber1024_ref_poly_getnoise_eta2
 .text.pqcrystals_kyber1024_ref_poly_invntt_tomont
                0x10081edc        0x4 .\CortexM4\ARM_GCC_541\Release\poly.o
                0x10081edc                pqcrystals_kyber1024_ref_poly_invntt_tomont
 .text.pqcrystals_kyber1024_ref_poly_basemul_montgomery
                0x10081ee0       0x48 .\CortexM4\ARM_GCC_541\Release\poly.o
                0x10081ee0                pqcrystals_kyber1024_ref_poly_basemul_montgomery
 .text.pqcrystals_kyber1024_ref_poly_tomont
                0x10081f28       0x1e .\CortexM4\ARM_GCC_541\Release\poly.o
                0x10081f28                pqcrystals_kyber1024_ref_poly_tomont
 .text.pqcrystals_kyber1024_ref_poly_reduce
                0x10081f46       0x18 .\CortexM4\ARM_GCC_541\Release\poly.o
                0x10081f46                pqcrystals_kyber1024_ref_poly_reduce
 .text.pqcrystals_kyber1024_ref_poly_ntt
                0x10081f5e       0x12 .\CortexM4\ARM_GCC_541\Release\poly.o
                0x10081f5e                pqcrystals_kyber1024_ref_poly_ntt
 .text.pqcrystals_kyber1024_ref_poly_csubq
                0x10081f70       0x18 .\CortexM4\ARM_GCC_541\Release\poly.o
                0x10081f70                pqcrystals_kyber1024_ref_poly_csubq
 .text.pqcrystals_kyber1024_ref_poly_compress
                0x10081f88       0x9c .\CortexM4\ARM_GCC_541\Release\poly.o
                0x10081f88                pqcrystals_kyber1024_ref_poly_compress
 .text.pqcrystals_kyber1024_ref_poly_tobytes
                0x10082024       0x36 .\CortexM4\ARM_GCC_541\Release\poly.o
                0x10082024                pqcrystals_kyber1024_ref_poly_tobytes
 .text.pqcrystals_kyber1024_ref_poly_tomsg
                0x1008205a       0x48 .\CortexM4\ARM_GCC_541\Release\poly.o
                0x1008205a                pqcrystals_kyber1024_ref_poly_tomsg
 .text.pqcrystals_kyber1024_ref_poly_add
                0x100820a2       0x1c .\CortexM4\ARM_GCC_541\Release\poly.o
                0x100820a2                pqcrystals_kyber1024_ref_poly_add
 .text.pqcrystals_kyber1024_ref_poly_sub
                0x100820be       0x1c .\CortexM4\ARM_GCC_541\Release\poly.o
                0x100820be                pqcrystals_kyber1024_ref_poly_sub
 .text.pqcrystals_kyber1024_ref_polyvec_decompress
                0x100820da       0xd8 .\CortexM4\ARM_GCC_541\Release\polyvec.o
                0x100820da                pqcrystals_kyber1024_ref_polyvec_decompress
 .text.pqcrystals_kyber1024_ref_polyvec_tobytes
                0x100821b2       0x20 .\CortexM4\ARM_GCC_541\Release\polyvec.o
                0x100821b2                pqcrystals_kyber1024_ref_polyvec_tobytes
 .text.pqcrystals_kyber1024_ref_polyvec_frombytes
                0x100821d2       0x20 .\CortexM4\ARM_GCC_541\Release\polyvec.o
                0x100821d2                pqcrystals_kyber1024_ref_polyvec_frombytes
 .text.pqcrystals_kyber1024_ref_polyvec_ntt
                0x100821f2       0x24 .\CortexM4\ARM_GCC_541\Release\polyvec.o
                0x100821f2                pqcrystals_kyber1024_ref_polyvec_ntt
 .text.pqcrystals_kyber1024_ref_polyvec_invntt_tomont
                0x10082216       0x24 .\CortexM4\ARM_GCC_541\Release\polyvec.o
                0x10082216                pqcrystals_kyber1024_ref_polyvec_invntt_tomont
 .text.pqcrystals_kyber1024_ref_polyvec_pointwise_acc_montgomery
                0x1008223a       0x48 .\CortexM4\ARM_GCC_541\Release\polyvec.o
                0x1008223a                pqcrystals_kyber1024_ref_polyvec_pointwise_acc_montgomery
 .text.pqcrystals_kyber1024_ref_polyvec_reduce
                0x10082282       0x24 .\CortexM4\ARM_GCC_541\Release\polyvec.o
                0x10082282                pqcrystals_kyber1024_ref_polyvec_reduce
 .text.pqcrystals_kyber1024_ref_polyvec_csubq
                0x100822a6       0x24 .\CortexM4\ARM_GCC_541\Release\polyvec.o
                0x100822a6                pqcrystals_kyber1024_ref_polyvec_csubq
 .text.pqcrystals_kyber1024_ref_polyvec_compress
                0x100822ca       0xe6 .\CortexM4\ARM_GCC_541\Release\polyvec.o
                0x100822ca                pqcrystals_kyber1024_ref_polyvec_compress
 .text.pqcrystals_kyber1024_ref_polyvec_add
                0x100823b0       0x20 .\CortexM4\ARM_GCC_541\Release\polyvec.o
                0x100823b0                pqcrystals_kyber1024_ref_polyvec_add
 .text.randombytes
                0x100823d0       0x68 .\CortexM4\ARM_GCC_541\Release\randombytes.o
                0x100823d0                randombytes
 .text.pqcrystals_kyber1024_ref_montgomery_reduce
                0x10082438       0x1e .\CortexM4\ARM_GCC_541\Release\reduce.o
                0x10082438                pqcrystals_kyber1024_ref_montgomery_reduce
 .text.pqcrystals_kyber1024_ref_barrett_reduce
                0x10082456       0x1c .\CortexM4\ARM_GCC_541\Release\reduce.o
                0x10082456                pqcrystals_kyber1024_ref_barrett_reduce
 .text.pqcrystals_kyber1024_ref_csubq
                0x10082472       0x1e .\CortexM4\ARM_GCC_541\Release\reduce.o
                0x10082472                pqcrystals_kyber1024_ref_csubq
 .text.pqcrystals_kyber1024_ref_kyber_shake128_absorb
                0x10082490       0x26 .\CortexM4\ARM_GCC_541\Release\symmetric-shake.o
                0x10082490                pqcrystals_kyber1024_ref_kyber_shake128_absorb
 .text.pqcrystals_kyber1024_ref_kyber_shake256_prf
                0x100824b6       0x22 .\CortexM4\ARM_GCC_541\Release\symmetric-shake.o
                0x100824b6                pqcrystals_kyber1024_ref_kyber_shake256_prf
 .text.pqcrystals_kyber1024_ref_verify
                0x100824d8       0x22 .\CortexM4\ARM_GCC_541\Release\verify.o
                0x100824d8                pqcrystals_kyber1024_ref_verify
 .text.pqcrystals_kyber1024_ref_cmov
                0x100824fa       0x22 .\CortexM4\ARM_GCC_541\Release\verify.o
                0x100824fa                pqcrystals_kyber1024_ref_cmov
 .text.Cy_SysIpcPipeIsrCm4
                0x1008251c        0x6 .\CortexM4\ARM_GCC_541\Release\system_psoc6_cm4.o
                0x1008251c                Cy_SysIpcPipeIsrCm4
 .text.Cy_SystemInit
                0x10082522        0x2 .\CortexM4\ARM_GCC_541\Release\system_psoc6_cm4.o
                0x10082522                Cy_SystemInit
 .text.SystemCoreClockUpdate
                0x10082524      0x160 .\CortexM4\ARM_GCC_541\Release\system_psoc6_cm4.o
                0x10082524                SystemCoreClockUpdate
 .text.SystemInit
                0x10082684       0x48 .\CortexM4\ARM_GCC_541\Release\system_psoc6_cm4.o
                0x10082684                SystemInit
 .text.Cy_SystemInitFpuEnable
                0x100826cc       0x28 .\CortexM4\ARM_GCC_541\Release\system_psoc6_cm4.o
                0x100826cc                Cy_SystemInitFpuEnable
 .text.UART_Isr
                0x100826f4       0x74 .\CortexM4\ARM_GCC_541\Release\main_cm4.o
 .text.startup.main
                0x10082768      0x1a8 .\CortexM4\ARM_GCC_541\Release\main_cm4.o
                0x10082768                main
 .text.STDIO_PutChar
                0x10082910       0x18 .\CortexM4\ARM_GCC_541\Release\stdio_user.o
                0x10082910                STDIO_PutChar
 .text.STDIO_GetChar
                0x10082928       0x1c .\CortexM4\ARM_GCC_541\Release\stdio_user.o
                0x10082928                STDIO_GetChar
 .text.Cy_SysClk_ClkPeriGetDivider
                0x10082944       0x14 .\CortexM4\ARM_GCC_541\Release\cy_flash.o
 .text.Cy_SysClk_ClkSlowGetDivider
                0x10082958       0x18 .\CortexM4\ARM_GCC_541\Release\cy_flash.o
 .text.Cy_IPC_Drv_GetIpcBaseAddress
                0x10082970       0x14 .\CortexM4\ARM_GCC_541\Release\cy_flash.o
 .text.Cy_IPC_Drv_IsLockAcquired
                0x10082984       0x14 .\CortexM4\ARM_GCC_541\Release\cy_flash.o
 .text.Cy_Flash_ProcessOpcode
                0x10082998       0xa4 .\CortexM4\ARM_GCC_541\Release\cy_flash.o
 .text.Cy_Flash_OperationStatus
                0x10082a3c       0x38 .\CortexM4\ARM_GCC_541\Release\cy_flash.o
 .text.Cy_Flash_InitExt
                0x10082a74       0x78 .\CortexM4\ARM_GCC_541\Release\cy_flash.o
                0x10082a74                Cy_Flash_InitExt
 .text.Cy_Flash_Init
                0x10082aec        0xc .\CortexM4\ARM_GCC_541\Release\cy_flash.o
                0x10082aec                Cy_Flash_Init
 .text.Cy_IPC_Drv_LockRelease
                0x10082af8       0x20 .\CortexM4\ARM_GCC_541\Release\cy_ipc_drv.o
                0x10082af8                Cy_IPC_Drv_LockRelease
 .text.Cy_IPC_Drv_SendMsgWord
                0x10082b18       0x18 .\CortexM4\ARM_GCC_541\Release\cy_ipc_drv.o
                0x10082b18                Cy_IPC_Drv_SendMsgWord
 .text.Cy_IPC_Drv_ReadMsgWord
                0x10082b30       0x20 .\CortexM4\ARM_GCC_541\Release\cy_ipc_drv.o
                0x10082b30                Cy_IPC_Drv_ReadMsgWord
 .text.Cy_IPC_Sema_InitExt
                0x10082b50       0x68 .\CortexM4\ARM_GCC_541\Release\cy_ipc_sema.o
                0x10082b50                Cy_IPC_Sema_InitExt
 .text.Cy_IPC_Sema_Init
                0x10082bb8       0x44 .\CortexM4\ARM_GCC_541\Release\cy_ipc_sema.o
                0x10082bb8                Cy_IPC_Sema_Init
 .text.Cy_IPC_Sema_Clear
                0x10082bfc       0x84 .\CortexM4\ARM_GCC_541\Release\cy_ipc_sema.o
                0x10082bfc                Cy_IPC_Sema_Clear
 .text.Cy_IPC_Sema_Status
                0x10082c80       0x40 .\CortexM4\ARM_GCC_541\Release\cy_ipc_sema.o
                0x10082c80                Cy_IPC_Sema_Status
 .text.Cy_IPC_Pipe_Config
                0x10082cc0       0x10 .\CortexM4\ARM_GCC_541\Release\cy_ipc_pipe.o
                0x10082cc0                Cy_IPC_Pipe_Config
 .text.Cy_IPC_Pipe_EndpointInit
                0x10082cd0       0x60 .\CortexM4\ARM_GCC_541\Release\cy_ipc_pipe.o
                0x10082cd0                Cy_IPC_Pipe_EndpointInit
 .text.Cy_IPC_Pipe_Init
                0x10082d30       0x68 .\CortexM4\ARM_GCC_541\Release\cy_ipc_pipe.o
                0x10082d30                Cy_IPC_Pipe_Init
 .text.Cy_IPC_Pipe_SendMessage
                0x10082d98       0x58 .\CortexM4\ARM_GCC_541\Release\cy_ipc_pipe.o
                0x10082d98                Cy_IPC_Pipe_SendMessage
 .text.Cy_IPC_Pipe_RegisterCallback
                0x10082df0       0x28 .\CortexM4\ARM_GCC_541\Release\cy_ipc_pipe.o
                0x10082df0                Cy_IPC_Pipe_RegisterCallback
 .text.Cy_IPC_Pipe_ExecCallback
                0x10082e18       0x78 .\CortexM4\ARM_GCC_541\Release\cy_ipc_pipe.o
                0x10082e18                Cy_IPC_Pipe_ExecCallback
 .text.Cy_IPC_Pipe_ExecuteCallback
                0x10082e90       0x14 .\CortexM4\ARM_GCC_541\Release\cy_ipc_pipe.o
                0x10082e90                Cy_IPC_Pipe_ExecuteCallback
 .text.Cy_SysInt_SetVector
                0x10082ea4       0x2c .\CortexM4\ARM_GCC_541\Release\cy_sysint.o
                0x10082ea4                Cy_SysInt_SetVector
 .text.Cy_SysInt_Init
                0x10082ed0       0x5c .\CortexM4\ARM_GCC_541\Release\cy_sysint.o
                0x10082ed0                Cy_SysInt_Init
 .text.Cy_SysLib_ProcessingFault
                0x10082f2c        0x2 .\CortexM4\ARM_GCC_541\Release\cy_syslib.o
                0x10082f2c                Cy_SysLib_ProcessingFault
 *fill*         0x10082f2e        0x2 
 .text.Cy_SysLib_FaultHandler
                0x10082f30       0x98 .\CortexM4\ARM_GCC_541\Release\cy_syslib.o
                0x10082f30                Cy_SysLib_FaultHandler
 .text          0x10082fc8       0x20 .\CortexM4\ARM_GCC_541\Release\cy_syslib_gcc.o
                0x10082fc8                Cy_SysLib_DelayCycles
                0x10082fda                Cy_SysLib_EnterCriticalSection
                0x10082fe2                Cy_SysLib_ExitCriticalSection
 .text.Cy_SysLib_GetDeviceRevision
                0x10082fe8       0x12 .\CortexM4\ARM_GCC_541\Release\cy_syspm.o
 *fill*         0x10082ffa        0x2 
 .text.Cy_PDL_Init
                0x10082ffc        0xc .\CortexM4\ARM_GCC_541\Release\cy_device.o
                0x10082ffc                Cy_PDL_Init
 .text.Cy_SCB_ReadArrayNoCheck
                0x10083008       0x36 .\CortexM4\ARM_GCC_541\Release\cy_scb_common.o
                0x10083008                Cy_SCB_ReadArrayNoCheck
 .text.Cy_SCB_ReadArray
                0x1008303e       0x1a .\CortexM4\ARM_GCC_541\Release\cy_scb_common.o
                0x1008303e                Cy_SCB_ReadArray
 .text.Cy_SCB_Write
                0x10083058       0x22 .\CortexM4\ARM_GCC_541\Release\cy_scb_common.o
                0x10083058                Cy_SCB_Write
 .text.Cy_SCB_WriteArrayNoCheck
                0x1008307a       0x36 .\CortexM4\ARM_GCC_541\Release\cy_scb_common.o
                0x1008307a                Cy_SCB_WriteArrayNoCheck
 .text.Cy_SCB_WriteArray
                0x100830b0       0x28 .\CortexM4\ARM_GCC_541\Release\cy_scb_common.o
                0x100830b0                Cy_SCB_WriteArray
 .text.Cy_SCB_UART_Init
                0x100830d8      0x1c4 .\CortexM4\ARM_GCC_541\Release\cy_scb_uart.o
                0x100830d8                Cy_SCB_UART_Init
 .text.Cy_SCB_UART_GetNumInRingBuffer
                0x1008329c       0x18 .\CortexM4\ARM_GCC_541\Release\cy_scb_uart.o
                0x1008329c                Cy_SCB_UART_GetNumInRingBuffer
 .text.Cy_SCB_UART_Interrupt
                0x100832b4      0x282 .\CortexM4\ARM_GCC_541\Release\cy_scb_uart.o
                0x100832b4                Cy_SCB_UART_Interrupt
 .text.vListInsertEnd
                0x10083536       0x18 .\CortexM4\ARM_GCC_541\Release\list.o
                0x10083536                vListInsertEnd
 .text.uxListRemove
                0x1008354e       0x22 .\CortexM4\ARM_GCC_541\Release\list.o
                0x1008354e                uxListRemove
 .text.prvResetNextTaskUnblockTime
                0x10083570       0x20 .\CortexM4\ARM_GCC_541\Release\tasks.o
 .text.xTaskIncrementTick
                0x10083590       0xd8 .\CortexM4\ARM_GCC_541\Release\tasks.o
                0x10083590                xTaskIncrementTick
 .text.vTaskSwitchContext
                0x10083668       0x9c .\CortexM4\ARM_GCC_541\Release\tasks.o
                0x10083668                vTaskSwitchContext
 *fill*         0x10083704        0xc 
 .text.SVC_Handler
                0x10083710       0x24 .\CortexM4\ARM_GCC_541\Release\port.o
                0x10083710                SVC_Handler
 *fill*         0x10083734        0xc 
 .text.PendSV_Handler
                0x10083740       0x64 .\CortexM4\ARM_GCC_541\Release\port.o
                0x10083740                PendSV_Handler
 .text.SysTick_Handler
                0x100837a4       0x2c .\CortexM4\ARM_GCC_541\Release\port.o
                0x100837a4                SysTick_Handler
 .text.vApplicationStackOverflowHook
                0x100837d0       0x12 .\CortexM4\ARM_GCC_541\Release\port.o
                0x100837d0                vApplicationStackOverflowHook
 .text._write   0x100837e2       0x24 .\CortexM4\ARM_GCC_541\Release\retarget.o
                0x100837e2                _write
 .text._read    0x10083806       0x2a .\CortexM4\ARM_GCC_541\Release\retarget.o
                0x10083806                _read
 .text.UART_Interrupt
                0x10083830       0x10 .\CortexM4\ARM_GCC_541\Release\UART.o
 .text.UART_Start
                0x10083840       0x64 .\CortexM4\ARM_GCC_541\Release\UART.o
                0x10083840                UART_Start
 .text.Cy_Crypto_Client_ReleaseIntrHndlr
                0x100838a4       0x38 Generated_Source\PSoC6\pdl\drivers\peripheral\crypto\libs\cy_crypto_client_gcc.a(cy_crypto.o)
 .text.Cy_Crypto_IsServerStarted
                0x100838dc       0x28 Generated_Source\PSoC6\pdl\drivers\peripheral\crypto\libs\cy_crypto_client_gcc.a(cy_crypto.o)
 .text.Cy_Crypto_IsServerReady.isra.0
                0x10083904       0x24 Generated_Source\PSoC6\pdl\drivers\peripheral\crypto\libs\cy_crypto_client_gcc.a(cy_crypto.o)
 .text.Cy_Crypto_Client_Send
                0x10083928       0x68 Generated_Source\PSoC6\pdl\drivers\peripheral\crypto\libs\cy_crypto_client_gcc.a(cy_crypto.o)
 .text.Cy_Crypto_Sync
                0x10083990       0x58 Generated_Source\PSoC6\pdl\drivers\peripheral\crypto\libs\cy_crypto_client_gcc.a(cy_crypto.o)
                0x10083990                Cy_Crypto_Sync
 .text.Cy_Crypto_Init
                0x100839e8       0xa0 Generated_Source\PSoC6\pdl\drivers\peripheral\crypto\libs\cy_crypto_client_gcc.a(cy_crypto.o)
                0x100839e8                Cy_Crypto_Init
 .text.Cy_Crypto_Enable
                0x10083a88       0x30 Generated_Source\PSoC6\pdl\drivers\peripheral\crypto\libs\cy_crypto_client_gcc.a(cy_crypto.o)
                0x10083a88                Cy_Crypto_Enable
 .text.Cy_Crypto_Trng_Generate
                0x10083ab8       0x28 Generated_Source\PSoC6\pdl\drivers\peripheral\crypto\libs\cy_crypto_client_gcc.a(cy_crypto.o)
                0x10083ab8                Cy_Crypto_Trng_Generate
 .text.__NVIC_ClearPendingIRQ
                0x10083ae0       0x1c Generated_Source\PSoC6\pdl\drivers\peripheral\crypto\libs\cy_crypto_server_gcc.a(cy_crypto_server.o)
 .text.Cy_Crypto_Server_ErrorHandler
                0x10083afc       0x50 Generated_Source\PSoC6\pdl\drivers\peripheral\crypto\libs\cy_crypto_server_gcc.a(cy_crypto_server.o)
                0x10083afc                Cy_Crypto_Server_ErrorHandler
 .text.Cy_Crypto_Server_Start_Common
                0x10083b4c       0xcc Generated_Source\PSoC6\pdl\drivers\peripheral\crypto\libs\cy_crypto_server_gcc.a(cy_crypto_server.o)
 .text.Cy_Crypto_Server_Start_Full
                0x10083c18       0x34 Generated_Source\PSoC6\pdl\drivers\peripheral\crypto\libs\cy_crypto_server_gcc.a(cy_crypto_server.o)
                0x10083c18                Cy_Crypto_Server_Start_Full
 .text.Cy_Crypto_Server_Process
                0x10083c4c      0x330 Generated_Source\PSoC6\pdl\drivers\peripheral\crypto\libs\cy_crypto_server_gcc.a(cy_crypto_server.o)
                0x10083c4c                Cy_Crypto_Server_Process
 .text.Cy_Crypto_Server_GetDataHandler
                0x10083f7c       0x54 Generated_Source\PSoC6\pdl\drivers\peripheral\crypto\libs\cy_crypto_server_gcc.a(cy_crypto_server.o)
                0x10083f7c                Cy_Crypto_Server_GetDataHandler
 .text.Cy_Crypto_Core_V1_Aes_ProcessBlock
                0x10083fd0       0x44 Generated_Source\PSoC6\pdl\drivers\peripheral\crypto\libs\cy_crypto_server_gcc.a(cy_crypto_core_aes_v1.o)
                0x10083fd0                Cy_Crypto_Core_V1_Aes_ProcessBlock
 .text.Cy_Crypto_Core_V1_Aes_Xor
                0x10084014       0x34 Generated_Source\PSoC6\pdl\drivers\peripheral\crypto\libs\cy_crypto_server_gcc.a(cy_crypto_core_aes_v1.o)
                0x10084014                Cy_Crypto_Core_V1_Aes_Xor
 .text.Cy_Crypto_Core_V1_Aes_Init
                0x10084048       0x58 Generated_Source\PSoC6\pdl\drivers\peripheral\crypto\libs\cy_crypto_server_gcc.a(cy_crypto_core_aes_v1.o)
                0x10084048                Cy_Crypto_Core_V1_Aes_Init
 .text.Cy_Crypto_Core_V1_Aes_Ecb
                0x100840a0       0x40 Generated_Source\PSoC6\pdl\drivers\peripheral\crypto\libs\cy_crypto_server_gcc.a(cy_crypto_core_aes_v1.o)
                0x100840a0                Cy_Crypto_Core_V1_Aes_Ecb
 .text.Cy_Crypto_Core_V1_Aes_Cbc
                0x100840e0       0xf0 Generated_Source\PSoC6\pdl\drivers\peripheral\crypto\libs\cy_crypto_server_gcc.a(cy_crypto_core_aes_v1.o)
                0x100840e0                Cy_Crypto_Core_V1_Aes_Cbc
 .text.Cy_Crypto_Core_V1_Aes_Cfb
                0x100841d0       0xa8 Generated_Source\PSoC6\pdl\drivers\peripheral\crypto\libs\cy_crypto_server_gcc.a(cy_crypto_core_aes_v1.o)
                0x100841d0                Cy_Crypto_Core_V1_Aes_Cfb
 .text.Cy_Crypto_Core_V1_Aes_Ctr
                0x10084278       0xc6 Generated_Source\PSoC6\pdl\drivers\peripheral\crypto\libs\cy_crypto_server_gcc.a(cy_crypto_core_aes_v1.o)
                0x10084278                Cy_Crypto_Core_V1_Aes_Ctr
 .text.Cy_Crypto_Core_V1_Cmac_CalcSubKey
                0x1008433e       0x2a Generated_Source\PSoC6\pdl\drivers\peripheral\crypto\libs\cy_crypto_server_gcc.a(cy_crypto_core_cmac_v1.o)
 .text.Cy_Crypto_Core_V1_Cmac_Start
                0x10084368       0x2a Generated_Source\PSoC6\pdl\drivers\peripheral\crypto\libs\cy_crypto_server_gcc.a(cy_crypto_core_cmac_v1.o)
                0x10084368                Cy_Crypto_Core_V1_Cmac_Start
 .text.Cy_Crypto_Core_V1_Cmac_Update
                0x10084392       0x64 Generated_Source\PSoC6\pdl\drivers\peripheral\crypto\libs\cy_crypto_server_gcc.a(cy_crypto_core_cmac_v1.o)
                0x10084392                Cy_Crypto_Core_V1_Cmac_Update
 .text.Cy_Crypto_Core_V1_Cmac_Finish
                0x100843f6       0x74 Generated_Source\PSoC6\pdl\drivers\peripheral\crypto\libs\cy_crypto_server_gcc.a(cy_crypto_core_cmac_v1.o)
                0x100843f6                Cy_Crypto_Core_V1_Cmac_Finish
 *fill*         0x1008446a        0x2 
 .text.Cy_Crypto_Core_V1_Cmac
                0x1008446c       0x60 Generated_Source\PSoC6\pdl\drivers\peripheral\crypto\libs\cy_crypto_server_gcc.a(cy_crypto_core_cmac_v1.o)
                0x1008446c                Cy_Crypto_Core_V1_Cmac
 .text.Cy_Crypto_Core_V1_Hmac
                0x100844cc      0x198 Generated_Source\PSoC6\pdl\drivers\peripheral\crypto\libs\cy_crypto_server_gcc.a(cy_crypto_core_hmac_v1.o)
                0x100844cc                Cy_Crypto_Core_V1_Hmac
 .text.Cy_Crypto_Core_GetFIFOUsed
                0x10084664       0x14 Generated_Source\PSoC6\pdl\drivers\peripheral\crypto\libs\cy_crypto_server_gcc.a(cy_crypto_core_aes_v2.o)
 .text.Cy_Crypto_Core_V2_FFContinue
                0x10084678       0x54 Generated_Source\PSoC6\pdl\drivers\peripheral\crypto\libs\cy_crypto_server_gcc.a(cy_crypto_core_aes_v2.o)
 .text.Cy_Crypto_Core_V2_BlockMov
                0x100846cc       0x34 Generated_Source\PSoC6\pdl\drivers\peripheral\crypto\libs\cy_crypto_server_gcc.a(cy_crypto_core_aes_v2.o)
 .text.Cy_Crypto_Core_V2_RBSetByte
                0x10084700       0x2c Generated_Source\PSoC6\pdl\drivers\peripheral\crypto\libs\cy_crypto_server_gcc.a(cy_crypto_core_aes_v2.o)
 .text.Cy_Crypto_Core_V2_RunAes
                0x1008472c       0x24 Generated_Source\PSoC6\pdl\drivers\peripheral\crypto\libs\cy_crypto_server_gcc.a(cy_crypto_core_aes_v2.o)
 .text.Cy_Crypto_Core_V2_RunAesInv
                0x10084750       0x24 Generated_Source\PSoC6\pdl\drivers\peripheral\crypto\libs\cy_crypto_server_gcc.a(cy_crypto_core_aes_v2.o)
 .text.Cy_Crypto_Core_V2_FFStart.constprop.3
                0x10084774       0x34 Generated_Source\PSoC6\pdl\drivers\peripheral\crypto\libs\cy_crypto_server_gcc.a(cy_crypto_core_aes_v2.o)
 .text.Cy_Crypto_Core_V2_Aes_LoadEncKey
                0x100847a8       0x34 Generated_Source\PSoC6\pdl\drivers\peripheral\crypto\libs\cy_crypto_server_gcc.a(cy_crypto_core_aes_v2.o)
                0x100847a8                Cy_Crypto_Core_V2_Aes_LoadEncKey
 .text.Cy_Crypto_Core_V2_Aes_LoadDecKey
                0x100847dc       0x34 Generated_Source\PSoC6\pdl\drivers\peripheral\crypto\libs\cy_crypto_server_gcc.a(cy_crypto_core_aes_v2.o)
                0x100847dc                Cy_Crypto_Core_V2_Aes_LoadDecKey
 .text.Cy_Crypto_Core_V2_Aes_Init
                0x10084810       0x30 Generated_Source\PSoC6\pdl\drivers\peripheral\crypto\libs\cy_crypto_server_gcc.a(cy_crypto_core_aes_v2.o)
                0x10084810                Cy_Crypto_Core_V2_Aes_Init
 .text.Cy_Crypto_Core_V2_Aes_Ecb
                0x10084840       0x5c Generated_Source\PSoC6\pdl\drivers\peripheral\crypto\libs\cy_crypto_server_gcc.a(cy_crypto_core_aes_v2.o)
                0x10084840                Cy_Crypto_Core_V2_Aes_Ecb
 .text.Cy_Crypto_Core_V2_Aes_Cbc
                0x1008489c       0xdc Generated_Source\PSoC6\pdl\drivers\peripheral\crypto\libs\cy_crypto_server_gcc.a(cy_crypto_core_aes_v2.o)
                0x1008489c                Cy_Crypto_Core_V2_Aes_Cbc
 .text.Cy_Crypto_Core_V2_Aes_Cfb
                0x10084978       0xc0 Generated_Source\PSoC6\pdl\drivers\peripheral\crypto\libs\cy_crypto_server_gcc.a(cy_crypto_core_aes_v2.o)
                0x10084978                Cy_Crypto_Core_V2_Aes_Cfb
 .text.Cy_Crypto_Core_V2_Aes_Ctr
                0x10084a38      0x188 Generated_Source\PSoC6\pdl\drivers\peripheral\crypto\libs\cy_crypto_server_gcc.a(cy_crypto_core_aes_v2.o)
                0x10084a38                Cy_Crypto_Core_V2_Aes_Ctr
 .text.Cy_Crypto_Core_GetFIFOUsed
                0x10084bc0       0x14 Generated_Source\PSoC6\pdl\drivers\peripheral\crypto\libs\cy_crypto_server_gcc.a(cy_crypto_core_cmac_v2.o)
 .text.Cy_Crypto_Core_V2_RunAes
                0x10084bd4       0x24 Generated_Source\PSoC6\pdl\drivers\peripheral\crypto\libs\cy_crypto_server_gcc.a(cy_crypto_core_cmac_v2.o)
 .text.Cy_Crypto_Core_V2_Cmac_CalcSubKey
                0x10084bf8       0x2a Generated_Source\PSoC6\pdl\drivers\peripheral\crypto\libs\cy_crypto_server_gcc.a(cy_crypto_core_cmac_v2.o)
 *fill*         0x10084c22        0x2 
 .text.Cy_Crypto_Core_V2_FFContinue.constprop.2
                0x10084c24       0x40 Generated_Source\PSoC6\pdl\drivers\peripheral\crypto\libs\cy_crypto_server_gcc.a(cy_crypto_core_cmac_v2.o)
 .text.Cy_Crypto_Core_V2_FFStart.constprop.3
                0x10084c64       0x34 Generated_Source\PSoC6\pdl\drivers\peripheral\crypto\libs\cy_crypto_server_gcc.a(cy_crypto_core_cmac_v2.o)
 .text.Cy_Crypto_Core_V2_Cmac_Start
                0x10084c98       0x78 Generated_Source\PSoC6\pdl\drivers\peripheral\crypto\libs\cy_crypto_server_gcc.a(cy_crypto_core_cmac_v2.o)
                0x10084c98                Cy_Crypto_Core_V2_Cmac_Start
 .text.Cy_Crypto_Core_V2_Cmac_Update
                0x10084d10       0x44 Generated_Source\PSoC6\pdl\drivers\peripheral\crypto\libs\cy_crypto_server_gcc.a(cy_crypto_core_cmac_v2.o)
                0x10084d10                Cy_Crypto_Core_V2_Cmac_Update
 .text.Cy_Crypto_Core_V2_Cmac_Finish
                0x10084d54       0xa8 Generated_Source\PSoC6\pdl\drivers\peripheral\crypto\libs\cy_crypto_server_gcc.a(cy_crypto_core_cmac_v2.o)
                0x10084d54                Cy_Crypto_Core_V2_Cmac_Finish
 .text.Cy_Crypto_Core_V2_Cmac
                0x10084dfc       0x46 Generated_Source\PSoC6\pdl\drivers\peripheral\crypto\libs\cy_crypto_server_gcc.a(cy_crypto_core_cmac_v2.o)
                0x10084dfc                Cy_Crypto_Core_V2_Cmac
 .text.Cy_Crypto_Core_V2_Hmac
                0x10084e42      0x142 Generated_Source\PSoC6\pdl\drivers\peripheral\crypto\libs\cy_crypto_server_gcc.a(cy_crypto_core_hmac_v2.o)
                0x10084e42                Cy_Crypto_Core_V2_Hmac
 .text.Cy_Crypto_Core_WaitForReady
                0x10084f84       0x14 Generated_Source\PSoC6\pdl\drivers\peripheral\crypto\libs\cy_crypto_server_gcc.a(cy_crypto_core_rsa.o)
 .text.Cy_Crypto_Core_MemCmp
                0x10084f98       0x20 Generated_Source\PSoC6\pdl\drivers\peripheral\crypto\libs\cy_crypto_server_gcc.a(cy_crypto_core_rsa.o)
 .text.Cy_Crypto_Core_MemSet.constprop.2
                0x10084fb8       0x24 Generated_Source\PSoC6\pdl\drivers\peripheral\crypto\libs\cy_crypto_server_gcc.a(cy_crypto_core_rsa.o)
 .text.CY_CRYPTO_VU_COND_SET_BIT.constprop.12
                0x10084fdc       0x30 Generated_Source\PSoC6\pdl\drivers\peripheral\crypto\libs\cy_crypto_server_gcc.a(cy_crypto_core_rsa.o)
 .text.CY_CRYPTO_VU_COND_LSR1.constprop.17
                0x1008500c       0x34 Generated_Source\PSoC6\pdl\drivers\peripheral\crypto\libs\cy_crypto_server_gcc.a(cy_crypto_core_rsa.o)
 .text.CY_CRYPTO_VU_ALLOC_MEM
                0x10085040       0x34 Generated_Source\PSoC6\pdl\drivers\peripheral\crypto\libs\cy_crypto_server_gcc.a(cy_crypto_core_rsa.o)
 .text.CY_CRYPTO_VU_SET_REG.constprop.27
                0x10085074       0x34 Generated_Source\PSoC6\pdl\drivers\peripheral\crypto\libs\cy_crypto_server_gcc.a(cy_crypto_core_rsa.o)
 .text.Cy_Crypto_Core_Rsa_BarrettGetU
                0x100850a8       0xd8 Generated_Source\PSoC6\pdl\drivers\peripheral\crypto\libs\cy_crypto_server_gcc.a(cy_crypto_core_rsa.o)
 .text.Cy_Crypto_Core_Rsa_MontTransform
                0x10085180      0x114 Generated_Source\PSoC6\pdl\drivers\peripheral\crypto\libs\cy_crypto_server_gcc.a(cy_crypto_core_rsa.o)
 .text.Cy_Crypto_Core_Rsa_MontCoeff
                0x10085294      0x160 Generated_Source\PSoC6\pdl\drivers\peripheral\crypto\libs\cy_crypto_server_gcc.a(cy_crypto_core_rsa.o)
 .text.Cy_Crypto_Core_Rsa_MontMul.constprop.1
                0x100853f4      0x168 Generated_Source\PSoC6\pdl\drivers\peripheral\crypto\libs\cy_crypto_server_gcc.a(cy_crypto_core_rsa.o)
 .text.Cy_Crypto_Core_Rsa_Verify
                0x1008555c       0x9c Generated_Source\PSoC6\pdl\drivers\peripheral\crypto\libs\cy_crypto_server_gcc.a(cy_crypto_core_rsa.o)
                0x1008555c                Cy_Crypto_Core_Rsa_Verify
 .text.Cy_Crypto_Core_Rsa_Proc
                0x100855f8      0x330 Generated_Source\PSoC6\pdl\drivers\peripheral\crypto\libs\cy_crypto_server_gcc.a(cy_crypto_core_rsa.o)
                0x100855f8                Cy_Crypto_Core_Rsa_Proc
 .text.Cy_Crypto_Core_Rsa_Coef
                0x10085928       0xf0 Generated_Source\PSoC6\pdl\drivers\peripheral\crypto\libs\cy_crypto_server_gcc.a(cy_crypto_core_rsa.o)
                0x10085928                Cy_Crypto_Core_Rsa_Coef
 .text.Cy_Crypto_Core_V1_Crc_Init
                0x10085a18       0x3c Generated_Source\PSoC6\pdl\drivers\peripheral\crypto\libs\cy_crypto_server_gcc.a(cy_crypto_core_crc_v1.o)
                0x10085a18                Cy_Crypto_Core_V1_Crc_Init
 .text.Cy_Crypto_Core_V1_Crc
                0x10085a54       0x44 Generated_Source\PSoC6\pdl\drivers\peripheral\crypto\libs\cy_crypto_server_gcc.a(cy_crypto_core_crc_v1.o)
                0x10085a54                Cy_Crypto_Core_V1_Crc
 .text.Cy_Crypto_Core_V1_Des_ProcessBlock
                0x10085a98       0x48 Generated_Source\PSoC6\pdl\drivers\peripheral\crypto\libs\cy_crypto_server_gcc.a(cy_crypto_core_des_v1.o)
 .text.Cy_Crypto_Core_V1_Des
                0x10085ae0       0x88 Generated_Source\PSoC6\pdl\drivers\peripheral\crypto\libs\cy_crypto_server_gcc.a(cy_crypto_core_des_v1.o)
                0x10085ae0                Cy_Crypto_Core_V1_Des
 .text.Cy_Crypto_Core_V1_Tdes
                0x10085b68       0xb0 Generated_Source\PSoC6\pdl\drivers\peripheral\crypto\libs\cy_crypto_server_gcc.a(cy_crypto_core_des_v1.o)
                0x10085b68                Cy_Crypto_Core_V1_Tdes
 .text.Cy_Crypto_Core_V1_Prng_Init
                0x10085c18       0x20 Generated_Source\PSoC6\pdl\drivers\peripheral\crypto\libs\cy_crypto_server_gcc.a(cy_crypto_core_prng_v1.o)
                0x10085c18                Cy_Crypto_Core_V1_Prng_Init
 .text.Cy_Crypto_Core_V1_Prng
                0x10085c38       0x34 Generated_Source\PSoC6\pdl\drivers\peripheral\crypto\libs\cy_crypto_server_gcc.a(cy_crypto_core_prng_v1.o)
                0x10085c38                Cy_Crypto_Core_V1_Prng
 .text.Cy_Crypto_Core_V1_Sha_ProcessBlock
                0x10085c6c       0x3c Generated_Source\PSoC6\pdl\drivers\peripheral\crypto\libs\cy_crypto_server_gcc.a(cy_crypto_core_sha_v1.o)
                0x10085c6c                Cy_Crypto_Core_V1_Sha_ProcessBlock
 .text.Cy_Crypto_Core_V1_Sha_Init
                0x10085ca8       0xcc Generated_Source\PSoC6\pdl\drivers\peripheral\crypto\libs\cy_crypto_server_gcc.a(cy_crypto_core_sha_v1.o)
                0x10085ca8                Cy_Crypto_Core_V1_Sha_Init
 .text.Cy_Crypto_Core_V1_Sha_Start
                0x10085d74       0x10 Generated_Source\PSoC6\pdl\drivers\peripheral\crypto\libs\cy_crypto_server_gcc.a(cy_crypto_core_sha_v1.o)
                0x10085d74                Cy_Crypto_Core_V1_Sha_Start
 .text.Cy_Crypto_Core_V1_Sha_Update
                0x10085d84       0x34 Generated_Source\PSoC6\pdl\drivers\peripheral\crypto\libs\cy_crypto_server_gcc.a(cy_crypto_core_sha_v1.o)
                0x10085d84                Cy_Crypto_Core_V1_Sha_Update
 .text.Cy_Crypto_Core_V1_Sha_Finish
                0x10085db8       0xb6 Generated_Source\PSoC6\pdl\drivers\peripheral\crypto\libs\cy_crypto_server_gcc.a(cy_crypto_core_sha_v1.o)
                0x10085db8                Cy_Crypto_Core_V1_Sha_Finish
 .text.Cy_Crypto_Core_V1_Sha_Free
                0x10085e6e       0x30 Generated_Source\PSoC6\pdl\drivers\peripheral\crypto\libs\cy_crypto_server_gcc.a(cy_crypto_core_sha_v1.o)
                0x10085e6e                Cy_Crypto_Core_V1_Sha_Free
 *fill*         0x10085e9e        0x2 
 .text.Cy_Crypto_Core_V1_Sha
                0x10085ea0       0x74 Generated_Source\PSoC6\pdl\drivers\peripheral\crypto\libs\cy_crypto_server_gcc.a(cy_crypto_core_sha_v1.o)
                0x10085ea0                Cy_Crypto_Core_V1_Sha
 .text.Cy_Crypto_Core_V1_MemCpy
                0x10085f14       0x38 Generated_Source\PSoC6\pdl\drivers\peripheral\crypto\libs\cy_crypto_server_gcc.a(cy_crypto_core_mem_v1.o)
                0x10085f14                Cy_Crypto_Core_V1_MemCpy
 .text.Cy_Crypto_Core_V1_MemSet
                0x10085f4c       0x38 Generated_Source\PSoC6\pdl\drivers\peripheral\crypto\libs\cy_crypto_server_gcc.a(cy_crypto_core_mem_v1.o)
                0x10085f4c                Cy_Crypto_Core_V1_MemSet
 .text.Cy_Crypto_Core_V1_MemCmp
                0x10085f84       0x34 Generated_Source\PSoC6\pdl\drivers\peripheral\crypto\libs\cy_crypto_server_gcc.a(cy_crypto_core_mem_v1.o)
                0x10085f84                Cy_Crypto_Core_V1_MemCmp
 .text.Cy_Crypto_Core_V1_MemXor
                0x10085fb8       0x40 Generated_Source\PSoC6\pdl\drivers\peripheral\crypto\libs\cy_crypto_server_gcc.a(cy_crypto_core_mem_v1.o)
                0x10085fb8                Cy_Crypto_Core_V1_MemXor
 .text.Cy_Crypto_Core_V1_Trng
                0x10085ff8       0x6c Generated_Source\PSoC6\pdl\drivers\peripheral\crypto\libs\cy_crypto_server_gcc.a(cy_crypto_core_trng_v1.o)
                0x10085ff8                Cy_Crypto_Core_V1_Trng
 .text.Cy_Crypto_Core_GetFIFOUsed
                0x10086064       0x14 Generated_Source\PSoC6\pdl\drivers\peripheral\crypto\libs\cy_crypto_server_gcc.a(cy_crypto_core_hw_v1.o)
 .text.Cy_Crypto_SetReg1Instr
                0x10086078       0x2c Generated_Source\PSoC6\pdl\drivers\peripheral\crypto\libs\cy_crypto_server_gcc.a(cy_crypto_core_hw_v1.o)
                0x10086078                Cy_Crypto_SetReg1Instr
 .text.Cy_Crypto_SetReg2Instr
                0x100860a4       0x34 Generated_Source\PSoC6\pdl\drivers\peripheral\crypto\libs\cy_crypto_server_gcc.a(cy_crypto_core_hw_v1.o)
                0x100860a4                Cy_Crypto_SetReg2Instr
 .text.Cy_Crypto_SetReg3Instr
                0x100860d8       0x3c Generated_Source\PSoC6\pdl\drivers\peripheral\crypto\libs\cy_crypto_server_gcc.a(cy_crypto_core_hw_v1.o)
                0x100860d8                Cy_Crypto_SetReg3Instr
 .text.Cy_Crypto_SetReg4Instr
                0x10086114       0x44 Generated_Source\PSoC6\pdl\drivers\peripheral\crypto\libs\cy_crypto_server_gcc.a(cy_crypto_core_hw_v1.o)
                0x10086114                Cy_Crypto_SetReg4Instr
 .text.Cy_Crypto_Run1ParamInstr
                0x10086158       0x24 Generated_Source\PSoC6\pdl\drivers\peripheral\crypto\libs\cy_crypto_server_gcc.a(cy_crypto_core_hw_v1.o)
                0x10086158                Cy_Crypto_Run1ParamInstr
 .text.Cy_Crypto_Run2ParamInstr
                0x1008617c       0x2c Generated_Source\PSoC6\pdl\drivers\peripheral\crypto\libs\cy_crypto_server_gcc.a(cy_crypto_core_hw_v1.o)
                0x1008617c                Cy_Crypto_Run2ParamInstr
 .text.Cy_Crypto_Run3ParamInstr
                0x100861a8       0x34 Generated_Source\PSoC6\pdl\drivers\peripheral\crypto\libs\cy_crypto_server_gcc.a(cy_crypto_core_hw_v1.o)
                0x100861a8                Cy_Crypto_Run3ParamInstr
 .text.Cy_Crypto_Run4ParamInstr
                0x100861dc       0x3c Generated_Source\PSoC6\pdl\drivers\peripheral\crypto\libs\cy_crypto_server_gcc.a(cy_crypto_core_hw_v1.o)
                0x100861dc                Cy_Crypto_Run4ParamInstr
 .text.Cy_Crypto_Core_V2_Crc_Init
                0x10086218       0x3c Generated_Source\PSoC6\pdl\drivers\peripheral\crypto\libs\cy_crypto_server_gcc.a(cy_crypto_core_crc_v2.o)
                0x10086218                Cy_Crypto_Core_V2_Crc_Init
 .text.Cy_Crypto_Core_V2_Crc
                0x10086254       0x68 Generated_Source\PSoC6\pdl\drivers\peripheral\crypto\libs\cy_crypto_server_gcc.a(cy_crypto_core_crc_v2.o)
                0x10086254                Cy_Crypto_Core_V2_Crc
 .text.Cy_Crypto_Core_V2_FFContinue.constprop.0
                0x100862bc       0x3c Generated_Source\PSoC6\pdl\drivers\peripheral\crypto\libs\cy_crypto_server_gcc.a(cy_crypto_core_des_v2.o)
 .text.Cy_Crypto_Core_V2_Run
                0x100862f8       0x24 Generated_Source\PSoC6\pdl\drivers\peripheral\crypto\libs\cy_crypto_server_gcc.a(cy_crypto_core_des_v2.o)
 .text.Cy_Crypto_Core_V2_BlockMov
                0x1008631c       0x30 Generated_Source\PSoC6\pdl\drivers\peripheral\crypto\libs\cy_crypto_server_gcc.a(cy_crypto_core_des_v2.o)
 .text.Cy_Crypto_Core_V2_FFStart.constprop.1
                0x1008634c       0x34 Generated_Source\PSoC6\pdl\drivers\peripheral\crypto\libs\cy_crypto_server_gcc.a(cy_crypto_core_des_v2.o)
 .text.Cy_Crypto_Core_V2_Des
                0x10086380       0x88 Generated_Source\PSoC6\pdl\drivers\peripheral\crypto\libs\cy_crypto_server_gcc.a(cy_crypto_core_des_v2.o)
                0x10086380                Cy_Crypto_Core_V2_Des
 .text.Cy_Crypto_Core_V2_Tdes
                0x10086408       0xb8 Generated_Source\PSoC6\pdl\drivers\peripheral\crypto\libs\cy_crypto_server_gcc.a(cy_crypto_core_des_v2.o)
                0x10086408                Cy_Crypto_Core_V2_Tdes
 .text.Cy_Crypto_Core_V2_Prng_Init
                0x100864c0       0x20 Generated_Source\PSoC6\pdl\drivers\peripheral\crypto\libs\cy_crypto_server_gcc.a(cy_crypto_core_prng_v2.o)
                0x100864c0                Cy_Crypto_Core_V2_Prng_Init
 .text.Cy_Crypto_Core_V2_Prng
                0x100864e0       0x2c Generated_Source\PSoC6\pdl\drivers\peripheral\crypto\libs\cy_crypto_server_gcc.a(cy_crypto_core_prng_v2.o)
                0x100864e0                Cy_Crypto_Core_V2_Prng
 .text.Cy_Crypto_Core_GetFIFOUsed
                0x1008650c       0x14 Generated_Source\PSoC6\pdl\drivers\peripheral\crypto\libs\cy_crypto_server_gcc.a(cy_crypto_core_sha_v2.o)
 .text.Cy_Crypto_Core_V2_Sync
                0x10086520       0x14 Generated_Source\PSoC6\pdl\drivers\peripheral\crypto\libs\cy_crypto_server_gcc.a(cy_crypto_core_sha_v2.o)
 .text.Cy_Crypto_Core_V2_FFStart
                0x10086534       0x38 Generated_Source\PSoC6\pdl\drivers\peripheral\crypto\libs\cy_crypto_server_gcc.a(cy_crypto_core_sha_v2.o)
 .text.Cy_Crypto_Core_V2_Run
                0x1008656c       0x24 Generated_Source\PSoC6\pdl\drivers\peripheral\crypto\libs\cy_crypto_server_gcc.a(cy_crypto_core_sha_v2.o)
 .text.Cy_Crypto_Core_V2_RBClear
                0x10086590       0x24 Generated_Source\PSoC6\pdl\drivers\peripheral\crypto\libs\cy_crypto_server_gcc.a(cy_crypto_core_sha_v2.o)
 .text.Cy_Crypto_Core_V2_RBSwap
                0x100865b4       0x24 Generated_Source\PSoC6\pdl\drivers\peripheral\crypto\libs\cy_crypto_server_gcc.a(cy_crypto_core_sha_v2.o)
 .text.Cy_Crypto_Core_V2_RBSetByte
                0x100865d8       0x2c Generated_Source\PSoC6\pdl\drivers\peripheral\crypto\libs\cy_crypto_server_gcc.a(cy_crypto_core_sha_v2.o)
 .text.Cy_Crypto_Core_V2_RBXor.constprop.1
                0x10086604       0x28 Generated_Source\PSoC6\pdl\drivers\peripheral\crypto\libs\cy_crypto_server_gcc.a(cy_crypto_core_sha_v2.o)
 .text.Cy_Crypto_Core_V2_Sha_Init
                0x1008662c       0xbc Generated_Source\PSoC6\pdl\drivers\peripheral\crypto\libs\cy_crypto_server_gcc.a(cy_crypto_core_sha_v2.o)
                0x1008662c                Cy_Crypto_Core_V2_Sha_Init
 .text.Cy_Crypto_Core_V2_Sha_Start
                0x100866e8       0x38 Generated_Source\PSoC6\pdl\drivers\peripheral\crypto\libs\cy_crypto_server_gcc.a(cy_crypto_core_sha_v2.o)
                0x100866e8                Cy_Crypto_Core_V2_Sha_Start
 .text.Cy_Crypto_Core_V2_Sha_Update
                0x10086720       0x64 Generated_Source\PSoC6\pdl\drivers\peripheral\crypto\libs\cy_crypto_server_gcc.a(cy_crypto_core_sha_v2.o)
                0x10086720                Cy_Crypto_Core_V2_Sha_Update
 .text.Cy_Crypto_Core_V2_Sha_Finish
                0x10086784       0xec Generated_Source\PSoC6\pdl\drivers\peripheral\crypto\libs\cy_crypto_server_gcc.a(cy_crypto_core_sha_v2.o)
                0x10086784                Cy_Crypto_Core_V2_Sha_Finish
 .text.Cy_Crypto_Core_V2_Sha_Free
                0x10086870       0x1a Generated_Source\PSoC6\pdl\drivers\peripheral\crypto\libs\cy_crypto_server_gcc.a(cy_crypto_core_sha_v2.o)
                0x10086870                Cy_Crypto_Core_V2_Sha_Free
 .text.Cy_Crypto_Core_V2_Sha
                0x1008688a       0x42 Generated_Source\PSoC6\pdl\drivers\peripheral\crypto\libs\cy_crypto_server_gcc.a(cy_crypto_core_sha_v2.o)
                0x1008688a                Cy_Crypto_Core_V2_Sha
 .text.Cy_Crypto_Core_GetFIFOUsed
                0x100868cc       0x14 Generated_Source\PSoC6\pdl\drivers\peripheral\crypto\libs\cy_crypto_server_gcc.a(cy_crypto_core_mem_v2.o)
 .text.Cy_Crypto_Core_V2_Sync
                0x100868e0       0x14 Generated_Source\PSoC6\pdl\drivers\peripheral\crypto\libs\cy_crypto_server_gcc.a(cy_crypto_core_mem_v2.o)
 .text.Cy_Crypto_Core_V2_FFContinue
                0x100868f4       0x54 Generated_Source\PSoC6\pdl\drivers\peripheral\crypto\libs\cy_crypto_server_gcc.a(cy_crypto_core_mem_v2.o)
 .text.Cy_Crypto_Core_V2_FFStart.constprop.4
                0x10086948       0x34 Generated_Source\PSoC6\pdl\drivers\peripheral\crypto\libs\cy_crypto_server_gcc.a(cy_crypto_core_mem_v2.o)
 .text.Cy_Crypto_Core_V2_MemCpy
                0x1008697c       0x78 Generated_Source\PSoC6\pdl\drivers\peripheral\crypto\libs\cy_crypto_server_gcc.a(cy_crypto_core_mem_v2.o)
                0x1008697c                Cy_Crypto_Core_V2_MemCpy
 .text.Cy_Crypto_Core_V2_MemSet
                0x100869f4       0x74 Generated_Source\PSoC6\pdl\drivers\peripheral\crypto\libs\cy_crypto_server_gcc.a(cy_crypto_core_mem_v2.o)
                0x100869f4                Cy_Crypto_Core_V2_MemSet
 .text.Cy_Crypto_Core_V2_MemCmp
                0x10086a68       0x8c Generated_Source\PSoC6\pdl\drivers\peripheral\crypto\libs\cy_crypto_server_gcc.a(cy_crypto_core_mem_v2.o)
                0x10086a68                Cy_Crypto_Core_V2_MemCmp
 .text.Cy_Crypto_Core_V2_MemXor
                0x10086af4       0x8c Generated_Source\PSoC6\pdl\drivers\peripheral\crypto\libs\cy_crypto_server_gcc.a(cy_crypto_core_mem_v2.o)
                0x10086af4                Cy_Crypto_Core_V2_MemXor
 .text.Cy_Crypto_Core_V2_Trng
                0x10086b80       0xa0 Generated_Source\PSoC6\pdl\drivers\peripheral\crypto\libs\cy_crypto_server_gcc.a(cy_crypto_core_trng_v2.o)
                0x10086b80                Cy_Crypto_Core_V2_Trng
 .text.CY_CRYPTO_VU_SET_REG.constprop.0
                0x10086c20       0x34 Generated_Source\PSoC6\pdl\drivers\peripheral\crypto\libs\cy_crypto_server_gcc.a(cy_crypto_core_hw.o)
 .text.Cy_Crypto_Core_HwInit
                0x10086c54       0x24 Generated_Source\PSoC6\pdl\drivers\peripheral\crypto\libs\cy_crypto_server_gcc.a(cy_crypto_core_hw.o)
                0x10086c54                Cy_Crypto_Core_HwInit
 .text.Cy_Crypto_Core_Enable
                0x10086c78      0x114 Generated_Source\PSoC6\pdl\drivers\peripheral\crypto\libs\cy_crypto_server_gcc.a(cy_crypto_core_hw.o)
                0x10086c78                Cy_Crypto_Core_Enable
 .text.Cy_Crypto_Core_GetLibInfo
                0x10086d8c        0x8 Generated_Source\PSoC6\pdl\drivers\peripheral\crypto\libs\cy_crypto_server_gcc.a(cy_crypto_core_hw.o)
                0x10086d8c                Cy_Crypto_Core_GetLibInfo
 .text.Cy_Crypto_Core_Disable
                0x10086d94       0x1c Generated_Source\PSoC6\pdl\drivers\peripheral\crypto\libs\cy_crypto_server_gcc.a(cy_crypto_core_hw.o)
                0x10086d94                Cy_Crypto_Core_Disable
 .text.Cy_Crypto_Core_Vu_RegMemPointer
                0x10086db0       0x20 Generated_Source\PSoC6\pdl\drivers\peripheral\crypto\libs\cy_crypto_server_gcc.a(cy_crypto_core_vu.o)
 .text.Cy_Crypto_Core_MemCpy
                0x10086dd0       0x20 Generated_Source\PSoC6\pdl\drivers\peripheral\crypto\libs\cy_crypto_server_gcc.a(cy_crypto_core_vu.o)
 .text.Cy_Crypto_Core_Vu_SetMemValue
                0x10086df0       0x26 Generated_Source\PSoC6\pdl\drivers\peripheral\crypto\libs\cy_crypto_server_gcc.a(cy_crypto_core_vu.o)
                0x10086df0                Cy_Crypto_Core_Vu_SetMemValue
 .text.Cy_Crypto_Core_Vu_GetMemValue
                0x10086e16       0x28 Generated_Source\PSoC6\pdl\drivers\peripheral\crypto\libs\cy_crypto_server_gcc.a(cy_crypto_core_vu.o)
                0x10086e16                Cy_Crypto_Core_Vu_GetMemValue
 *fill*         0x10086e3e        0x2 
 .text          0x10086e40       0x14 c:/program files (x86)/cypress/psoc creator/4.4/psoc creator/import/gnu/arm/5.4.1/bin/../lib/gcc/arm-none-eabi/5.4.1/armv7e-m/softfp\libgcc.a(_thumb1_case_uqi.o)
                0x10086e40                __gnu_thumb1_case_uqi
 .text          0x10086e54       0x18 c:/program files (x86)/cypress/psoc creator/4.4/psoc creator/import/gnu/arm/5.4.1/bin/../lib/gcc/arm-none-eabi/5.4.1/armv7e-m/softfp\libgcc.a(_lshrdi3.o)
                0x10086e54                __lshrdi3
                0x10086e54                __aeabi_llsr
 .text          0x10086e6c       0x18 c:/program files (x86)/cypress/psoc creator/4.4/psoc creator/import/gnu/arm/5.4.1/bin/../lib/gcc/arm-none-eabi/5.4.1/armv7e-m/softfp\libgcc.a(_ashldi3.o)
                0x10086e6c                __aeabi_llsl
                0x10086e6c                __ashldi3
 .text          0x10086e84      0x370 c:/program files (x86)/cypress/psoc creator/4.4/psoc creator/import/gnu/arm/5.4.1/bin/../lib/gcc/arm-none-eabi/5.4.1/armv7e-m/softfp\libgcc.a(_arm_addsubdf3.o)
                0x10086e84                __aeabi_drsub
                0x10086e8c                __aeabi_dsub
                0x10086e8c                __subdf3
                0x10086e90                __aeabi_dadd
                0x10086e90                __adddf3
                0x10087108                __floatunsidf
                0x10087108                __aeabi_ui2d
                0x10087128                __floatsidf
                0x10087128                __aeabi_i2d
                0x1008714c                __aeabi_f2d
                0x1008714c                __extendsfdf2
                0x10087188                __floatundidf
                0x10087188                __aeabi_ul2d
                0x10087198                __floatdidf
                0x10087198                __aeabi_l2d
 .text          0x100871f4      0x424 c:/program files (x86)/cypress/psoc creator/4.4/psoc creator/import/gnu/arm/5.4.1/bin/../lib/gcc/arm-none-eabi/5.4.1/armv7e-m/softfp\libgcc.a(_arm_muldivdf3.o)
                0x100871f4                __aeabi_dmul
                0x100871f4                __muldf3
                0x10087448                __divdf3
                0x10087448                __aeabi_ddiv
 .text.calloc   0x10087618       0x10 c:/program files (x86)/cypress/psoc creator/4.4/psoc creator/import/gnu/arm/5.4.1/bin/../lib/gcc/arm-none-eabi/5.4.1/../../../../arm-none-eabi/lib/armv7e-m/softfp\libg_nano.a(lib_a-calloc.o)
                0x10087618                calloc
 .text.malloc   0x10087628       0x10 c:/program files (x86)/cypress/psoc creator/4.4/psoc creator/import/gnu/arm/5.4.1/bin/../lib/gcc/arm-none-eabi/5.4.1/../../../../arm-none-eabi/lib/armv7e-m/softfp\libg_nano.a(lib_a-malloc.o)
                0x10087628                malloc
 .text.free     0x10087638       0x10 c:/program files (x86)/cypress/psoc creator/4.4/psoc creator/import/gnu/arm/5.4.1/bin/../lib/gcc/arm-none-eabi/5.4.1/../../../../arm-none-eabi/lib/armv7e-m/softfp\libg_nano.a(lib_a-malloc.o)
                0x10087638                free
 .text.memcmp   0x10087648       0x1e c:/program files (x86)/cypress/psoc creator/4.4/psoc creator/import/gnu/arm/5.4.1/bin/../lib/gcc/arm-none-eabi/5.4.1/../../../../arm-none-eabi/lib/armv7e-m/softfp\libg_nano.a(lib_a-memcmp.o)
                0x10087648                memcmp
 .text.memcpy   0x10087666       0x16 c:/program files (x86)/cypress/psoc creator/4.4/psoc creator/import/gnu/arm/5.4.1/bin/../lib/gcc/arm-none-eabi/5.4.1/../../../../arm-none-eabi/lib/armv7e-m/softfp\libg_nano.a(lib_a-memcpy-stub.o)
                0x10087666                memcpy
 .text.memset   0x1008767c       0x10 c:/program files (x86)/cypress/psoc creator/4.4/psoc creator/import/gnu/arm/5.4.1/bin/../lib/gcc/arm-none-eabi/5.4.1/../../../../arm-none-eabi/lib/armv7e-m/softfp\libg_nano.a(lib_a-memset.o)
                0x1008767c                memset
 .text._calloc_r
                0x1008768c       0x1c c:/program files (x86)/cypress/psoc creator/4.4/psoc creator/import/gnu/arm/5.4.1/bin/../lib/gcc/arm-none-eabi/5.4.1/../../../../arm-none-eabi/lib/armv7e-m/softfp\libg_nano.a(lib_a-nano-callocr.o)
                0x1008768c                _calloc_r
 .text._free_r  0x100876a8       0x9c c:/program files (x86)/cypress/psoc creator/4.4/psoc creator/import/gnu/arm/5.4.1/bin/../lib/gcc/arm-none-eabi/5.4.1/../../../../arm-none-eabi/lib/armv7e-m/softfp\libg_nano.a(lib_a-nano-freer.o)
                0x100876a8                _free_r
 .text._malloc_r
                0x10087744       0xbc c:/program files (x86)/cypress/psoc creator/4.4/psoc creator/import/gnu/arm/5.4.1/bin/../lib/gcc/arm-none-eabi/5.4.1/../../../../arm-none-eabi/lib/armv7e-m/softfp\libg_nano.a(lib_a-nano-mallocr.o)
                0x10087744                _malloc_r
 .text.__cvt    0x10087800       0xc2 c:/program files (x86)/cypress/psoc creator/4.4/psoc creator/import/gnu/arm/5.4.1/bin/../lib/gcc/arm-none-eabi/5.4.1/../../../../arm-none-eabi/lib/armv7e-m/softfp\libg_nano.a(lib_a-nano-vfprintf_float.o)
                0x10087800                __cvt
 .text.__exponent
                0x100878c2       0x60 c:/program files (x86)/cypress/psoc creator/4.4/psoc creator/import/gnu/arm/5.4.1/bin/../lib/gcc/arm-none-eabi/5.4.1/../../../../arm-none-eabi/lib/armv7e-m/softfp\libg_nano.a(lib_a-nano-vfprintf_float.o)
                0x100878c2                __exponent
 *fill*         0x10087922        0x2 
 .text._printf_float
                0x10087924      0x488 c:/program files (x86)/cypress/psoc creator/4.4/psoc creator/import/gnu/arm/5.4.1/bin/../lib/gcc/arm-none-eabi/5.4.1/../../../../arm-none-eabi/lib/armv7e-m/softfp\libg_nano.a(lib_a-nano-vfprintf_float.o)
                0x10087924                _printf_float
 .text._printf_common
                0x10087dac       0xec c:/program files (x86)/cypress/psoc creator/4.4/psoc creator/import/gnu/arm/5.4.1/bin/../lib/gcc/arm-none-eabi/5.4.1/../../../../arm-none-eabi/lib/armv7e-m/softfp\libg_nano.a(lib_a-nano-vfprintf_i.o)
                0x10087dac                _printf_common
 .text._printf_i
                0x10087e98      0x24c c:/program files (x86)/cypress/psoc creator/4.4/psoc creator/import/gnu/arm/5.4.1/bin/../lib/gcc/arm-none-eabi/5.4.1/../../../../arm-none-eabi/lib/armv7e-m/softfp\libg_nano.a(lib_a-nano-vfprintf_i.o)
                0x10087e98                _printf_i
 .text.printf   0x100880e4       0x30 c:/program files (x86)/cypress/psoc creator/4.4/psoc creator/import/gnu/arm/5.4.1/bin/../lib/gcc/arm-none-eabi/5.4.1/../../../../arm-none-eabi/lib/armv7e-m/softfp\libg_nano.a(lib_a-printf.o)
                0x100880e4                iprintf
                0x100880e4                printf
 .text._puts_r  0x10088114       0xb4 c:/program files (x86)/cypress/psoc creator/4.4/psoc creator/import/gnu/arm/5.4.1/bin/../lib/gcc/arm-none-eabi/5.4.1/../../../../arm-none-eabi/lib/armv7e-m/softfp\libg_nano.a(lib_a-puts.o)
                0x10088114                _puts_r
 .text.puts     0x100881c8       0x10 c:/program files (x86)/cypress/psoc creator/4.4/psoc creator/import/gnu/arm/5.4.1/bin/../lib/gcc/arm-none-eabi/5.4.1/../../../../arm-none-eabi/lib/armv7e-m/softfp\libg_nano.a(lib_a-puts.o)
                0x100881c8                puts
 .text._sbrk_r  0x100881d8       0x20 c:/program files (x86)/cypress/psoc creator/4.4/psoc creator/import/gnu/arm/5.4.1/bin/../lib/gcc/arm-none-eabi/5.4.1/../../../../arm-none-eabi/lib/armv7e-m/softfp\libg_nano.a(lib_a-sbrkr.o)
                0x100881d8                _sbrk_r
 .text.setvbuf  0x100881f8      0x154 c:/program files (x86)/cypress/psoc creator/4.4/psoc creator/import/gnu/arm/5.4.1/bin/../lib/gcc/arm-none-eabi/5.4.1/../../../../arm-none-eabi/lib/armv7e-m/softfp\libg_nano.a(lib_a-setvbuf.o)
                0x100881f8                setvbuf
 .text          0x1008834c       0x10 c:/program files (x86)/cypress/psoc creator/4.4/psoc creator/import/gnu/arm/5.4.1/bin/../lib/gcc/arm-none-eabi/5.4.1/../../../../arm-none-eabi/lib/armv7e-m/softfp\libg_nano.a(lib_a-strlen.o)
                0x1008834c                strlen
 .text.__swbuf_r
                0x1008835c       0xa8 c:/program files (x86)/cypress/psoc creator/4.4/psoc creator/import/gnu/arm/5.4.1/bin/../lib/gcc/arm-none-eabi/5.4.1/../../../../arm-none-eabi/lib/armv7e-m/softfp\libg_nano.a(lib_a-wbuf.o)
                0x1008835c                __swbuf_r
 .text.__swsetup_r
                0x10088404       0xdc c:/program files (x86)/cypress/psoc creator/4.4/psoc creator/import/gnu/arm/5.4.1/bin/../lib/gcc/arm-none-eabi/5.4.1/../../../../arm-none-eabi/lib/armv7e-m/softfp\libg_nano.a(lib_a-wsetup.o)
                0x10088404                __swsetup_r
 .text.quorem   0x100884e0      0x11e c:/program files (x86)/cypress/psoc creator/4.4/psoc creator/import/gnu/arm/5.4.1/bin/../lib/gcc/arm-none-eabi/5.4.1/../../../../arm-none-eabi/lib/armv7e-m/softfp\libg_nano.a(lib_a-dtoa.o)
 *fill*         0x100885fe        0x2 
 .text._dtoa_r  0x10088600      0xb38 c:/program files (x86)/cypress/psoc creator/4.4/psoc creator/import/gnu/arm/5.4.1/bin/../lib/gcc/arm-none-eabi/5.4.1/../../../../arm-none-eabi/lib/armv7e-m/softfp\libg_nano.a(lib_a-dtoa.o)
                0x10088600                _dtoa_r
 .text.__sflush_r
                0x10089138      0x110 c:/program files (x86)/cypress/psoc creator/4.4/psoc creator/import/gnu/arm/5.4.1/bin/../lib/gcc/arm-none-eabi/5.4.1/../../../../arm-none-eabi/lib/armv7e-m/softfp\libg_nano.a(lib_a-fflush.o)
                0x10089138                __sflush_r
 .text._fflush_r
                0x10089248       0x54 c:/program files (x86)/cypress/psoc creator/4.4/psoc creator/import/gnu/arm/5.4.1/bin/../lib/gcc/arm-none-eabi/5.4.1/../../../../arm-none-eabi/lib/armv7e-m/softfp\libg_nano.a(lib_a-fflush.o)
                0x10089248                _fflush_r
 .text._cleanup_r
                0x1008929c        0xc c:/program files (x86)/cypress/psoc creator/4.4/psoc creator/import/gnu/arm/5.4.1/bin/../lib/gcc/arm-none-eabi/5.4.1/../../../../arm-none-eabi/lib/armv7e-m/softfp\libg_nano.a(lib_a-findfp.o)
                0x1008929c                _cleanup_r
 .text.std.isra.0
                0x100892a8       0x48 c:/program files (x86)/cypress/psoc creator/4.4/psoc creator/import/gnu/arm/5.4.1/bin/../lib/gcc/arm-none-eabi/5.4.1/../../../../arm-none-eabi/lib/armv7e-m/softfp\libg_nano.a(lib_a-findfp.o)
 .text.__sfmoreglue
                0x100892f0       0x2c c:/program files (x86)/cypress/psoc creator/4.4/psoc creator/import/gnu/arm/5.4.1/bin/../lib/gcc/arm-none-eabi/5.4.1/../../../../arm-none-eabi/lib/armv7e-m/softfp\libg_nano.a(lib_a-findfp.o)
                0x100892f0                __sfmoreglue
 .text.__sinit  0x1008931c       0x60 c:/program files (x86)/cypress/psoc creator/4.4/psoc creator/import/gnu/arm/5.4.1/bin/../lib/gcc/arm-none-eabi/5.4.1/../../../../arm-none-eabi/lib/armv7e-m/softfp\libg_nano.a(lib_a-findfp.o)
                0x1008931c                __sinit
 .text.__sfp    0x1008937c       0x78 c:/program files (x86)/cypress/psoc creator/4.4/psoc creator/import/gnu/arm/5.4.1/bin/../lib/gcc/arm-none-eabi/5.4.1/../../../../arm-none-eabi/lib/armv7e-m/softfp\libg_nano.a(lib_a-findfp.o)
                0x1008937c                __sfp
 .text._fwalk_reent
                0x100893f4       0x3c c:/program files (x86)/cypress/psoc creator/4.4/psoc creator/import/gnu/arm/5.4.1/bin/../lib/gcc/arm-none-eabi/5.4.1/../../../../arm-none-eabi/lib/armv7e-m/softfp\libg_nano.a(lib_a-fwalk.o)
                0x100893f4                _fwalk_reent
 .text._localeconv_r
                0x10089430        0x8 c:/program files (x86)/cypress/psoc creator/4.4/psoc creator/import/gnu/arm/5.4.1/bin/../lib/gcc/arm-none-eabi/5.4.1/../../../../arm-none-eabi/lib/armv7e-m/softfp\libg_nano.a(lib_a-locale.o)
                0x10089430                _localeconv_r
 .text.__swhatbuf_r
                0x10089438       0x46 c:/program files (x86)/cypress/psoc creator/4.4/psoc creator/import/gnu/arm/5.4.1/bin/../lib/gcc/arm-none-eabi/5.4.1/../../../../arm-none-eabi/lib/armv7e-m/softfp\libg_nano.a(lib_a-makebuf.o)
                0x10089438                __swhatbuf_r
 *fill*         0x1008947e        0x2 
 .text.__smakebuf_r
                0x10089480       0x78 c:/program files (x86)/cypress/psoc creator/4.4/psoc creator/import/gnu/arm/5.4.1/bin/../lib/gcc/arm-none-eabi/5.4.1/../../../../arm-none-eabi/lib/armv7e-m/softfp\libg_nano.a(lib_a-makebuf.o)
                0x10089480                __smakebuf_r
 *fill*         0x100894f8        0x8 
 .text          0x10089500       0xa0 c:/program files (x86)/cypress/psoc creator/4.4/psoc creator/import/gnu/arm/5.4.1/bin/../lib/gcc/arm-none-eabi/5.4.1/../../../../arm-none-eabi/lib/armv7e-m/softfp\libg_nano.a(lib_a-memchr.o)
                0x10089500                memchr
 .text.__malloc_lock
                0x100895a0        0x2 c:/program files (x86)/cypress/psoc creator/4.4/psoc creator/import/gnu/arm/5.4.1/bin/../lib/gcc/arm-none-eabi/5.4.1/../../../../arm-none-eabi/lib/armv7e-m/softfp\libg_nano.a(lib_a-mlock.o)
                0x100895a0                __malloc_lock
 .text.__malloc_unlock
                0x100895a2        0x2 c:/program files (x86)/cypress/psoc creator/4.4/psoc creator/import/gnu/arm/5.4.1/bin/../lib/gcc/arm-none-eabi/5.4.1/../../../../arm-none-eabi/lib/armv7e-m/softfp\libg_nano.a(lib_a-mlock.o)
                0x100895a2                __malloc_unlock
 .text._Balloc  0x100895a4       0x6a c:/program files (x86)/cypress/psoc creator/4.4/psoc creator/import/gnu/arm/5.4.1/bin/../lib/gcc/arm-none-eabi/5.4.1/../../../../arm-none-eabi/lib/armv7e-m/softfp\libg_nano.a(lib_a-mprec.o)
                0x100895a4                _Balloc
 .text._Bfree   0x1008960e       0x2e c:/program files (x86)/cypress/psoc creator/4.4/psoc creator/import/gnu/arm/5.4.1/bin/../lib/gcc/arm-none-eabi/5.4.1/../../../../arm-none-eabi/lib/armv7e-m/softfp\libg_nano.a(lib_a-mprec.o)
                0x1008960e                _Bfree
 .text.__multadd
                0x1008963c       0x76 c:/program files (x86)/cypress/psoc creator/4.4/psoc creator/import/gnu/arm/5.4.1/bin/../lib/gcc/arm-none-eabi/5.4.1/../../../../arm-none-eabi/lib/armv7e-m/softfp\libg_nano.a(lib_a-mprec.o)
                0x1008963c                __multadd
 .text.__hi0bits
                0x100896b2       0x40 c:/program files (x86)/cypress/psoc creator/4.4/psoc creator/import/gnu/arm/5.4.1/bin/../lib/gcc/arm-none-eabi/5.4.1/../../../../arm-none-eabi/lib/armv7e-m/softfp\libg_nano.a(lib_a-mprec.o)
                0x100896b2                __hi0bits
 .text.__lo0bits
                0x100896f2       0x5a c:/program files (x86)/cypress/psoc creator/4.4/psoc creator/import/gnu/arm/5.4.1/bin/../lib/gcc/arm-none-eabi/5.4.1/../../../../arm-none-eabi/lib/armv7e-m/softfp\libg_nano.a(lib_a-mprec.o)
                0x100896f2                __lo0bits
 .text.__i2b    0x1008974c       0x12 c:/program files (x86)/cypress/psoc creator/4.4/psoc creator/import/gnu/arm/5.4.1/bin/../lib/gcc/arm-none-eabi/5.4.1/../../../../arm-none-eabi/lib/armv7e-m/softfp\libg_nano.a(lib_a-mprec.o)
                0x1008974c                __i2b
 .text.__multiply
                0x1008975e      0x122 c:/program files (x86)/cypress/psoc creator/4.4/psoc creator/import/gnu/arm/5.4.1/bin/../lib/gcc/arm-none-eabi/5.4.1/../../../../arm-none-eabi/lib/armv7e-m/softfp\libg_nano.a(lib_a-mprec.o)
                0x1008975e                __multiply
 .text.__pow5mult
                0x10089880       0x9c c:/program files (x86)/cypress/psoc creator/4.4/psoc creator/import/gnu/arm/5.4.1/bin/../lib/gcc/arm-none-eabi/5.4.1/../../../../arm-none-eabi/lib/armv7e-m/softfp\libg_nano.a(lib_a-mprec.o)
                0x10089880                __pow5mult
 .text.__lshift
                0x1008991c       0xa2 c:/program files (x86)/cypress/psoc creator/4.4/psoc creator/import/gnu/arm/5.4.1/bin/../lib/gcc/arm-none-eabi/5.4.1/../../../../arm-none-eabi/lib/armv7e-m/softfp\libg_nano.a(lib_a-mprec.o)
                0x1008991c                __lshift
 .text.__mcmp   0x100899be       0x38 c:/program files (x86)/cypress/psoc creator/4.4/psoc creator/import/gnu/arm/5.4.1/bin/../lib/gcc/arm-none-eabi/5.4.1/../../../../arm-none-eabi/lib/armv7e-m/softfp\libg_nano.a(lib_a-mprec.o)
                0x100899be                __mcmp
 .text.__mdiff  0x100899f6       0xbe c:/program files (x86)/cypress/psoc creator/4.4/psoc creator/import/gnu/arm/5.4.1/bin/../lib/gcc/arm-none-eabi/5.4.1/../../../../arm-none-eabi/lib/armv7e-m/softfp\libg_nano.a(lib_a-mprec.o)
                0x100899f6                __mdiff
 .text.__d2b    0x10089ab4       0x9c c:/program files (x86)/cypress/psoc creator/4.4/psoc creator/import/gnu/arm/5.4.1/bin/../lib/gcc/arm-none-eabi/5.4.1/../../../../arm-none-eabi/lib/armv7e-m/softfp\libg_nano.a(lib_a-mprec.o)
                0x10089ab4                __d2b
 .text.__sfputc_r
                0x10089b50       0x30 c:/program files (x86)/cypress/psoc creator/4.4/psoc creator/import/gnu/arm/5.4.1/bin/../lib/gcc/arm-none-eabi/5.4.1/../../../../arm-none-eabi/lib/armv7e-m/softfp\libg_nano.a(lib_a-nano-vfprintf.o)
 .text.__sfputs_r
                0x10089b80       0x24 c:/program files (x86)/cypress/psoc creator/4.4/psoc creator/import/gnu/arm/5.4.1/bin/../lib/gcc/arm-none-eabi/5.4.1/../../../../arm-none-eabi/lib/armv7e-m/softfp\libg_nano.a(lib_a-nano-vfprintf.o)
                0x10089b80                __sfputs_r
 .text._vfprintf_r
                0x10089ba4      0x238 c:/program files (x86)/cypress/psoc creator/4.4/psoc creator/import/gnu/arm/5.4.1/bin/../lib/gcc/arm-none-eabi/5.4.1/../../../../arm-none-eabi/lib/armv7e-m/softfp\libg_nano.a(lib_a-nano-vfprintf.o)
                0x10089ba4                _vfprintf_r
                0x10089ba4                _vfiprintf_r
 .text.__sread  0x10089ddc       0x22 c:/program files (x86)/cypress/psoc creator/4.4/psoc creator/import/gnu/arm/5.4.1/bin/../lib/gcc/arm-none-eabi/5.4.1/../../../../arm-none-eabi/lib/armv7e-m/softfp\libg_nano.a(lib_a-stdio.o)
                0x10089ddc                __sread
 .text.__swrite
                0x10089dfe       0x38 c:/program files (x86)/cypress/psoc creator/4.4/psoc creator/import/gnu/arm/5.4.1/bin/../lib/gcc/arm-none-eabi/5.4.1/../../../../arm-none-eabi/lib/armv7e-m/softfp\libg_nano.a(lib_a-stdio.o)
                0x10089dfe                __swrite
 .text.__sseek  0x10089e36       0x24 c:/program files (x86)/cypress/psoc creator/4.4/psoc creator/import/gnu/arm/5.4.1/bin/../lib/gcc/arm-none-eabi/5.4.1/../../../../arm-none-eabi/lib/armv7e-m/softfp\libg_nano.a(lib_a-stdio.o)
                0x10089e36                __sseek
 .text.__sclose
                0x10089e5a        0x8 c:/program files (x86)/cypress/psoc creator/4.4/psoc creator/import/gnu/arm/5.4.1/bin/../lib/gcc/arm-none-eabi/5.4.1/../../../../arm-none-eabi/lib/armv7e-m/softfp\libg_nano.a(lib_a-stdio.o)
                0x10089e5a                __sclose
 *fill*         0x10089e62        0x2 
 .text._write_r
                0x10089e64       0x24 c:/program files (x86)/cypress/psoc creator/4.4/psoc creator/import/gnu/arm/5.4.1/bin/../lib/gcc/arm-none-eabi/5.4.1/../../../../arm-none-eabi/lib/armv7e-m/softfp\libg_nano.a(lib_a-writer.o)
                0x10089e64                _write_r
 .text._close_r
                0x10089e88       0x20 c:/program files (x86)/cypress/psoc creator/4.4/psoc creator/import/gnu/arm/5.4.1/bin/../lib/gcc/arm-none-eabi/5.4.1/../../../../arm-none-eabi/lib/armv7e-m/softfp\libg_nano.a(lib_a-closer.o)
                0x10089e88                _close_r
 .text._fstat_r
                0x10089ea8       0x24 c:/program files (x86)/cypress/psoc creator/4.4/psoc creator/import/gnu/arm/5.4.1/bin/../lib/gcc/arm-none-eabi/5.4.1/../../../../arm-none-eabi/lib/armv7e-m/softfp\libg_nano.a(lib_a-fstatr.o)
                0x10089ea8                _fstat_r
 .text._isatty_r
                0x10089ecc       0x20 c:/program files (x86)/cypress/psoc creator/4.4/psoc creator/import/gnu/arm/5.4.1/bin/../lib/gcc/arm-none-eabi/5.4.1/../../../../arm-none-eabi/lib/armv7e-m/softfp\libg_nano.a(lib_a-isattyr.o)
                0x10089ecc                _isatty_r
 .text._lseek_r
                0x10089eec       0x24 c:/program files (x86)/cypress/psoc creator/4.4/psoc creator/import/gnu/arm/5.4.1/bin/../lib/gcc/arm-none-eabi/5.4.1/../../../../arm-none-eabi/lib/armv7e-m/softfp\libg_nano.a(lib_a-lseekr.o)
                0x10089eec                _lseek_r
 .text._read_r  0x10089f10       0x24 c:/program files (x86)/cypress/psoc creator/4.4/psoc creator/import/gnu/arm/5.4.1/bin/../lib/gcc/arm-none-eabi/5.4.1/../../../../arm-none-eabi/lib/armv7e-m/softfp\libg_nano.a(lib_a-readr.o)
                0x10089f10                _read_r
 .text          0x10089f34      0x110 c:/program files (x86)/cypress/psoc creator/4.4/psoc creator/import/gnu/arm/5.4.1/bin/../lib/gcc/arm-none-eabi/5.4.1/armv7e-m/softfp\libgcc.a(_arm_cmpdf2.o)
                0x10089f34                __gtdf2
                0x10089f34                __gedf2
                0x10089f3c                __ltdf2
                0x10089f3c                __ledf2
                0x10089f44                __nedf2
                0x10089f44                __eqdf2
                0x10089f44                __cmpdf2
                0x10089fc0                __aeabi_cdrcmple
                0x10089fd0                __aeabi_cdcmpeq
                0x10089fd0                __aeabi_cdcmple
                0x10089fe0                __aeabi_dcmpeq
                0x10089ff4                __aeabi_dcmplt
                0x1008a008                __aeabi_dcmple
                0x1008a01c                __aeabi_dcmpge
                0x1008a030                __aeabi_dcmpgt
 .text          0x1008a044       0x2c c:/program files (x86)/cypress/psoc creator/4.4/psoc creator/import/gnu/arm/5.4.1/bin/../lib/gcc/arm-none-eabi/5.4.1/armv7e-m/softfp\libgcc.a(_arm_unorddf2.o)
                0x1008a044                __unorddf2
                0x1008a044                __aeabi_dcmpun
 .text          0x1008a070       0x50 c:/program files (x86)/cypress/psoc creator/4.4/psoc creator/import/gnu/arm/5.4.1/bin/../lib/gcc/arm-none-eabi/5.4.1/armv7e-m/softfp\libgcc.a(_arm_fixdfsi.o)
                0x1008a070                __aeabi_d2iz
                0x1008a070                __fixdfsi
 .text._close   0x1008a0c0       0x10 c:/program files (x86)/cypress/psoc creator/4.4/psoc creator/import/gnu/arm/5.4.1/bin/../lib/gcc/arm-none-eabi/5.4.1/../../../../arm-none-eabi/lib/armv7e-m/softfp\libnosys.a(close.o)
                0x1008a0c0                _close
 .text._fstat   0x1008a0d0       0x10 c:/program files (x86)/cypress/psoc creator/4.4/psoc creator/import/gnu/arm/5.4.1/bin/../lib/gcc/arm-none-eabi/5.4.1/../../../../arm-none-eabi/lib/armv7e-m/softfp\libnosys.a(fstat.o)
                0x1008a0d0                _fstat
 .text._isatty  0x1008a0e0       0x10 c:/program files (x86)/cypress/psoc creator/4.4/psoc creator/import/gnu/arm/5.4.1/bin/../lib/gcc/arm-none-eabi/5.4.1/../../../../arm-none-eabi/lib/armv7e-m/softfp\libnosys.a(isatty.o)
                0x1008a0e0                _isatty
 .text._lseek   0x1008a0f0       0x10 c:/program files (x86)/cypress/psoc creator/4.4/psoc creator/import/gnu/arm/5.4.1/bin/../lib/gcc/arm-none-eabi/5.4.1/../../../../arm-none-eabi/lib/armv7e-m/softfp\libnosys.a(lseek.o)
                0x1008a0f0                _lseek
 .text._sbrk    0x1008a100       0x1c c:/program files (x86)/cypress/psoc creator/4.4/psoc creator/import/gnu/arm/5.4.1/bin/../lib/gcc/arm-none-eabi/5.4.1/../../../../arm-none-eabi/lib/armv7e-m/softfp\libnosys.a(sbrk.o)
                0x1008a100                _sbrk
 *(.init)
 .init          0x1008a11c        0x4 c:/program files (x86)/cypress/psoc creator/4.4/psoc creator/import/gnu/arm/5.4.1/bin/../lib/gcc/arm-none-eabi/5.4.1/armv7e-m/softfp/crti.o
                0x1008a11c                _init