Archive member included to satisfy reference by file (symbol)

Generated_Source\PSoC6\pdl\drivers\peripheral\crypto\libs\cy_crypto_client_gcc.a(cy_crypto.o)
                              .\CortexM4\ARM_GCC_541\Release\randombytes.o (Cy_Crypto_Sync)
Generated_Source\PSoC6\pdl\drivers\peripheral\crypto\libs\cy_crypto_server_gcc.a(cy_crypto_server.o)
                              .\CortexM4\ARM_GCC_541\Release\randombytes.o (Cy_Crypto_Server_Start_Full)
Generated_Source\PSoC6\pdl\drivers\peripheral\crypto\libs\cy_crypto_server_gcc.a(cy_crypto_core_aes_v1.o)
                              Generated_Source\PSoC6\pdl\drivers\peripheral\crypto\libs\cy_crypto_server_gcc.a(cy_crypto_server.o) (Cy_Crypto_Core_V1_Aes_Init)
Generated_Source\PSoC6\pdl\drivers\peripheral\crypto\libs\cy_crypto_server_gcc.a(cy_crypto_core_cmac_v1.o)
                              Generated_Source\PSoC6\pdl\drivers\peripheral\crypto\libs\cy_crypto_server_gcc.a(cy_crypto_server.o) (Cy_Crypto_Core_V1_Cmac)
Generated_Source\PSoC6\pdl\drivers\peripheral\crypto\libs\cy_crypto_server_gcc.a(cy_crypto_core_hmac_v1.o)
                              Generated_Source\PSoC6\pdl\drivers\peripheral\crypto\libs\cy_crypto_server_gcc.a(cy_crypto_server.o) (Cy_Crypto_Core_V1_Hmac)
Generated_Source\PSoC6\pdl\drivers\peripheral\crypto\libs\cy_crypto_server_gcc.a(cy_crypto_core_aes_v2.o)
                              Generated_Source\PSoC6\pdl\drivers\peripheral\crypto\libs\cy_crypto_server_gcc.a(cy_crypto_server.o) (Cy_Crypto_Core_V2_Aes_Init)
Generated_Source\PSoC6\pdl\drivers\peripheral\crypto\libs\cy_crypto_server_gcc.a(cy_crypto_core_cmac_v2.o)
                              Generated_Source\PSoC6\pdl\drivers\peripheral\crypto\libs\cy_crypto_server_gcc.a(cy_crypto_server.o) (Cy_Crypto_Core_V2_Cmac)
Generated_Source\PSoC6\pdl\drivers\peripheral\crypto\libs\cy_crypto_server_gcc.a(cy_crypto_core_hmac_v2.o)
                              Generated_Source\PSoC6\pdl\drivers\peripheral\crypto\libs\cy_crypto_server_gcc.a(cy_crypto_server.o) (Cy_Crypto_Core_V2_Hmac)
Generated_Source\PSoC6\pdl\drivers\peripheral\crypto\libs\cy_crypto_server_gcc.a(cy_crypto_core_rsa.o)
                              Generated_Source\PSoC6\pdl\drivers\peripheral\crypto\libs\cy_crypto_server_gcc.a(cy_crypto_server.o) (Cy_Crypto_Core_Rsa_Verify)
Generated_Source\PSoC6\pdl\drivers\peripheral\crypto\libs\cy_crypto_server_gcc.a(cy_crypto_core_crc_v1.o)
                              Generated_Source\PSoC6\pdl\drivers\peripheral\crypto\libs\cy_crypto_server_gcc.a(cy_crypto_server.o) (Cy_Crypto_Core_V1_Crc_Init)
Generated_Source\PSoC6\pdl\drivers\peripheral\crypto\libs\cy_crypto_server_gcc.a(cy_crypto_core_des_v1.o)
                              Generated_Source\PSoC6\pdl\drivers\peripheral\crypto\libs\cy_crypto_server_gcc.a(cy_crypto_server.o) (Cy_Crypto_Core_V1_Des)
Generated_Source\PSoC6\pdl\drivers\peripheral\crypto\libs\cy_crypto_server_gcc.a(cy_crypto_core_prng_v1.o)
                              Generated_Source\PSoC6\pdl\drivers\peripheral\crypto\libs\cy_crypto_server_gcc.a(cy_crypto_server.o) (Cy_Crypto_Core_V1_Prng_Init)
Generated_Source\PSoC6\pdl\drivers\peripheral\crypto\libs\cy_crypto_server_gcc.a(cy_crypto_core_sha_v1.o)
                              Generated_Source\PSoC6\pdl\drivers\peripheral\crypto\libs\cy_crypto_server_gcc.a(cy_crypto_core_hmac_v1.o) (Cy_Crypto_Core_V1_Sha_ProcessBlock)
Generated_Source\PSoC6\pdl\drivers\peripheral\crypto\libs\cy_crypto_server_gcc.a(cy_crypto_core_mem_v1.o)
                              Generated_Source\PSoC6\pdl\drivers\peripheral\crypto\libs\cy_crypto_server_gcc.a(cy_crypto_server.o) (Cy_Crypto_Core_V1_MemCpy)
Generated_Source\PSoC6\pdl\drivers\peripheral\crypto\libs\cy_crypto_server_gcc.a(cy_crypto_core_trng_v1.o)
                              Generated_Source\PSoC6\pdl\drivers\peripheral\crypto\libs\cy_crypto_server_gcc.a(cy_crypto_server.o) (Cy_Crypto_Core_V1_Trng)
Generated_Source\PSoC6\pdl\drivers\peripheral\crypto\libs\cy_crypto_server_gcc.a(cy_crypto_core_hw_v1.o)
                              Generated_Source\PSoC6\pdl\drivers\peripheral\crypto\libs\cy_crypto_server_gcc.a(cy_crypto_core_prng_v1.o) (Cy_Crypto_SetReg1Instr)
Generated_Source\PSoC6\pdl\drivers\peripheral\crypto\libs\cy_crypto_server_gcc.a(cy_crypto_core_crc_v2.o)
                              Generated_Source\PSoC6\pdl\drivers\peripheral\crypto\libs\cy_crypto_server_gcc.a(cy_crypto_server.o) (Cy_Crypto_Core_V2_Crc_Init)
Generated_Source\PSoC6\pdl\drivers\peripheral\crypto\libs\cy_crypto_server_gcc.a(cy_crypto_core_des_v2.o)
                              Generated_Source\PSoC6\pdl\drivers\peripheral\crypto\libs\cy_crypto_server_gcc.a(cy_crypto_server.o) (Cy_Crypto_Core_V2_Des)
Generated_Source\PSoC6\pdl\drivers\peripheral\crypto\libs\cy_crypto_server_gcc.a(cy_crypto_core_prng_v2.o)
                              Generated_Source\PSoC6\pdl\drivers\peripheral\crypto\libs\cy_crypto_server_gcc.a(cy_crypto_server.o) (Cy_Crypto_Core_V2_Prng_Init)
[...]
Memory Configuration

Name             Origin             Length             Attributes
ram              0x08024000         0x00023800         xrw
flash            0x10080000         0x00080000         xr
em_eeprom        0x14000000         0x00008000         xr
sflash_user_data 0x16000800         0x00000800         xr
sflash_nar       0x16001a00         0x00000200         xr
sflash_public_key 0x16005a00         0x00000c00         xr
sflash_toc_2     0x16007c00         0x00000200         xr
sflash_rtoc_2    0x16007e00         0x00000200         xr
xip              0x18000000         0x08000000         xr
efuse            0x90700000         0x00100000         r
*default*        0x00000000         0xffffffff

Linker script and memory map

LOAD c:/program files (x86)/cypress/psoc creator/4.4/psoc creator/import/gnu/arm/5.4.1/bin/../lib/gcc/arm-none-eabi/5.4.1/armv7e-m/softfp/crti.o
LOAD c:/program files (x86)/cypress/psoc creator/4.4/psoc creator/import/gnu/arm/5.4.1/bin/../lib/gcc/arm-none-eabi/5.4.1/armv7e-m/softfp/crtbegin.o
LOAD c:/program files (x86)/cypress/psoc creator/4.4/psoc creator/import/gnu/arm/5.4.1/bin/../lib/gcc/arm-none-eabi/5.4.1/../../../../arm-none-eabi/lib/armv7e-m/softfp/crt0.o
START GROUP
LOAD Generated_Source\PSoC6\pdl\drivers\peripheral\crypto\libs\cy_crypto_client_gcc.a
LOAD Generated_Source\PSoC6\pdl\drivers\peripheral\crypto\libs\cy_crypto_server_gcc.a
LOAD .\CortexM4\ARM_GCC_541\Release\startup_psoc6_01_cm4.o
LOAD .\CortexM4\ARM_GCC_541\Release\cbd.o
LOAD .\CortexM4\ARM_GCC_541\Release\fips202.o
LOAD .\CortexM4\ARM_GCC_541\Release\kem.o
LOAD .\CortexM4\ARM_GCC_541\Release\pack_unpack.o
LOAD .\CortexM4\ARM_GCC_541\Release\poly.o
LOAD .\CortexM4\ARM_GCC_541\Release\poly_mul.o
LOAD .\CortexM4\ARM_GCC_541\Release\randombytes.o
LOAD .\CortexM4\ARM_GCC_541\Release\SABER_indcpa.o
LOAD .\CortexM4\ARM_GCC_541\Release\saber_wrapper.o
LOAD .\CortexM4\ARM_GCC_541\Release\verify.o
LOAD .\CortexM4\ARM_GCC_541\Release\system_psoc6_cm4.o
LOAD .\CortexM4\ARM_GCC_541\Release\mainTask.o
LOAD .\CortexM4\ARM_GCC_541\Release\main_cm4.o
LOAD .\CortexM4\ARM_GCC_541\Release\uartTask.o
LOAD .\CortexM4\ARM_GCC_541\Release\cycle_counter.o
LOAD .\CortexM4\ARM_GCC_541\Release\stdio_user.o
LOAD .\CortexM4\ARM_GCC_541\Release\stringFormater.o
LOAD .\CortexM4\ARM_GCC_541\Release\cyfitter_sysint_cfg.o
LOAD .\CortexM4\ARM_GCC_541\Release\cymetadata.o
LOAD .\CortexM4\ARM_GCC_541\Release\cy_efuse.o
LOAD .\CortexM4\ARM_GCC_541\Release\cy_flash.o
LOAD .\CortexM4\ARM_GCC_541\Release\cy_gpio.o
LOAD .\CortexM4\ARM_GCC_541\Release\cy_ipc_drv.o
LOAD .\CortexM4\ARM_GCC_541\Release\cy_ipc_sema.o
LOAD .\CortexM4\ARM_GCC_541\Release\cy_ipc_pipe.o
LOAD .\CortexM4\ARM_GCC_541\Release\cy_lvd.o
LOAD .\CortexM4\ARM_GCC_541\Release\cy_profile.o
LOAD .\CortexM4\ARM_GCC_541\Release\cy_prot.o
LOAD .\CortexM4\ARM_GCC_541\Release\cy_sysanalog.o
LOAD .\CortexM4\ARM_GCC_541\Release\cy_sysclk.o
LOAD .\CortexM4\ARM_GCC_541\Release\cy_sysint.o
LOAD .\CortexM4\ARM_GCC_541\Release\cy_syslib.o
LOAD .\CortexM4\ARM_GCC_541\Release\cy_syslib_gcc.o
LOAD .\CortexM4\ARM_GCC_541\Release\cy_syspm.o
LOAD .\CortexM4\ARM_GCC_541\Release\cy_systick.o
LOAD .\CortexM4\ARM_GCC_541\Release\cy_trigmux.o
LOAD .\CortexM4\ARM_GCC_541\Release\cy_wdt.o
LOAD .\CortexM4\ARM_GCC_541\Release\cy_device.o
LOAD .\CortexM4\ARM_GCC_541\Release\cy_scb_common.o
LOAD .\CortexM4\ARM_GCC_541\Release\cy_scb_i2c.o
LOAD .\CortexM4\ARM_GCC_541\Release\cy_scb_ezi2c.o
LOAD .\CortexM4\ARM_GCC_541\Release\cy_scb_spi.o
LOAD .\CortexM4\ARM_GCC_541\Release\cy_scb_uart.o
LOAD .\CortexM4\ARM_GCC_541\Release\cy_ble_clk.o
LOAD .\CortexM4\ARM_GCC_541\Release\croutine.o
LOAD .\CortexM4\ARM_GCC_541\Release\event_groups.o
LOAD .\CortexM4\ARM_GCC_541\Release\list.o
LOAD .\CortexM4\ARM_GCC_541\Release\queue.o
LOAD .\CortexM4\ARM_GCC_541\Release\tasks.o
LOAD .\CortexM4\ARM_GCC_541\Release\timers.o
LOAD .\CortexM4\ARM_GCC_541\Release\stream_buffer.o
LOAD .\CortexM4\ARM_GCC_541\Release\port.o
LOAD .\CortexM4\ARM_GCC_541\Release\heap_4.o
LOAD .\CortexM4\ARM_GCC_541\Release\retarget.o
LOAD .\CortexM4\ARM_GCC_541\Release\UART.o
END GROUP
START GROUP
LOAD c:/program files (x86)/cypress/psoc creator/4.4/psoc creator/import/gnu/arm/5.4.1/bin/../lib/gcc/arm-none-eabi/5.4.1/armv7e-m/softfp\libgcc.a
LOAD c:/program files (x86)/cypress/psoc creator/4.4/psoc creator/import/gnu/arm/5.4.1/bin/../lib/gcc/arm-none-eabi/5.4.1/../../../../arm-none-eabi/lib/armv7e-m/softfp\libg_nano.a
LOAD c:/program files (x86)/cypress/psoc creator/4.4/psoc creator/import/gnu/arm/5.4.1/bin/../lib/gcc/arm-none-eabi/5.4.1/../../../../arm-none-eabi/lib/armv7e-m/softfp\libc_nano.a
END GROUP
START GROUP
LOAD c:/program files (x86)/cypress/psoc creator/4.4/psoc creator/import/gnu/arm/5.4.1/bin/../lib/gcc/arm-none-eabi/5.4.1/armv7e-m/softfp\libgcc.a
LOAD c:/program files (x86)/cypress/psoc creator/4.4/psoc creator/import/gnu/arm/5.4.1/bin/../lib/gcc/arm-none-eabi/5.4.1/../../../../arm-none-eabi/lib/armv7e-m/softfp\libc_nano.a
END GROUP
LOAD c:/program files (x86)/cypress/psoc creator/4.4/psoc creator/import/gnu/arm/5.4.1/bin/../lib/gcc/arm-none-eabi/5.4.1/armv7e-m/softfp/crtend.o
LOAD c:/program files (x86)/cypress/psoc creator/4.4/psoc creator/import/gnu/arm/5.4.1/bin/../lib/gcc/arm-none-eabi/5.4.1/armv7e-m/softfp/crtn.o
START GROUP
LOAD c:/program files (x86)/cypress/psoc creator/4.4/psoc creator/import/gnu/arm/5.4.1/bin/../lib/gcc/arm-none-eabi/5.4.1/armv7e-m/softfp\libgcc.a
LOAD c:/program files (x86)/cypress/psoc creator/4.4/psoc creator/import/gnu/arm/5.4.1/bin/../lib/gcc/arm-none-eabi/5.4.1/../../../../arm-none-eabi/lib/armv7e-m/softfp\libc.a
LOAD c:/program files (x86)/cypress/psoc creator/4.4/psoc creator/import/gnu/arm/5.4.1/bin/../lib/gcc/arm-none-eabi/5.4.1/../../../../arm-none-eabi/lib/armv7e-m/softfp\libnosys.a
END GROUP
START GROUP
LOAD c:/program files (x86)/cypress/psoc creator/4.4/psoc creator/import/gnu/arm/5.4.1/bin/../lib/gcc/arm-none-eabi/5.4.1/armv7e-m/softfp\libgcc.a
LOAD c:/program files (x86)/cypress/psoc creator/4.4/psoc creator/import/gnu/arm/5.4.1/bin/../lib/gcc/arm-none-eabi/5.4.1/../../../../arm-none-eabi/lib/armv7e-m/softfp\libc.a
LOAD c:/program files (x86)/cypress/psoc creator/4.4/psoc creator/import/gnu/arm/5.4.1/bin/../lib/gcc/arm-none-eabi/5.4.1/../../../../arm-none-eabi/lib/armv7e-m/softfp\libm.a
LOAD c:/program files (x86)/cypress/psoc creator/4.4/psoc creator/import/gnu/arm/5.4.1/bin/../lib/gcc/arm-none-eabi/5.4.1/../../../../arm-none-eabi/lib/armv7e-m/softfp\libnosys.a
END GROUP

.text           0x10080000     0x9f9c
                0x10080000                . = ALIGN (0x4)
                0x10080000                __Vectors = .
 *(.vectors)
 .vectors       0x10080000      0x28c .\CortexM4\ARM_GCC_541\Release\startup_psoc6_01_cm4.o
                0x1008028c                . = ALIGN (0x4)
                0x1008028c                __Vectors_End = .
                0x0000028c                __Vectors_Size = (__Vectors_End - __Vectors)
                0x1008028c                __end__ = .
                0x1008028c                . = ALIGN (0x4)
 *(.text*)
 .text          0x1008028c       0x5c c:/program files (x86)/cypress/psoc creator/4.4/psoc creator/import/gnu/arm/5.4.1/bin/../lib/gcc/arm-none-eabi/5.4.1/armv7e-m/softfp/crtbegin.o
 .text          0x100802e8       0x84 .\CortexM4\ARM_GCC_541\Release\startup_psoc6_01_cm4.o
                0x100802e8                Cy_OnResetUser
                0x100802ea                Reset_Handler
                0x1008034c                cpuss_interrupts_ipc_6_IRQHandler
                0x1008034c                DebugMon_Handler
                0x1008034c                tcpwm_1_interrupts_11_IRQHandler
                0x1008034c                cpuss_interrupts_ipc_0_IRQHandler
                0x1008034c                tcpwm_1_interrupts_15_IRQHandler
                0x1008034c                ioss_interrupts_gpio_13_IRQHandler
                0x1008034c                tcpwm_1_interrupts_13_IRQHandler
                0x1008034c                cpuss_interrupts_dw1_8_IRQHandler
                0x1008034c                tcpwm_0_interrupts_0_IRQHandler
                0x1008034c                cpuss_interrupt_fm_IRQHandler
                0x1008034c                cpuss_interrupts_ipc_7_IRQHandler
                0x1008034c                tcpwm_1_interrupts_14_IRQHandler
                0x1008034c                cpuss_interrupts_dw0_5_IRQHandler
                0x1008034c                tcpwm_1_interrupts_9_IRQHandler
                0x1008034c                cpuss_interrupts_cm0_cti_1_IRQHandler
                0x1008034c                tcpwm_1_interrupts_22_IRQHandler
                0x1008034c                cpuss_interrupts_dw0_4_IRQHandler
                0x1008034c                NMI_Handler
                0x1008034c                cpuss_interrupts_dw1_12_IRQHandler
                0x1008034c                tcpwm_1_interrupts_12_IRQHandler
                0x1008034c                smif_interrupt_IRQHandler
                0x1008034c                tcpwm_1_interrupts_2_IRQHandler
                0x1008034c                cpuss_interrupts_ipc_13_IRQHandler
                0x1008034c                udb_interrupts_11_IRQHandler
                0x1008034c                tcpwm_1_interrupts_18_IRQHandler
                0x1008034c                cpuss_interrupts_dw0_11_IRQHandler
                0x1008034c                tcpwm_0_interrupts_2_IRQHandler
                0x1008034c                cpuss_interrupts_dw0_13_IRQHandler
                0x1008034c                udb_interrupts_2_IRQHandler
                0x1008034c                cpuss_interrupts_dw1_7_IRQHandler
                0x1008034c                ioss_interrupts_gpio_1_IRQHandler
                0x1008034c                ioss_interrupts_gpio_7_IRQHandler
                0x1008034c                scb_5_interrupt_IRQHandler
                0x1008034c                udb_interrupts_6_IRQHandler
                0x1008034c                cpuss_interrupts_fault_1_IRQHandler
                0x1008034c                cpuss_interrupts_ipc_4_IRQHandler
                0x1008034c                cpuss_interrupts_ipc_5_IRQHandler
                0x1008034c                cpuss_interrupts_dw1_10_IRQHandler
                0x1008034c                udb_interrupts_0_IRQHandler
                0x1008034c                tcpwm_1_interrupts_6_IRQHandler
                0x1008034c                scb_4_interrupt_IRQHandler
                0x1008034c                pass_interrupt_dacs_IRQHandler
                0x1008034c                ioss_interrupts_gpio_2_IRQHandler
                0x1008034c                cpuss_interrupts_dw1_9_IRQHandler
                0x1008034c                cpuss_interrupts_dw1_13_IRQHandler
                0x1008034c                scb_2_interrupt_IRQHandler
                0x1008034c                cpuss_interrupts_cm0_cti_0_IRQHandler
                0x1008034c                udb_interrupts_5_IRQHandler
                0x1008034c                srss_interrupt_IRQHandler
                0x1008034c                udb_interrupts_12_IRQHandler
                0x1008034c                scb_0_interrupt_IRQHandler
                0x1008034c                csd_interrupt_IRQHandler
                0x1008034c                udb_interrupts_1_IRQHandler
                0x1008034c                profile_interrupt_IRQHandler
                0x1008034c                tcpwm_1_interrupts_1_IRQHandler
                0x1008034c                cpuss_interrupts_ipc_12_IRQHandler
                0x1008034c                tcpwm_1_interrupts_3_IRQHandler
                0x1008034c                tcpwm_0_interrupts_7_IRQHandler
                0x1008034c                cpuss_interrupts_dw1_1_IRQHandler
                0x1008034c                cpuss_interrupts_dw1_0_IRQHandler
                0x1008034c                cpuss_interrupts_dw0_9_IRQHandler
                0x1008034c                lpcomp_interrupt_IRQHandler
                0x1008034c                tcpwm_1_interrupts_23_IRQHandler
                0x1008034c                udb_interrupts_4_IRQHandler
                0x1008034c                tcpwm_1_interrupts_20_IRQHandler
                0x1008034c                ioss_interrupt_gpio_IRQHandler
                0x1008034c                tcpwm_0_interrupts_1_IRQHandler
                0x1008034c                ioss_interrupts_gpio_8_IRQHandler
                0x1008034c                tcpwm_0_interrupts_6_IRQHandler
                0x1008034c                scb_7_interrupt_IRQHandler
                0x1008034c                tcpwm_1_interrupts_7_IRQHandler
                0x1008034c                cpuss_interrupts_ipc_11_IRQHandler
                0x1008034c                udb_interrupts_13_IRQHandler
                0x1008034c                cpuss_interrupts_dw0_15_IRQHandler
                0x1008034c                udb_interrupts_7_IRQHandler
                0x1008034c                cpuss_interrupts_dw1_6_IRQHandler
                0x1008034c                cpuss_interrupt_crypto_IRQHandler
                0x1008034c                scb_1_interrupt_IRQHandler
                0x1008034c                Default_Handler
                0x1008034c                usb_interrupt_hi_IRQHandler
                0x1008034c                tcpwm_1_interrupts_0_IRQHandler
                0x1008034c                udb_interrupts_9_IRQHandler
                0x1008034c                audioss_interrupt_pdm_IRQHandler
                0x1008034c                srss_interrupt_mcwdt_0_IRQHandler
                0x1008034c                scb_3_interrupt_IRQHandler
                0x1008034c                pass_interrupt_ctbs_IRQHandler
                0x1008034c                udb_interrupts_8_IRQHandler
                0x1008034c                ioss_interrupts_gpio_3_IRQHandler
                0x1008034c                scb_6_interrupt_IRQHandler
                0x1008034c                cpuss_interrupts_cm4_cti_0_IRQHandler
                0x1008034c                cpuss_interrupts_dw1_3_IRQHandler
                0x1008034c                pass_interrupt_sar_IRQHandler
                0x1008034c                ioss_interrupts_gpio_0_IRQHandler
                0x1008034c                ioss_interrupts_gpio_14_IRQHandler
                0x1008034c                tcpwm_0_interrupts_4_IRQHandler
                0x1008034c                udb_interrupts_3_IRQHandler
                0x1008034c                tcpwm_0_interrupts_5_IRQHandler
                0x1008034c                cpuss_interrupts_ipc_15_IRQHandler
                0x1008034c                cpuss_interrupts_cm4_cti_1_IRQHandler
                0x1008034c                scb_8_interrupt_IRQHandler
                0x1008034c                srss_interrupt_mcwdt_1_IRQHandler
                0x1008034c                cpuss_interrupts_dw1_2_IRQHandler
                0x1008034c                cpuss_interrupts_dw1_5_IRQHandler
                0x1008034c                cpuss_interrupts_ipc_1_IRQHandler
                0x1008034c                cpuss_interrupts_dw0_0_IRQHandler
                0x1008034c                ioss_interrupts_gpio_12_IRQHandler
                0x1008034c                cpuss_interrupts_ipc_3_IRQHandler
                0x1008034c                tcpwm_1_interrupts_17_IRQHandler
                0x1008034c                srss_interrupt_backup_IRQHandler
                0x1008034c                bless_interrupt_IRQHandler
                0x1008034c                cpuss_interrupts_ipc_10_IRQHandler
                0x1008034c                cpuss_interrupts_ipc_9_IRQHandler
                0x1008034c                cpuss_interrupts_dw0_14_IRQHandler
                0x1008034c                tcpwm_1_interrupts_4_IRQHandler
                0x1008034c                tcpwm_0_interrupts_3_IRQHandler
                0x1008034c                cpuss_interrupts_dw1_15_IRQHandler
                0x1008034c                ioss_interrupts_gpio_10_IRQHandler
                0x1008034c                udb_interrupts_10_IRQHandler
                0x1008034c                cpuss_interrupts_dw0_8_IRQHandler
                0x1008034c                ioss_interrupts_gpio_11_IRQHandler
                0x1008034c                cpuss_interrupts_ipc_14_IRQHandler
                0x1008034c                ioss_interrupts_gpio_5_IRQHandler
                0x1008034c                ioss_interrupts_gpio_4_IRQHandler
                0x1008034c                tcpwm_1_interrupts_8_IRQHandler
                0x1008034c                cpuss_interrupts_dw1_14_IRQHandler
                0x1008034c                usb_interrupt_med_IRQHandler
                0x1008034c                cpuss_interrupts_dw0_2_IRQHandler
                0x1008034c                tcpwm_1_interrupts_10_IRQHandler
                0x1008034c                cpuss_interrupts_fault_0_IRQHandler
                0x1008034c                cpuss_interrupts_dw0_12_IRQHandler
                0x1008034c                ioss_interrupts_gpio_6_IRQHandler
                0x1008034c                tcpwm_1_interrupts_21_IRQHandler
                0x1008034c                tcpwm_1_interrupts_16_IRQHandler
                0x1008034c                cpuss_interrupts_dw1_4_IRQHandler
                0x1008034c                udb_interrupts_15_IRQHandler
                0x1008034c                cpuss_interrupts_dw1_11_IRQHandler
                0x1008034c                cpuss_interrupts_dw0_6_IRQHandler
                0x1008034c                ioss_interrupt_vdd_IRQHandler
                0x1008034c                cpuss_interrupts_dw0_7_IRQHandler
                0x1008034c                audioss_interrupt_i2s_IRQHandler
                0x1008034c                tcpwm_1_interrupts_5_IRQHandler
                0x1008034c                cpuss_interrupts_ipc_2_IRQHandler
                0x1008034c                cpuss_interrupts_dw0_10_IRQHandler
                0x1008034c                tcpwm_1_interrupts_19_IRQHandler
                0x1008034c                cpuss_interrupts_dw0_1_IRQHandler
                0x1008034c                ioss_interrupts_gpio_9_IRQHandler
                0x1008034c                usb_interrupt_lo_IRQHandler
                0x1008034c                cpuss_interrupts_ipc_8_IRQHandler
                0x1008034c                udb_interrupts_14_IRQHandler
                0x1008034c                cpuss_interrupts_dw0_3_IRQHandler
                0x10080350                UsageFault_Handler
                0x10080350                HardFault_Handler
                0x10080350                MemManage_Handler
                0x10080350                BusFault_Handler
 .text.cbd      0x1008036c       0x90 .\CortexM4\ARM_GCC_541\Release\cbd.o
                0x1008036c                cbd
 .text.KeccakF1600_StatePermute
                0x100803fc     0x1158 .\CortexM4\ARM_GCC_541\Release\fips202.o
 .text.keccak_squeezeblocks
                0x10081554       0x5e .\CortexM4\ARM_GCC_541\Release\fips202.o
 .text.keccak_absorb
                0x100815b2      0x142 .\CortexM4\ARM_GCC_541\Release\fips202.o
 .text.shake128
                0x100816f4       0x9c .\CortexM4\ARM_GCC_541\Release\fips202.o
                0x100816f4                shake128
 .text.sha3_256
                0x10081790       0x54 .\CortexM4\ARM_GCC_541\Release\fips202.o
                0x10081790                sha3_256
 .text.sha3_512
                0x100817e4       0x54 .\CortexM4\ARM_GCC_541\Release\fips202.o
                0x100817e4                sha3_512
 .text.crypto_kem_keypair
                0x10081838       0x3e .\CortexM4\ARM_GCC_541\Release\kem.o
                0x10081838                crypto_kem_keypair
 .text.crypto_kem_enc
                0x10081876       0x64 .\CortexM4\ARM_GCC_541\Release\kem.o
                0x10081876                crypto_kem_enc
 .text.crypto_kem_dec
                0x100818da       0x86 .\CortexM4\ARM_GCC_541\Release\kem.o
                0x100818da                crypto_kem_dec
 .text.POLT2BS  0x10081960       0x46 .\CortexM4\ARM_GCC_541\Release\pack_unpack.o
                0x10081960                POLT2BS
 .text.BS2POLT  0x100819a6       0x40 .\CortexM4\ARM_GCC_541\Release\pack_unpack.o
                0x100819a6                BS2POLT
 .text.POLVECq2BS
                0x100819e6       0xa6 .\CortexM4\ARM_GCC_541\Release\pack_unpack.o
                0x100819e6                POLVECq2BS
 .text.BS2POLVECq
                0x10081a8c       0xbc .\CortexM4\ARM_GCC_541\Release\pack_unpack.o
                0x10081a8c                BS2POLVECq
 .text.POLVECp2BS
                0x10081b48       0x60 .\CortexM4\ARM_GCC_541\Release\pack_unpack.o
                0x10081b48                POLVECp2BS
 .text.BS2POLVECp
                0x10081ba8       0x5c .\CortexM4\ARM_GCC_541\Release\pack_unpack.o
                0x10081ba8                BS2POLVECp
 .text.BS2POLmsg
                0x10081c04       0x24 .\CortexM4\ARM_GCC_541\Release\pack_unpack.o
                0x10081c04                BS2POLmsg
 .text.POLmsg2BS
                0x10081c28       0x3a .\CortexM4\ARM_GCC_541\Release\pack_unpack.o
                0x10081c28                POLmsg2BS
 .text.MatrixVectorMul
                0x10081c62       0x4e .\CortexM4\ARM_GCC_541\Release\poly.o
                0x10081c62                MatrixVectorMul
 .text.InnerProd
                0x10081cb0       0x20 .\CortexM4\ARM_GCC_541\Release\poly.o
                0x10081cb0                InnerProd
 .text.GenMatrix
                0x10081cd0       0x42 .\CortexM4\ARM_GCC_541\Release\poly.o
                0x10081cd0                GenMatrix
 .text.GenSecret
                0x10081d12       0x3c .\CortexM4\ARM_GCC_541\Release\poly.o
                0x10081d12                GenSecret
 .text.karatsuba_simple
                0x10081d4e      0x25c .\CortexM4\ARM_GCC_541\Release\poly_mul.o
 *fill*         0x10081faa        0x2 
 .text.poly_mul_acc
                0x10081fac      0x334 .\CortexM4\ARM_GCC_541\Release\poly_mul.o
                0x10081fac                poly_mul_acc
 .text.randombytes
                0x100822e0       0x68 .\CortexM4\ARM_GCC_541\Release\randombytes.o
                0x100822e0                randombytes
 .text.indcpa_kem_keypair
                0x10082348       0xbe .\CortexM4\ARM_GCC_541\Release\SABER_indcpa.o
                0x10082348                indcpa_kem_keypair
 .text.indcpa_kem_enc
                0x10082406       0xd6 .\CortexM4\ARM_GCC_541\Release\SABER_indcpa.o
                0x10082406                indcpa_kem_enc
 .text.indcpa_kem_dec
                0x100824dc       0x72 .\CortexM4\ARM_GCC_541\Release\SABER_indcpa.o
                0x100824dc                indcpa_kem_dec
 *fill*         0x1008254e        0x2 
 .text.saber_init
                0x10082550       0x24 .\CortexM4\ARM_GCC_541\Release\saber_wrapper.o
                0x10082550                saber_init
 .text.saber_get_public_key_size
                0x10082574        0x6 .\CortexM4\ARM_GCC_541\Release\saber_wrapper.o
                0x10082574                saber_get_public_key_size
 .text.saber_get_secret_key_size
                0x1008257a        0x6 .\CortexM4\ARM_GCC_541\Release\saber_wrapper.o
                0x1008257a                saber_get_secret_key_size
 .text.saber_get_ciphertext_size
                0x10082580        0x6 .\CortexM4\ARM_GCC_541\Release\saber_wrapper.o
                0x10082580                saber_get_ciphertext_size
 .text.saber_get_shared_secret_size
                0x10082586        0x4 .\CortexM4\ARM_GCC_541\Release\saber_wrapper.o
                0x10082586                saber_get_shared_secret_size
 *fill*         0x1008258a        0x2 
 .text.saber_keypair
                0x1008258c       0x28 .\CortexM4\ARM_GCC_541\Release\saber_wrapper.o
                0x1008258c                saber_keypair
 .text.saber_encapsulate
                0x100825b4       0x28 .\CortexM4\ARM_GCC_541\Release\saber_wrapper.o
                0x100825b4                saber_encapsulate
 .text.saber_decapsulate
                0x100825dc       0x28 .\CortexM4\ARM_GCC_541\Release\saber_wrapper.o
                0x100825dc                saber_decapsulate
 .text.verify   0x10082604       0x24 .\CortexM4\ARM_GCC_541\Release\verify.o
                0x10082604                verify
 .text.cmov     0x10082628       0x22 .\CortexM4\ARM_GCC_541\Release\verify.o
                0x10082628                cmov
 .text.Cy_SysIpcPipeIsrCm4
                0x1008264a        0x6 .\CortexM4\ARM_GCC_541\Release\system_psoc6_cm4.o
                0x1008264a                Cy_SysIpcPipeIsrCm4
 .text.Cy_SystemInit
                0x10082650        0x2 .\CortexM4\ARM_GCC_541\Release\system_psoc6_cm4.o
                0x10082650                Cy_SystemInit
 *fill*         0x10082652        0x2 
 .text.SystemCoreClockUpdate
                0x10082654      0x160 .\CortexM4\ARM_GCC_541\Release\system_psoc6_cm4.o
                0x10082654                SystemCoreClockUpdate
 .text.SystemInit
                0x100827b4       0x48 .\CortexM4\ARM_GCC_541\Release\system_psoc6_cm4.o
                0x100827b4                SystemInit
 .text.Cy_SystemInitFpuEnable
                0x100827fc       0x28 .\CortexM4\ARM_GCC_541\Release\system_psoc6_cm4.o
                0x100827fc                Cy_SystemInitFpuEnable
 .text.mainTask
                0x10082824       0xd4 .\CortexM4\ARM_GCC_541\Release\mainTask.o
                0x10082824                mainTask
 .text.startup.main
                0x100828f8       0x44 .\CortexM4\ARM_GCC_541\Release\main_cm4.o
                0x100828f8                main
 .text.UART_Isr
                0x1008293c       0x70 .\CortexM4\ARM_GCC_541\Release\uartTask.o
 .text.uartTask
                0x100829ac       0xe0 .\CortexM4\ARM_GCC_541\Release\uartTask.o
                0x100829ac                uartTask
 .text.STDIO_PutChar
                0x10082a8c       0x18 .\CortexM4\ARM_GCC_541\Release\stdio_user.o
                0x10082a8c                STDIO_PutChar
 .text.STDIO_GetChar
                0x10082aa4       0x1c .\CortexM4\ARM_GCC_541\Release\stdio_user.o
                0x10082aa4                STDIO_GetChar
 .text.Cy_SysClk_ClkPeriGetDivider
                0x10082ac0       0x14 .\CortexM4\ARM_GCC_541\Release\cy_flash.o
 .text.Cy_SysClk_ClkSlowGetDivider
                0x10082ad4       0x18 .\CortexM4\ARM_GCC_541\Release\cy_flash.o
 .text.Cy_IPC_Drv_GetIpcBaseAddress
                0x10082aec       0x14 .\CortexM4\ARM_GCC_541\Release\cy_flash.o
 .text.Cy_IPC_Drv_IsLockAcquired
                0x10082b00       0x14 .\CortexM4\ARM_GCC_541\Release\cy_flash.o
 .text.Cy_Flash_ProcessOpcode
                0x10082b14       0xa4 .\CortexM4\ARM_GCC_541\Release\cy_flash.o
 .text.Cy_Flash_OperationStatus
                0x10082bb8       0x38 .\CortexM4\ARM_GCC_541\Release\cy_flash.o
 .text.Cy_Flash_InitExt
                0x10082bf0       0x78 .\CortexM4\ARM_GCC_541\Release\cy_flash.o
                0x10082bf0                Cy_Flash_InitExt
 .text.Cy_Flash_Init
                0x10082c68        0xc .\CortexM4\ARM_GCC_541\Release\cy_flash.o
                0x10082c68                Cy_Flash_Init
 .text.Cy_IPC_Drv_LockRelease
                0x10082c74       0x20 .\CortexM4\ARM_GCC_541\Release\cy_ipc_drv.o
                0x10082c74                Cy_IPC_Drv_LockRelease
 .text.Cy_IPC_Drv_SendMsgWord
                0x10082c94       0x18 .\CortexM4\ARM_GCC_541\Release\cy_ipc_drv.o
                0x10082c94                Cy_IPC_Drv_SendMsgWord
 .text.Cy_IPC_Drv_ReadMsgWord
                0x10082cac       0x20 .\CortexM4\ARM_GCC_541\Release\cy_ipc_drv.o
                0x10082cac                Cy_IPC_Drv_ReadMsgWord
 .text.Cy_IPC_Sema_InitExt
                0x10082ccc       0x68 .\CortexM4\ARM_GCC_541\Release\cy_ipc_sema.o
                0x10082ccc                Cy_IPC_Sema_InitExt
 .text.Cy_IPC_Sema_Init
                0x10082d34       0x44 .\CortexM4\ARM_GCC_541\Release\cy_ipc_sema.o
                0x10082d34                Cy_IPC_Sema_Init
 .text.Cy_IPC_Sema_Clear
                0x10082d78       0x84 .\CortexM4\ARM_GCC_541\Release\cy_ipc_sema.o
                0x10082d78                Cy_IPC_Sema_Clear
 .text.Cy_IPC_Sema_Status
                0x10082dfc       0x40 .\CortexM4\ARM_GCC_541\Release\cy_ipc_sema.o
                0x10082dfc                Cy_IPC_Sema_Status
 .text.Cy_IPC_Pipe_Config
                0x10082e3c       0x10 .\CortexM4\ARM_GCC_541\Release\cy_ipc_pipe.o
                0x10082e3c                Cy_IPC_Pipe_Config
 .text.Cy_IPC_Pipe_EndpointInit
                0x10082e4c       0x60 .\CortexM4\ARM_GCC_541\Release\cy_ipc_pipe.o
                0x10082e4c                Cy_IPC_Pipe_EndpointInit
 .text.Cy_IPC_Pipe_Init
                0x10082eac       0x68 .\CortexM4\ARM_GCC_541\Release\cy_ipc_pipe.o
                0x10082eac                Cy_IPC_Pipe_Init
 .text.Cy_IPC_Pipe_SendMessage
                0x10082f14       0x58 .\CortexM4\ARM_GCC_541\Release\cy_ipc_pipe.o
                0x10082f14                Cy_IPC_Pipe_SendMessage
 .text.Cy_IPC_Pipe_RegisterCallback
                0x10082f6c       0x28 .\CortexM4\ARM_GCC_541\Release\cy_ipc_pipe.o
                0x10082f6c                Cy_IPC_Pipe_RegisterCallback
 .text.Cy_IPC_Pipe_ExecCallback
                0x10082f94       0x78 .\CortexM4\ARM_GCC_541\Release\cy_ipc_pipe.o
                0x10082f94                Cy_IPC_Pipe_ExecCallback
 .text.Cy_IPC_Pipe_ExecuteCallback
                0x1008300c       0x14 .\CortexM4\ARM_GCC_541\Release\cy_ipc_pipe.o
                0x1008300c                Cy_IPC_Pipe_ExecuteCallback
 .text.Cy_SysInt_SetVector
                0x10083020       0x2c .\CortexM4\ARM_GCC_541\Release\cy_sysint.o
                0x10083020                Cy_SysInt_SetVector
 .text.Cy_SysInt_Init
                0x1008304c       0x5c .\CortexM4\ARM_GCC_541\Release\cy_sysint.o
                0x1008304c                Cy_SysInt_Init
 .text.Cy_SysLib_ProcessingFault
                0x100830a8        0x2 .\CortexM4\ARM_GCC_541\Release\cy_syslib.o
                0x100830a8                Cy_SysLib_ProcessingFault
 *fill*         0x100830aa        0x2 
 .text.Cy_SysLib_FaultHandler
                0x100830ac       0x98 .\CortexM4\ARM_GCC_541\Release\cy_syslib.o
                0x100830ac                Cy_SysLib_FaultHandler
 *fill*         0x10083144        0x4 
 .text          0x10083148       0x20 .\CortexM4\ARM_GCC_541\Release\cy_syslib_gcc.o
                0x10083148                Cy_SysLib_DelayCycles
                0x1008315a                Cy_SysLib_EnterCriticalSection
                0x10083162                Cy_SysLib_ExitCriticalSection
 .text.Cy_SysLib_GetDeviceRevision
                0x10083168       0x12 .\CortexM4\ARM_GCC_541\Release\cy_syspm.o
 *fill*         0x1008317a        0x2 
 .text.Cy_PDL_Init
                0x1008317c        0xc .\CortexM4\ARM_GCC_541\Release\cy_device.o
                0x1008317c                Cy_PDL_Init
 .text.Cy_SCB_ReadArrayNoCheck
                0x10083188       0x36 .\CortexM4\ARM_GCC_541\Release\cy_scb_common.o
                0x10083188                Cy_SCB_ReadArrayNoCheck
 .text.Cy_SCB_ReadArray
                0x100831be       0x1a .\CortexM4\ARM_GCC_541\Release\cy_scb_common.o
                0x100831be                Cy_SCB_ReadArray
 .text.Cy_SCB_Write
                0x100831d8       0x22 .\CortexM4\ARM_GCC_541\Release\cy_scb_common.o
                0x100831d8                Cy_SCB_Write
 .text.Cy_SCB_WriteArrayNoCheck
                0x100831fa       0x36 .\CortexM4\ARM_GCC_541\Release\cy_scb_common.o
                0x100831fa                Cy_SCB_WriteArrayNoCheck
 .text.Cy_SCB_WriteArray
                0x10083230       0x28 .\CortexM4\ARM_GCC_541\Release\cy_scb_common.o
                0x10083230                Cy_SCB_WriteArray
 .text.Cy_SCB_UART_Init
                0x10083258      0x1c4 .\CortexM4\ARM_GCC_541\Release\cy_scb_uart.o
                0x10083258                Cy_SCB_UART_Init
 .text.Cy_SCB_UART_GetNumInRingBuffer
                0x1008341c       0x18 .\CortexM4\ARM_GCC_541\Release\cy_scb_uart.o
                0x1008341c                Cy_SCB_UART_GetNumInRingBuffer
 .text.Cy_SCB_UART_Interrupt
                0x10083434      0x282 .\CortexM4\ARM_GCC_541\Release\cy_scb_uart.o
                0x10083434                Cy_SCB_UART_Interrupt
 .text.vListInitialise
                0x100836b6       0x16 .\CortexM4\ARM_GCC_541\Release\list.o
                0x100836b6                vListInitialise
 .text.vListInitialiseItem
                0x100836cc        0x6 .\CortexM4\ARM_GCC_541\Release\list.o
                0x100836cc                vListInitialiseItem
 .text.vListInsertEnd
                0x100836d2       0x18 .\CortexM4\ARM_GCC_541\Release\list.o
                0x100836d2                vListInsertEnd
 .text.vListInsert
                0x100836ea       0x30 .\CortexM4\ARM_GCC_541\Release\list.o
                0x100836ea                vListInsert
 .text.uxListRemove
                0x1008371a       0x22 .\CortexM4\ARM_GCC_541\Release\list.o
                0x1008371a                uxListRemove
 .text.prvIsQueueEmpty
                0x1008373c       0x16 .\CortexM4\ARM_GCC_541\Release\queue.o
 .text.unlikely.prvCopyDataToQueue
                0x10083752       0x54 .\CortexM4\ARM_GCC_541\Release\queue.o
 .text.unlikely.prvCopyDataFromQueue
                0x100837a6       0x2a .\CortexM4\ARM_GCC_541\Release\queue.o
 .text.prvUnlockQueue
                0x100837d0       0x6c .\CortexM4\ARM_GCC_541\Release\queue.o
 .text.xQueueGenericReset
                0x1008383c       0x80 .\CortexM4\ARM_GCC_541\Release\queue.o
                0x1008383c                xQueueGenericReset
 .text.xQueueGenericCreate
                0x100838bc       0x42 .\CortexM4\ARM_GCC_541\Release\queue.o
                0x100838bc                xQueueGenericCreate
 *fill*         0x100838fe        0x2 
 .text.xQueueGenericSend
                0x10083900      0x164 .\CortexM4\ARM_GCC_541\Release\queue.o
                0x10083900                xQueueGenericSend
 .text.xQueueGenericSendFromISR
                0x10083a64       0xbe .\CortexM4\ARM_GCC_541\Release\queue.o
                0x10083a64                xQueueGenericSendFromISR
 .text.xQueueGiveFromISR
                0x10083b22       0xa4 .\CortexM4\ARM_GCC_541\Release\queue.o
                0x10083b22                xQueueGiveFromISR
 *fill*         0x10083bc6        0x2 
 .text.xQueueReceive
                0x10083bc8      0x140 .\CortexM4\ARM_GCC_541\Release\queue.o
                0x10083bc8                xQueueReceive
 .text.xQueueSemaphoreTake
                0x10083d08      0x130 .\CortexM4\ARM_GCC_541\Release\queue.o
                0x10083d08                xQueueSemaphoreTake
 .text.vQueueAddToRegistry
                0x10083e38       0x28 .\CortexM4\ARM_GCC_541\Release\queue.o
                0x10083e38                vQueueAddToRegistry
 .text.vQueueWaitForMessageRestricted
                0x10083e60       0x46 .\CortexM4\ARM_GCC_541\Release\queue.o
                0x10083e60                vQueueWaitForMessageRestricted
 *fill*         0x10083ea6        0x2 
 .text.prvResetNextTaskUnblockTime
                0x10083ea8       0x20 .\CortexM4\ARM_GCC_541\Release\tasks.o
 .text.prvAddCurrentTaskToDelayedList
                0x10083ec8       0x5c .\CortexM4\ARM_GCC_541\Release\tasks.o
 .text.prvIdleTask
                0x10083f24       0x58 .\CortexM4\ARM_GCC_541\Release\tasks.o
 .text.xTaskCreate
                0x10083f7c      0x18c .\CortexM4\ARM_GCC_541\Release\tasks.o
                0x10083f7c                xTaskCreate
 .text.vTaskStartScheduler
                0x10084108       0x74 .\CortexM4\ARM_GCC_541\Release\tasks.o
                0x10084108                vTaskStartScheduler
 .text.vTaskSuspendAll
                0x1008417c       0x14 .\CortexM4\ARM_GCC_541\Release\tasks.o
                0x1008417c                vTaskSuspendAll
 .text.xTaskGetTickCount
                0x10084190        0xc .\CortexM4\ARM_GCC_541\Release\tasks.o
                0x10084190                xTaskGetTickCount
 .text.xTaskIncrementTick
                0x1008419c       0xd8 .\CortexM4\ARM_GCC_541\Release\tasks.o
                0x1008419c                xTaskIncrementTick
 .text.xTaskResumeAll
                0x10084274       0xd4 .\CortexM4\ARM_GCC_541\Release\tasks.o
                0x10084274                xTaskResumeAll
 .text.vTaskSwitchContext
                0x10084348       0x9c .\CortexM4\ARM_GCC_541\Release\tasks.o
                0x10084348                vTaskSwitchContext
 .text.vTaskPlaceOnEventList
                0x100843e4       0x34 .\CortexM4\ARM_GCC_541\Release\tasks.o
                0x100843e4                vTaskPlaceOnEventList
 .text.vTaskPlaceOnEventListRestricted
                0x10084418       0x3c .\CortexM4\ARM_GCC_541\Release\tasks.o
                0x10084418                vTaskPlaceOnEventListRestricted
 .text.xTaskRemoveFromEventList
                0x10084454       0x78 .\CortexM4\ARM_GCC_541\Release\tasks.o
                0x10084454                xTaskRemoveFromEventList
 .text.vTaskInternalSetTimeOutState
                0x100844cc       0x14 .\CortexM4\ARM_GCC_541\Release\tasks.o
                0x100844cc                vTaskInternalSetTimeOutState
 .text.xTaskCheckForTimeOut
                0x100844e0       0x78 .\CortexM4\ARM_GCC_541\Release\tasks.o
                0x100844e0                xTaskCheckForTimeOut
 .text.vTaskMissedYield
                0x10084558       0x10 .\CortexM4\ARM_GCC_541\Release\tasks.o
                0x10084558                vTaskMissedYield
 .text.xTaskGetSchedulerState
                0x10084568       0x20 .\CortexM4\ARM_GCC_541\Release\tasks.o
                0x10084568                xTaskGetSchedulerState
 .text.prvCheckForValidListAndQueue
                0x10084588       0x48 .\CortexM4\ARM_GCC_541\Release\timers.o
 .text.prvInsertTimerInActiveList
                0x100845d0       0x38 .\CortexM4\ARM_GCC_541\Release\timers.o
 .text.xTimerCreateTimerTask
                0x10084608       0x4c .\CortexM4\ARM_GCC_541\Release\timers.o
                0x10084608                xTimerCreateTimerTask
 .text.xTimerGenericCommand
                0x10084654       0x58 .\CortexM4\ARM_GCC_541\Release\timers.o
                0x10084654                xTimerGenericCommand
 .text.prvSwitchTimerLists
                0x100846ac       0x7c .\CortexM4\ARM_GCC_541\Release\timers.o
 .text.prvTimerTask
                0x10084728      0x198 .\CortexM4\ARM_GCC_541\Release\timers.o
 .text.prvTaskExitError
                0x100848c0       0x40 .\CortexM4\ARM_GCC_541\Release\port.o
 .text.unlikely.prvPortStartFirstTask
                0x10084900       0x28 .\CortexM4\ARM_GCC_541\Release\port.o
 .text.unlikely.vPortEnableVFP
                0x10084928       0x14 .\CortexM4\ARM_GCC_541\Release\port.o
 .text.pxPortInitialiseStack
                0x1008493c       0x2c .\CortexM4\ARM_GCC_541\Release\port.o
                0x1008493c                pxPortInitialiseStack
 *fill*         0x10084968        0x8 
 .text.SVC_Handler
                0x10084970       0x24 .\CortexM4\ARM_GCC_541\Release\port.o
                0x10084970                SVC_Handler
 .text.vPortEnterCritical
                0x10084994       0x44 .\CortexM4\ARM_GCC_541\Release\port.o
                0x10084994                vPortEnterCritical
 .text.vPortExitCritical
                0x100849d8       0x28 .\CortexM4\ARM_GCC_541\Release\port.o
                0x100849d8                vPortExitCritical
 .text.PendSV_Handler
                0x10084a00       0x64 .\CortexM4\ARM_GCC_541\Release\port.o
                0x10084a00                PendSV_Handler
 .text.SysTick_Handler
                0x10084a64       0x2c .\CortexM4\ARM_GCC_541\Release\port.o
                0x10084a64                SysTick_Handler
 .text.vPortSetupTimerInterrupt
                0x10084a90       0x34 .\CortexM4\ARM_GCC_541\Release\port.o
                0x10084a90                vPortSetupTimerInterrupt
 .text.xPortStartScheduler
                0x10084ac4       0xc4 .\CortexM4\ARM_GCC_541\Release\port.o
                0x10084ac4                xPortStartScheduler
 .text.vPortValidateInterruptPriority
                0x10084b88       0x54 .\CortexM4\ARM_GCC_541\Release\port.o
                0x10084b88                vPortValidateInterruptPriority
 .text.vApplicationStackOverflowHook
                0x10084bdc       0x12 .\CortexM4\ARM_GCC_541\Release\port.o
                0x10084bdc                vApplicationStackOverflowHook
 *fill*         0x10084bee        0x2 
 .text.unlikely.prvInsertBlockIntoFreeList
                0x10084bf0       0x44 .\CortexM4\ARM_GCC_541\Release\heap_4.o
 .text.pvPortMalloc
                0x10084c34      0x120 .\CortexM4\ARM_GCC_541\Release\heap_4.o
                0x10084c34                pvPortMalloc
 .text.vPortFree
                0x10084d54       0x70 .\CortexM4\ARM_GCC_541\Release\heap_4.o
                0x10084d54                vPortFree
 .text._write   0x10084dc4       0x24 .\CortexM4\ARM_GCC_541\Release\retarget.o
                0x10084dc4                _write
 .text._read    0x10084de8       0x2a .\CortexM4\ARM_GCC_541\Release\retarget.o
                0x10084de8                _read
 *fill*         0x10084e12        0x2 
 .text.UART_Interrupt
                0x10084e14       0x10 .\CortexM4\ARM_GCC_541\Release\UART.o
 .text.UART_Start
                0x10084e24       0x64 .\CortexM4\ARM_GCC_541\Release\UART.o
                0x10084e24                UART_Start
 .text.Cy_Crypto_Client_ReleaseIntrHndlr
                0x10084e88       0x38 Generated_Source\PSoC6\pdl\drivers\peripheral\crypto\libs\cy_crypto_client_gcc.a(cy_crypto.o)
 .text.Cy_Crypto_IsServerStarted
                0x10084ec0       0x28 Generated_Source\PSoC6\pdl\drivers\peripheral\crypto\libs\cy_crypto_client_gcc.a(cy_crypto.o)
 .text.Cy_Crypto_IsServerReady.isra.0
                0x10084ee8       0x24 Generated_Source\PSoC6\pdl\drivers\peripheral\crypto\libs\cy_crypto_client_gcc.a(cy_crypto.o)
 .text.Cy_Crypto_Client_Send
                0x10084f0c       0x68 Generated_Source\PSoC6\pdl\drivers\peripheral\crypto\libs\cy_crypto_client_gcc.a(cy_crypto.o)
 .text.Cy_Crypto_Sync
                0x10084f74       0x58 Generated_Source\PSoC6\pdl\drivers\peripheral\crypto\libs\cy_crypto_client_gcc.a(cy_crypto.o)
                0x10084f74                Cy_Crypto_Sync
 .text.Cy_Crypto_Init
                0x10084fcc       0xa0 Generated_Source\PSoC6\pdl\drivers\peripheral\crypto\libs\cy_crypto_client_gcc.a(cy_crypto.o)
                0x10084fcc                Cy_Crypto_Init
 .text.Cy_Crypto_Enable
                0x1008506c       0x30 Generated_Source\PSoC6\pdl\drivers\peripheral\crypto\libs\cy_crypto_client_gcc.a(cy_crypto.o)
                0x1008506c                Cy_Crypto_Enable
 .text.Cy_Crypto_Trng_Generate
                0x1008509c       0x28 Generated_Source\PSoC6\pdl\drivers\peripheral\crypto\libs\cy_crypto_client_gcc.a(cy_crypto.o)
                0x1008509c                Cy_Crypto_Trng_Generate
 .text.__NVIC_ClearPendingIRQ
                0x100850c4       0x1c Generated_Source\PSoC6\pdl\drivers\peripheral\crypto\libs\cy_crypto_server_gcc.a(cy_crypto_server.o)
 .text.Cy_Crypto_Server_ErrorHandler
                0x100850e0       0x50 Generated_Source\PSoC6\pdl\drivers\peripheral\crypto\libs\cy_crypto_server_gcc.a(cy_crypto_server.o)
                0x100850e0                Cy_Crypto_Server_ErrorHandler
 .text.Cy_Crypto_Server_Start_Common
                0x10085130       0xcc Generated_Source\PSoC6\pdl\drivers\peripheral\crypto\libs\cy_crypto_server_gcc.a(cy_crypto_server.o)
 .text.Cy_Crypto_Server_Start_Full
                0x100851fc       0x34 Generated_Source\PSoC6\pdl\drivers\peripheral\crypto\libs\cy_crypto_server_gcc.a(cy_crypto_server.o)
                0x100851fc                Cy_Crypto_Server_Start_Full
 .text.Cy_Crypto_Server_Process
                0x10085230      0x330 Generated_Source\PSoC6\pdl\drivers\peripheral\crypto\libs\cy_crypto_server_gcc.a(cy_crypto_server.o)
                0x10085230                Cy_Crypto_Server_Process
 .text.Cy_Crypto_Server_GetDataHandler
                0x10085560       0x54 Generated_Source\PSoC6\pdl\drivers\peripheral\crypto\libs\cy_crypto_server_gcc.a(cy_crypto_server.o)
                0x10085560                Cy_Crypto_Server_GetDataHandler
 .text.Cy_Crypto_Core_V1_Aes_ProcessBlock
                0x100855b4       0x44 Generated_Source\PSoC6\pdl\drivers\peripheral\crypto\libs\cy_crypto_server_gcc.a(cy_crypto_core_aes_v1.o)
                0x100855b4                Cy_Crypto_Core_V1_Aes_ProcessBlock
 .text.Cy_Crypto_Core_V1_Aes_Xor
                0x100855f8       0x34 Generated_Source\PSoC6\pdl\drivers\peripheral\crypto\libs\cy_crypto_server_gcc.a(cy_crypto_core_aes_v1.o)
                0x100855f8                Cy_Crypto_Core_V1_Aes_Xor
 .text.Cy_Crypto_Core_V1_Aes_Init
                0x1008562c       0x58 Generated_Source\PSoC6\pdl\drivers\peripheral\crypto\libs\cy_crypto_server_gcc.a(cy_crypto_core_aes_v1.o)
                0x1008562c                Cy_Crypto_Core_V1_Aes_Init
 .text.Cy_Crypto_Core_V1_Aes_Ecb
                0x10085684       0x40 Generated_Source\PSoC6\pdl\drivers\peripheral\crypto\libs\cy_crypto_server_gcc.a(cy_crypto_core_aes_v1.o)
                0x10085684                Cy_Crypto_Core_V1_Aes_Ecb
 .text.Cy_Crypto_Core_V1_Aes_Cbc
                0x100856c4       0xf0 Generated_Source\PSoC6\pdl\drivers\peripheral\crypto\libs\cy_crypto_server_gcc.a(cy_crypto_core_aes_v1.o)
                0x100856c4                Cy_Crypto_Core_V1_Aes_Cbc
 .text.Cy_Crypto_Core_V1_Aes_Cfb
                0x100857b4       0xa8 Generated_Source\PSoC6\pdl\drivers\peripheral\crypto\libs\cy_crypto_server_gcc.a(cy_crypto_core_aes_v1.o)
                0x100857b4                Cy_Crypto_Core_V1_Aes_Cfb
 .text.Cy_Crypto_Core_V1_Aes_Ctr
                0x1008585c       0xc6 Generated_Source\PSoC6\pdl\drivers\peripheral\crypto\libs\cy_crypto_server_gcc.a(cy_crypto_core_aes_v1.o)
                0x1008585c                Cy_Crypto_Core_V1_Aes_Ctr
 .text.Cy_Crypto_Core_V1_Cmac_CalcSubKey
                0x10085922       0x2a Generated_Source\PSoC6\pdl\drivers\peripheral\crypto\libs\cy_crypto_server_gcc.a(cy_crypto_core_cmac_v1.o)
 .text.Cy_Crypto_Core_V1_Cmac_Start
                0x1008594c       0x2a Generated_Source\PSoC6\pdl\drivers\peripheral\crypto\libs\cy_crypto_server_gcc.a(cy_crypto_core_cmac_v1.o)
                0x1008594c                Cy_Crypto_Core_V1_Cmac_Start
 .text.Cy_Crypto_Core_V1_Cmac_Update
                0x10085976       0x64 Generated_Source\PSoC6\pdl\drivers\peripheral\crypto\libs\cy_crypto_server_gcc.a(cy_crypto_core_cmac_v1.o)
                0x10085976                Cy_Crypto_Core_V1_Cmac_Update
 .text.Cy_Crypto_Core_V1_Cmac_Finish
                0x100859da       0x74 Generated_Source\PSoC6\pdl\drivers\peripheral\crypto\libs\cy_crypto_server_gcc.a(cy_crypto_core_cmac_v1.o)
                0x100859da                Cy_Crypto_Core_V1_Cmac_Finish
 *fill*         0x10085a4e        0x2 
 .text.Cy_Crypto_Core_V1_Cmac
                0x10085a50       0x60 Generated_Source\PSoC6\pdl\drivers\peripheral\crypto\libs\cy_crypto_server_gcc.a(cy_crypto_core_cmac_v1.o)
                0x10085a50                Cy_Crypto_Core_V1_Cmac
 .text.Cy_Crypto_Core_V1_Hmac
                0x10085ab0      0x198 Generated_Source\PSoC6\pdl\drivers\peripheral\crypto\libs\cy_crypto_server_gcc.a(cy_crypto_core_hmac_v1.o)
                0x10085ab0                Cy_Crypto_Core_V1_Hmac
 .text.Cy_Crypto_Core_GetFIFOUsed
                0x10085c48       0x14 Generated_Source\PSoC6\pdl\drivers\peripheral\crypto\libs\cy_crypto_server_gcc.a(cy_crypto_core_aes_v2.o)
 .text.Cy_Crypto_Core_V2_FFContinue
                0x10085c5c       0x54 Generated_Source\PSoC6\pdl\drivers\peripheral\crypto\libs\cy_crypto_server_gcc.a(cy_crypto_core_aes_v2.o)
 .text.Cy_Crypto_Core_V2_BlockMov
                0x10085cb0       0x34 Generated_Source\PSoC6\pdl\drivers\peripheral\crypto\libs\cy_crypto_server_gcc.a(cy_crypto_core_aes_v2.o)
 .text.Cy_Crypto_Core_V2_RBSetByte
                0x10085ce4       0x2c Generated_Source\PSoC6\pdl\drivers\peripheral\crypto\libs\cy_crypto_server_gcc.a(cy_crypto_core_aes_v2.o)
 .text.Cy_Crypto_Core_V2_RunAes
                0x10085d10       0x24 Generated_Source\PSoC6\pdl\drivers\peripheral\crypto\libs\cy_crypto_server_gcc.a(cy_crypto_core_aes_v2.o)
 .text.Cy_Crypto_Core_V2_RunAesInv
                0x10085d34       0x24 Generated_Source\PSoC6\pdl\drivers\peripheral\crypto\libs\cy_crypto_server_gcc.a(cy_crypto_core_aes_v2.o)
 .text.Cy_Crypto_Core_V2_FFStart.constprop.3
                0x10085d58       0x34 Generated_Source\PSoC6\pdl\drivers\peripheral\crypto\libs\cy_crypto_server_gcc.a(cy_crypto_core_aes_v2.o)
 .text.Cy_Crypto_Core_V2_Aes_LoadEncKey
                0x10085d8c       0x34 Generated_Source\PSoC6\pdl\drivers\peripheral\crypto\libs\cy_crypto_server_gcc.a(cy_crypto_core_aes_v2.o)
                0x10085d8c                Cy_Crypto_Core_V2_Aes_LoadEncKey
 .text.Cy_Crypto_Core_V2_Aes_LoadDecKey
                0x10085dc0       0x34 Generated_Source\PSoC6\pdl\drivers\peripheral\crypto\libs\cy_crypto_server_gcc.a(cy_crypto_core_aes_v2.o)
                0x10085dc0                Cy_Crypto_Core_V2_Aes_LoadDecKey
 .text.Cy_Crypto_Core_V2_Aes_Init
                0x10085df4       0x30 Generated_Source\PSoC6\pdl\drivers\peripheral\crypto\libs\cy_crypto_server_gcc.a(cy_crypto_core_aes_v2.o)
                0x10085df4                Cy_Crypto_Core_V2_Aes_Init
 .text.Cy_Crypto_Core_V2_Aes_Ecb
                0x10085e24       0x5c Generated_Source\PSoC6\pdl\drivers\peripheral\crypto\libs\cy_crypto_server_gcc.a(cy_crypto_core_aes_v2.o)
                0x10085e24                Cy_Crypto_Core_V2_Aes_Ecb
 .text.Cy_Crypto_Core_V2_Aes_Cbc
                0x10085e80       0xdc Generated_Source\PSoC6\pdl\drivers\peripheral\crypto\libs\cy_crypto_server_gcc.a(cy_crypto_core_aes_v2.o)
                0x10085e80                Cy_Crypto_Core_V2_Aes_Cbc
 .text.Cy_Crypto_Core_V2_Aes_Cfb
                0x10085f5c       0xc0 Generated_Source\PSoC6\pdl\drivers\peripheral\crypto\libs\cy_crypto_server_gcc.a(cy_crypto_core_aes_v2.o)
                0x10085f5c                Cy_Crypto_Core_V2_Aes_Cfb
 .text.Cy_Crypto_Core_V2_Aes_Ctr
                0x1008601c      0x188 Generated_Source\PSoC6\pdl\drivers\peripheral\crypto\libs\cy_crypto_server_gcc.a(cy_crypto_core_aes_v2.o)
                0x1008601c                Cy_Crypto_Core_V2_Aes_Ctr
 .text.Cy_Crypto_Core_GetFIFOUsed
                0x100861a4       0x14 Generated_Source\PSoC6\pdl\drivers\peripheral\crypto\libs\cy_crypto_server_gcc.a(cy_crypto_core_cmac_v2.o)
 .text.Cy_Crypto_Core_V2_RunAes
                0x100861b8       0x24 Generated_Source\PSoC6\pdl\drivers\peripheral\crypto\libs\cy_crypto_server_gcc.a(cy_crypto_core_cmac_v2.o)
 .text.Cy_Crypto_Core_V2_Cmac_CalcSubKey
                0x100861dc       0x2a Generated_Source\PSoC6\pdl\drivers\peripheral\crypto\libs\cy_crypto_server_gcc.a(cy_crypto_core_cmac_v2.o)
 *fill*         0x10086206        0x2 
 .text.Cy_Crypto_Core_V2_FFContinue.constprop.2
                0x10086208       0x40 Generated_Source\PSoC6\pdl\drivers\peripheral\crypto\libs\cy_crypto_server_gcc.a(cy_crypto_core_cmac_v2.o)
 .text.Cy_Crypto_Core_V2_FFStart.constprop.3
                0x10086248       0x34 Generated_Source\PSoC6\pdl\drivers\peripheral\crypto\libs\cy_crypto_server_gcc.a(cy_crypto_core_cmac_v2.o)
 .text.Cy_Crypto_Core_V2_Cmac_Start
                0x1008627c       0x78 Generated_Source\PSoC6\pdl\drivers\peripheral\crypto\libs\cy_crypto_server_gcc.a(cy_crypto_core_cmac_v2.o)
                0x1008627c                Cy_Crypto_Core_V2_Cmac_Start
 .text.Cy_Crypto_Core_V2_Cmac_Update
                0x100862f4       0x44 Generated_Source\PSoC6\pdl\drivers\peripheral\crypto\libs\cy_crypto_server_gcc.a(cy_crypto_core_cmac_v2.o)
                0x100862f4                Cy_Crypto_Core_V2_Cmac_Update
 .text.Cy_Crypto_Core_V2_Cmac_Finish
                0x10086338       0xa8 Generated_Source\PSoC6\pdl\drivers\peripheral\crypto\libs\cy_crypto_server_gcc.a(cy_crypto_core_cmac_v2.o)
                0x10086338                Cy_Crypto_Core_V2_Cmac_Finish
 .text.Cy_Crypto_Core_V2_Cmac
                0x100863e0       0x46 Generated_Source\PSoC6\pdl\drivers\peripheral\crypto\libs\cy_crypto_server_gcc.a(cy_crypto_core_cmac_v2.o)
                0x100863e0                Cy_Crypto_Core_V2_Cmac
 .text.Cy_Crypto_Core_V2_Hmac
                0x10086426      0x142 Generated_Source\PSoC6\pdl\drivers\peripheral\crypto\libs\cy_crypto_server_gcc.a(cy_crypto_core_hmac_v2.o)
                0x10086426                Cy_Crypto_Core_V2_Hmac
 .text.Cy_Crypto_Core_WaitForReady
                0x10086568       0x14 Generated_Source\PSoC6\pdl\drivers\peripheral\crypto\libs\cy_crypto_server_gcc.a(cy_crypto_core_rsa.o)
 .text.Cy_Crypto_Core_MemCmp
                0x1008657c       0x20 Generated_Source\PSoC6\pdl\drivers\peripheral\crypto\libs\cy_crypto_server_gcc.a(cy_crypto_core_rsa.o)
 .text.Cy_Crypto_Core_MemSet.constprop.2
                0x1008659c       0x24 Generated_Source\PSoC6\pdl\drivers\peripheral\crypto\libs\cy_crypto_server_gcc.a(cy_crypto_core_rsa.o)
 .text.CY_CRYPTO_VU_COND_SET_BIT.constprop.12
                0x100865c0       0x30 Generated_Source\PSoC6\pdl\drivers\peripheral\crypto\libs\cy_crypto_server_gcc.a(cy_crypto_core_rsa.o)
 .text.CY_CRYPTO_VU_COND_LSR1.constprop.17
                0x100865f0       0x34 Generated_Source\PSoC6\pdl\drivers\peripheral\crypto\libs\cy_crypto_server_gcc.a(cy_crypto_core_rsa.o)
 .text.CY_CRYPTO_VU_ALLOC_MEM
                0x10086624       0x34 Generated_Source\PSoC6\pdl\drivers\peripheral\crypto\libs\cy_crypto_server_gcc.a(cy_crypto_core_rsa.o)
 .text.CY_CRYPTO_VU_SET_REG.constprop.27
                0x10086658       0x34 Generated_Source\PSoC6\pdl\drivers\peripheral\crypto\libs\cy_crypto_server_gcc.a(cy_crypto_core_rsa.o)
 .text.Cy_Crypto_Core_Rsa_BarrettGetU
                0x1008668c       0xd8 Generated_Source\PSoC6\pdl\drivers\peripheral\crypto\libs\cy_crypto_server_gcc.a(cy_crypto_core_rsa.o)
 .text.Cy_Crypto_Core_Rsa_MontTransform
                0x10086764      0x114 Generated_Source\PSoC6\pdl\drivers\peripheral\crypto\libs\cy_crypto_server_gcc.a(cy_crypto_core_rsa.o)
 .text.Cy_Crypto_Core_Rsa_MontCoeff
                0x10086878      0x160 Generated_Source\PSoC6\pdl\drivers\peripheral\crypto\libs\cy_crypto_server_gcc.a(cy_crypto_core_rsa.o)
 .text.Cy_Crypto_Core_Rsa_MontMul.constprop.1
                0x100869d8      0x168 Generated_Source\PSoC6\pdl\drivers\peripheral\crypto\libs\cy_crypto_server_gcc.a(cy_crypto_core_rsa.o)
 .text.Cy_Crypto_Core_Rsa_Verify
                0x10086b40       0x9c Generated_Source\PSoC6\pdl\drivers\peripheral\crypto\libs\cy_crypto_server_gcc.a(cy_crypto_core_rsa.o)
                0x10086b40                Cy_Crypto_Core_Rsa_Verify
 .text.Cy_Crypto_Core_Rsa_Proc
                0x10086bdc      0x330 Generated_Source\PSoC6\pdl\drivers\peripheral\crypto\libs\cy_crypto_server_gcc.a(cy_crypto_core_rsa.o)
                0x10086bdc                Cy_Crypto_Core_Rsa_Proc
 .text.Cy_Crypto_Core_Rsa_Coef
                0x10086f0c       0xf0 Generated_Source\PSoC6\pdl\drivers\peripheral\crypto\libs\cy_crypto_server_gcc.a(cy_crypto_core_rsa.o)
                0x10086f0c                Cy_Crypto_Core_Rsa_Coef
 .text.Cy_Crypto_Core_V1_Crc_Init
                0x10086ffc       0x3c Generated_Source\PSoC6\pdl\drivers\peripheral\crypto\libs\cy_crypto_server_gcc.a(cy_crypto_core_crc_v1.o)
                0x10086ffc                Cy_Crypto_Core_V1_Crc_Init
 .text.Cy_Crypto_Core_V1_Crc
                0x10087038       0x44 Generated_Source\PSoC6\pdl\drivers\peripheral\crypto\libs\cy_crypto_server_gcc.a(cy_crypto_core_crc_v1.o)
                0x10087038                Cy_Crypto_Core_V1_Crc
 .text.Cy_Crypto_Core_V1_Des_ProcessBlock
                0x1008707c       0x48 Generated_Source\PSoC6\pdl\drivers\peripheral\crypto\libs\cy_crypto_server_gcc.a(cy_crypto_core_des_v1.o)
 .text.Cy_Crypto_Core_V1_Des
                0x100870c4       0x88 Generated_Source\PSoC6\pdl\drivers\peripheral\crypto\libs\cy_crypto_server_gcc.a(cy_crypto_core_des_v1.o)
                0x100870c4                Cy_Crypto_Core_V1_Des
 .text.Cy_Crypto_Core_V1_Tdes
                0x1008714c       0xb0 Generated_Source\PSoC6\pdl\drivers\peripheral\crypto\libs\cy_crypto_server_gcc.a(cy_crypto_core_des_v1.o)
                0x1008714c                Cy_Crypto_Core_V1_Tdes
 .text.Cy_Crypto_Core_V1_Prng_Init
                0x100871fc       0x20 Generated_Source\PSoC6\pdl\drivers\peripheral\crypto\libs\cy_crypto_server_gcc.a(cy_crypto_core_prng_v1.o)
                0x100871fc                Cy_Crypto_Core_V1_Prng_Init
 .text.Cy_Crypto_Core_V1_Prng
                0x1008721c       0x34 Generated_Source\PSoC6\pdl\drivers\peripheral\crypto\libs\cy_crypto_server_gcc.a(cy_crypto_core_prng_v1.o)
                0x1008721c                Cy_Crypto_Core_V1_Prng
 .text.Cy_Crypto_Core_V1_Sha_ProcessBlock
                0x10087250       0x3c Generated_Source\PSoC6\pdl\drivers\peripheral\crypto\libs\cy_crypto_server_gcc.a(cy_crypto_core_sha_v1.o)
                0x10087250                Cy_Crypto_Core_V1_Sha_ProcessBlock
 .text.Cy_Crypto_Core_V1_Sha_Init
                0x1008728c       0xcc Generated_Source\PSoC6\pdl\drivers\peripheral\crypto\libs\cy_crypto_server_gcc.a(cy_crypto_core_sha_v1.o)
                0x1008728c                Cy_Crypto_Core_V1_Sha_Init
 .text.Cy_Crypto_Core_V1_Sha_Start
                0x10087358       0x10 Generated_Source\PSoC6\pdl\drivers\peripheral\crypto\libs\cy_crypto_server_gcc.a(cy_crypto_core_sha_v1.o)
                0x10087358                Cy_Crypto_Core_V1_Sha_Start
 .text.Cy_Crypto_Core_V1_Sha_Update
                0x10087368       0x34 Generated_Source\PSoC6\pdl\drivers\peripheral\crypto\libs\cy_crypto_server_gcc.a(cy_crypto_core_sha_v1.o)
                0x10087368                Cy_Crypto_Core_V1_Sha_Update
 .text.Cy_Crypto_Core_V1_Sha_Finish
                0x1008739c       0xb6 Generated_Source\PSoC6\pdl\drivers\peripheral\crypto\libs\cy_crypto_server_gcc.a(cy_crypto_core_sha_v1.o)
                0x1008739c                Cy_Crypto_Core_V1_Sha_Finish
 .text.Cy_Crypto_Core_V1_Sha_Free
                0x10087452       0x30 Generated_Source\PSoC6\pdl\drivers\peripheral\crypto\libs\cy_crypto_server_gcc.a(cy_crypto_core_sha_v1.o)
                0x10087452                Cy_Crypto_Core_V1_Sha_Free
 *fill*         0x10087482        0x2 
 .text.Cy_Crypto_Core_V1_Sha
                0x10087484       0x74 Generated_Source\PSoC6\pdl\drivers\peripheral\crypto\libs\cy_crypto_server_gcc.a(cy_crypto_core_sha_v1.o)
                0x10087484                Cy_Crypto_Core_V1_Sha
 .text.Cy_Crypto_Core_V1_MemCpy
                0x100874f8       0x38 Generated_Source\PSoC6\pdl\drivers\peripheral\crypto\libs\cy_crypto_server_gcc.a(cy_crypto_core_mem_v1.o)
                0x100874f8                Cy_Crypto_Core_V1_MemCpy
 .text.Cy_Crypto_Core_V1_MemSet
                0x10087530       0x38 Generated_Source\PSoC6\pdl\drivers\peripheral\crypto\libs\cy_crypto_server_gcc.a(cy_crypto_core_mem_v1.o)
                0x10087530                Cy_Crypto_Core_V1_MemSet
 .text.Cy_Crypto_Core_V1_MemCmp
                0x10087568       0x34 Generated_Source\PSoC6\pdl\drivers\peripheral\crypto\libs\cy_crypto_server_gcc.a(cy_crypto_core_mem_v1.o)
                0x10087568                Cy_Crypto_Core_V1_MemCmp
 .text.Cy_Crypto_Core_V1_MemXor
                0x1008759c       0x40 Generated_Source\PSoC6\pdl\drivers\peripheral\crypto\libs\cy_crypto_server_gcc.a(cy_crypto_core_mem_v1.o)
                0x1008759c                Cy_Crypto_Core_V1_MemXor
 .text.Cy_Crypto_Core_V1_Trng
                0x100875dc       0x6c Generated_Source\PSoC6\pdl\drivers\peripheral\crypto\libs\cy_crypto_server_gcc.a(cy_crypto_core_trng_v1.o)
                0x100875dc                Cy_Crypto_Core_V1_Trng
 .text.Cy_Crypto_Core_GetFIFOUsed
                0x10087648       0x14 Generated_Source\PSoC6\pdl\drivers\peripheral\crypto\libs\cy_crypto_server_gcc.a(cy_crypto_core_hw_v1.o)
 .text.Cy_Crypto_SetReg1Instr
                0x1008765c       0x2c Generated_Source\PSoC6\pdl\drivers\peripheral\crypto\libs\cy_crypto_server_gcc.a(cy_crypto_core_hw_v1.o)
                0x1008765c                Cy_Crypto_SetReg1Instr
 .text.Cy_Crypto_SetReg2Instr
                0x10087688       0x34 Generated_Source\PSoC6\pdl\drivers\peripheral\crypto\libs\cy_crypto_server_gcc.a(cy_crypto_core_hw_v1.o)
                0x10087688                Cy_Crypto_SetReg2Instr
 .text.Cy_Crypto_SetReg3Instr
                0x100876bc       0x3c Generated_Source\PSoC6\pdl\drivers\peripheral\crypto\libs\cy_crypto_server_gcc.a(cy_crypto_core_hw_v1.o)
                0x100876bc                Cy_Crypto_SetReg3Instr
 .text.Cy_Crypto_SetReg4Instr
                0x100876f8       0x44 Generated_Source\PSoC6\pdl\drivers\peripheral\crypto\libs\cy_crypto_server_gcc.a(cy_crypto_core_hw_v1.o)
                0x100876f8                Cy_Crypto_SetReg4Instr
 .text.Cy_Crypto_Run1ParamInstr
                0x1008773c       0x24 Generated_Source\PSoC6\pdl\drivers\peripheral\crypto\libs\cy_crypto_server_gcc.a(cy_crypto_core_hw_v1.o)
                0x1008773c                Cy_Crypto_Run1ParamInstr
 .text.Cy_Crypto_Run2ParamInstr
                0x10087760       0x2c Generated_Source\PSoC6\pdl\drivers\peripheral\crypto\libs\cy_crypto_server_gcc.a(cy_crypto_core_hw_v1.o)
                0x10087760                Cy_Crypto_Run2ParamInstr
 .text.Cy_Crypto_Run3ParamInstr
                0x1008778c       0x34 Generated_Source\PSoC6\pdl\drivers\peripheral\crypto\libs\cy_crypto_server_gcc.a(cy_crypto_core_hw_v1.o)
                0x1008778c                Cy_Crypto_Run3ParamInstr
 .text.Cy_Crypto_Run4ParamInstr
                0x100877c0       0x3c Generated_Source\PSoC6\pdl\drivers\peripheral\crypto\libs\cy_crypto_server_gcc.a(cy_crypto_core_hw_v1.o)
                0x100877c0                Cy_Crypto_Run4ParamInstr
 .text.Cy_Crypto_Core_V2_Crc_Init
                0x100877fc       0x3c Generated_Source\PSoC6\pdl\drivers\peripheral\crypto\libs\cy_crypto_server_gcc.a(cy_crypto_core_crc_v2.o)
                0x100877fc                Cy_Crypto_Core_V2_Crc_Init
 .text.Cy_Crypto_Core_V2_Crc
                0x10087838       0x68 Generated_Source\PSoC6\pdl\drivers\peripheral\crypto\libs\cy_crypto_server_gcc.a(cy_crypto_core_crc_v2.o)
                0x10087838                Cy_Crypto_Core_V2_Crc
 .text.Cy_Crypto_Core_V2_FFContinue.constprop.0
                0x100878a0       0x3c Generated_Source\PSoC6\pdl\drivers\peripheral\crypto\libs\cy_crypto_server_gcc.a(cy_crypto_core_des_v2.o)
 .text.Cy_Crypto_Core_V2_Run
                0x100878dc       0x24 Generated_Source\PSoC6\pdl\drivers\peripheral\crypto\libs\cy_crypto_server_gcc.a(cy_crypto_core_des_v2.o)
 .text.Cy_Crypto_Core_V2_BlockMov
                0x10087900       0x30 Generated_Source\PSoC6\pdl\drivers\peripheral\crypto\libs\cy_crypto_server_gcc.a(cy_crypto_core_des_v2.o)
 .text.Cy_Crypto_Core_V2_FFStart.constprop.1
                0x10087930       0x34 Generated_Source\PSoC6\pdl\drivers\peripheral\crypto\libs\cy_crypto_server_gcc.a(cy_crypto_core_des_v2.o)
 .text.Cy_Crypto_Core_V2_Des
                0x10087964       0x88 Generated_Source\PSoC6\pdl\drivers\peripheral\crypto\libs\cy_crypto_server_gcc.a(cy_crypto_core_des_v2.o)
                0x10087964                Cy_Crypto_Core_V2_Des
 .text.Cy_Crypto_Core_V2_Tdes
                0x100879ec       0xb8 Generated_Source\PSoC6\pdl\drivers\peripheral\crypto\libs\cy_crypto_server_gcc.a(cy_crypto_core_des_v2.o)
                0x100879ec                Cy_Crypto_Core_V2_Tdes
 .text.Cy_Crypto_Core_V2_Prng_Init
                0x10087aa4       0x20 Generated_Source\PSoC6\pdl\drivers\peripheral\crypto\libs\cy_crypto_server_gcc.a(cy_crypto_core_prng_v2.o)
                0x10087aa4                Cy_Crypto_Core_V2_Prng_Init
 .text.Cy_Crypto_Core_V2_Prng
                0x10087ac4       0x2c Generated_Source\PSoC6\pdl\drivers\peripheral\crypto\libs\cy_crypto_server_gcc.a(cy_crypto_core_prng_v2.o)
                0x10087ac4                Cy_Crypto_Core_V2_Prng
 .text.Cy_Crypto_Core_GetFIFOUsed
                0x10087af0       0x14 Generated_Source\PSoC6\pdl\drivers\peripheral\crypto\libs\cy_crypto_server_gcc.a(cy_crypto_core_sha_v2.o)
 .text.Cy_Crypto_Core_V2_Sync
                0x10087b04       0x14 Generated_Source\PSoC6\pdl\drivers\peripheral\crypto\libs\cy_crypto_server_gcc.a(cy_crypto_core_sha_v2.o)
 .text.Cy_Crypto_Core_V2_FFStart
                0x10087b18       0x38 Generated_Source\PSoC6\pdl\drivers\peripheral\crypto\libs\cy_crypto_server_gcc.a(cy_crypto_core_sha_v2.o)
 .text.Cy_Crypto_Core_V2_Run
                0x10087b50       0x24 Generated_Source\PSoC6\pdl\drivers\peripheral\crypto\libs\cy_crypto_server_gcc.a(cy_crypto_core_sha_v2.o)
 .text.Cy_Crypto_Core_V2_RBClear
                0x10087b74       0x24 Generated_Source\PSoC6\pdl\drivers\peripheral\crypto\libs\cy_crypto_server_gcc.a(cy_crypto_core_sha_v2.o)
 .text.Cy_Crypto_Core_V2_RBSwap
                0x10087b98       0x24 Generated_Source\PSoC6\pdl\drivers\peripheral\crypto\libs\cy_crypto_server_gcc.a(cy_crypto_core_sha_v2.o)
 .text.Cy_Crypto_Core_V2_RBSetByte
                0x10087bbc       0x2c Generated_Source\PSoC6\pdl\drivers\peripheral\crypto\libs\cy_crypto_server_gcc.a(cy_crypto_core_sha_v2.o)
 .text.Cy_Crypto_Core_V2_RBXor.constprop.1
                0x10087be8       0x28 Generated_Source\PSoC6\pdl\drivers\peripheral\crypto\libs\cy_crypto_server_gcc.a(cy_crypto_core_sha_v2.o)
 .text.Cy_Crypto_Core_V2_Sha_Init
                0x10087c10       0xbc Generated_Source\PSoC6\pdl\drivers\peripheral\crypto\libs\cy_crypto_server_gcc.a(cy_crypto_core_sha_v2.o)
                0x10087c10                Cy_Crypto_Core_V2_Sha_Init
 .text.Cy_Crypto_Core_V2_Sha_Start
                0x10087ccc       0x38 Generated_Source\PSoC6\pdl\drivers\peripheral\crypto\libs\cy_crypto_server_gcc.a(cy_crypto_core_sha_v2.o)
                0x10087ccc                Cy_Crypto_Core_V2_Sha_Start
 .text.Cy_Crypto_Core_V2_Sha_Update
                0x10087d04       0x64 Generated_Source\PSoC6\pdl\drivers\peripheral\crypto\libs\cy_crypto_server_gcc.a(cy_crypto_core_sha_v2.o)
                0x10087d04                Cy_Crypto_Core_V2_Sha_Update
 .text.Cy_Crypto_Core_V2_Sha_Finish
                0x10087d68       0xec Generated_Source\PSoC6\pdl\drivers\peripheral\crypto\libs\cy_crypto_server_gcc.a(cy_crypto_core_sha_v2.o)
                0x10087d68                Cy_Crypto_Core_V2_Sha_Finish
 .text.Cy_Crypto_Core_V2_Sha_Free
                0x10087e54       0x1a Generated_Source\PSoC6\pdl\drivers\peripheral\crypto\libs\cy_crypto_server_gcc.a(cy_crypto_core_sha_v2.o)
                0x10087e54                Cy_Crypto_Core_V2_Sha_Free
 .text.Cy_Crypto_Core_V2_Sha
                0x10087e6e       0x42 Generated_Source\PSoC6\pdl\drivers\peripheral\crypto\libs\cy_crypto_server_gcc.a(cy_crypto_core_sha_v2.o)
                0x10087e6e                Cy_Crypto_Core_V2_Sha
 .text.Cy_Crypto_Core_GetFIFOUsed
                0x10087eb0       0x14 Generated_Source\PSoC6\pdl\drivers\peripheral\crypto\libs\cy_crypto_server_gcc.a(cy_crypto_core_mem_v2.o)
 .text.Cy_Crypto_Core_V2_Sync
                0x10087ec4       0x14 Generated_Source\PSoC6\pdl\drivers\peripheral\crypto\libs\cy_crypto_server_gcc.a(cy_crypto_core_mem_v2.o)
 .text.Cy_Crypto_Core_V2_FFContinue
                0x10087ed8       0x54 Generated_Source\PSoC6\pdl\drivers\peripheral\crypto\libs\cy_crypto_server_gcc.a(cy_crypto_core_mem_v2.o)
 .text.Cy_Crypto_Core_V2_FFStart.constprop.4
                0x10087f2c       0x34 Generated_Source\PSoC6\pdl\drivers\peripheral\crypto\libs\cy_crypto_server_gcc.a(cy_crypto_core_mem_v2.o)
 .text.Cy_Crypto_Core_V2_MemCpy
                0x10087f60       0x78 Generated_Source\PSoC6\pdl\drivers\peripheral\crypto\libs\cy_crypto_server_gcc.a(cy_crypto_core_mem_v2.o)
                0x10087f60                Cy_Crypto_Core_V2_MemCpy
 .text.Cy_Crypto_Core_V2_MemSet
                0x10087fd8       0x74 Generated_Source\PSoC6\pdl\drivers\peripheral\crypto\libs\cy_crypto_server_gcc.a(cy_crypto_core_mem_v2.o)
                0x10087fd8                Cy_Crypto_Core_V2_MemSet
 .text.Cy_Crypto_Core_V2_MemCmp
                0x1008804c       0x8c Generated_Source\PSoC6\pdl\drivers\peripheral\crypto\libs\cy_crypto_server_gcc.a(cy_crypto_core_mem_v2.o)
                0x1008804c                Cy_Crypto_Core_V2_MemCmp
 .text.Cy_Crypto_Core_V2_MemXor
                0x100880d8       0x8c Generated_Source\PSoC6\pdl\drivers\peripheral\crypto\libs\cy_crypto_server_gcc.a(cy_crypto_core_mem_v2.o)
                0x100880d8                Cy_Crypto_Core_V2_MemXor
 .text.Cy_Crypto_Core_V2_Trng
                0x10088164       0xa0 Generated_Source\PSoC6\pdl\drivers\peripheral\crypto\libs\cy_crypto_server_gcc.a(cy_crypto_core_trng_v2.o)
                0x10088164                Cy_Crypto_Core_V2_Trng
 .text.CY_CRYPTO_VU_SET_REG.constprop.0
                0x10088204       0x34 Generated_Source\PSoC6\pdl\drivers\peripheral\crypto\libs\cy_crypto_server_gcc.a(cy_crypto_core_hw.o)
 .text.Cy_Crypto_Core_HwInit
                0x10088238       0x24 Generated_Source\PSoC6\pdl\drivers\peripheral\crypto\libs\cy_crypto_server_gcc.a(cy_crypto_core_hw.o)
                0x10088238                Cy_Crypto_Core_HwInit
 .text.Cy_Crypto_Core_Enable
                0x1008825c      0x114 Generated_Source\PSoC6\pdl\drivers\peripheral\crypto\libs\cy_crypto_server_gcc.a(cy_crypto_core_hw.o)
                0x1008825c                Cy_Crypto_Core_Enable
 .text.Cy_Crypto_Core_GetLibInfo
                0x10088370        0x8 Generated_Source\PSoC6\pdl\drivers\peripheral\crypto\libs\cy_crypto_server_gcc.a(cy_crypto_core_hw.o)
                0x10088370                Cy_Crypto_Core_GetLibInfo
 .text.Cy_Crypto_Core_Disable
                0x10088378       0x1c Generated_Source\PSoC6\pdl\drivers\peripheral\crypto\libs\cy_crypto_server_gcc.a(cy_crypto_core_hw.o)
                0x10088378                Cy_Crypto_Core_Disable
 .text.Cy_Crypto_Core_Vu_RegMemPointer
                0x10088394       0x20 Generated_Source\PSoC6\pdl\drivers\peripheral\crypto\libs\cy_crypto_server_gcc.a(cy_crypto_core_vu.o)
 .text.Cy_Crypto_Core_MemCpy
                0x100883b4       0x20 Generated_Source\PSoC6\pdl\drivers\peripheral\crypto\libs\cy_crypto_server_gcc.a(cy_crypto_core_vu.o)
 .text.Cy_Crypto_Core_Vu_SetMemValue
                0x100883d4       0x26 Generated_Source\PSoC6\pdl\drivers\peripheral\crypto\libs\cy_crypto_server_gcc.a(cy_crypto_core_vu.o)
                0x100883d4                Cy_Crypto_Core_Vu_SetMemValue
 .text.Cy_Crypto_Core_Vu_GetMemValue
                0x100883fa       0x28 Generated_Source\PSoC6\pdl\drivers\peripheral\crypto\libs\cy_crypto_server_gcc.a(cy_crypto_core_vu.o)
                0x100883fa                Cy_Crypto_Core_Vu_GetMemValue
 *fill*         0x10088422        0x2 
 .text          0x10088424       0x14 c:/program files (x86)/cypress/psoc creator/4.4/psoc creator/import/gnu/arm/5.4.1/bin/../lib/gcc/arm-none-eabi/5.4.1/armv7e-m/softfp\libgcc.a(_thumb1_case_uqi.o)
                0x10088424                __gnu_thumb1_case_uqi
 .text          0x10088438       0x18 c:/program files (x86)/cypress/psoc creator/4.4/psoc creator/import/gnu/arm/5.4.1/bin/../lib/gcc/arm-none-eabi/5.4.1/armv7e-m/softfp\libgcc.a(_ashldi3.o)
                0x10088438                __aeabi_llsl
                0x10088438                __ashldi3
 .text          0x10088450       0x30 c:/program files (x86)/cypress/psoc creator/4.4/psoc creator/import/gnu/arm/5.4.1/bin/../lib/gcc/arm-none-eabi/5.4.1/armv7e-m/softfp\libgcc.a(_aeabi_uldivmod.o)
                0x10088450                __aeabi_uldivmod
 .text          0x10088480      0x2e4 c:/program files (x86)/cypress/psoc creator/4.4/psoc creator/import/gnu/arm/5.4.1/bin/../lib/gcc/arm-none-eabi/5.4.1/armv7e-m/softfp\libgcc.a(_udivmoddi4.o)
                0x10088480                __udivmoddi4
 .text          0x10088764        0x4 c:/program files (x86)/cypress/psoc creator/4.4/psoc creator/import/gnu/arm/5.4.1/bin/../lib/gcc/arm-none-eabi/5.4.1/armv7e-m/softfp\libgcc.a(_dvmd_tls.o)
                0x10088764                __aeabi_idiv0
                0x10088764                __aeabi_ldiv0
 .text.calloc   0x10088768       0x10 c:/program files (x86)/cypress/psoc creator/4.4/psoc creator/import/gnu/arm/5.4.1/bin/../lib/gcc/arm-none-eabi/5.4.1/../../../../arm-none-eabi/lib/armv7e-m/softfp\libg_nano.a(lib_a-calloc.o)
                0x10088768                calloc
 .text.memcmp   0x10088778       0x1e c:/program files (x86)/cypress/psoc creator/4.4/psoc creator/import/gnu/arm/5.4.1/bin/../lib/gcc/arm-none-eabi/5.4.1/../../../../arm-none-eabi/lib/armv7e-m/softfp\libg_nano.a(lib_a-memcmp.o)
                0x10088778                memcmp
 .text.memcpy   0x10088796       0x16 c:/program files (x86)/cypress/psoc creator/4.4/psoc creator/import/gnu/arm/5.4.1/bin/../lib/gcc/arm-none-eabi/5.4.1/../../../../arm-none-eabi/lib/armv7e-m/softfp\libg_nano.a(lib_a-memcpy-stub.o)
                0x10088796                memcpy
 .text.memset   0x100887ac       0x10 c:/program files (x86)/cypress/psoc creator/4.4/psoc creator/import/gnu/arm/5.4.1/bin/../lib/gcc/arm-none-eabi/5.4.1/../../../../arm-none-eabi/lib/armv7e-m/softfp\libg_nano.a(lib_a-memset.o)
                0x100887ac                memset
 .text._calloc_r
                0x100887bc       0x1c c:/program files (x86)/cypress/psoc creator/4.4/psoc creator/import/gnu/arm/5.4.1/bin/../lib/gcc/arm-none-eabi/5.4.1/../../../../arm-none-eabi/lib/armv7e-m/softfp\libg_nano.a(lib_a-nano-callocr.o)
                0x100887bc                _calloc_r
 .text._malloc_r
                0x100887d8       0xbc c:/program files (x86)/cypress/psoc creator/4.4/psoc creator/import/gnu/arm/5.4.1/bin/../lib/gcc/arm-none-eabi/5.4.1/../../../../arm-none-eabi/lib/armv7e-m/softfp\libg_nano.a(lib_a-nano-mallocr.o)
                0x100887d8                _malloc_r
 .text._puts_r  0x10088894       0xb4 c:/program files (x86)/cypress/psoc creator/4.4/psoc creator/import/gnu/arm/5.4.1/bin/../lib/gcc/arm-none-eabi/5.4.1/../../../../arm-none-eabi/lib/armv7e-m/softfp\libg_nano.a(lib_a-puts.o)
                0x10088894                _puts_r
 .text.puts     0x10088948       0x10 c:/program files (x86)/cypress/psoc creator/4.4/psoc creator/import/gnu/arm/5.4.1/bin/../lib/gcc/arm-none-eabi/5.4.1/../../../../arm-none-eabi/lib/armv7e-m/softfp\libg_nano.a(lib_a-puts.o)
                0x10088948                puts
 .text.__srget_r
                0x10088958       0x58 c:/program files (x86)/cypress/psoc creator/4.4/psoc creator/import/gnu/arm/5.4.1/bin/../lib/gcc/arm-none-eabi/5.4.1/../../../../arm-none-eabi/lib/armv7e-m/softfp\libg_nano.a(lib_a-rget.o)
                0x10088958                __srget_r
 .text._sbrk_r  0x100889b0       0x20 c:/program files (x86)/cypress/psoc creator/4.4/psoc creator/import/gnu/arm/5.4.1/bin/../lib/gcc/arm-none-eabi/5.4.1/../../../../arm-none-eabi/lib/armv7e-m/softfp\libg_nano.a(lib_a-sbrkr.o)
                0x100889b0                _sbrk_r
 .text.setvbuf  0x100889d0      0x154 c:/program files (x86)/cypress/psoc creator/4.4/psoc creator/import/gnu/arm/5.4.1/bin/../lib/gcc/arm-none-eabi/5.4.1/../../../../arm-none-eabi/lib/armv7e-m/softfp\libg_nano.a(lib_a-setvbuf.o)
                0x100889d0                setvbuf
 .text.__swbuf_r
                0x10088b24       0xa8 c:/program files (x86)/cypress/psoc creator/4.4/psoc creator/import/gnu/arm/5.4.1/bin/../lib/gcc/arm-none-eabi/5.4.1/../../../../arm-none-eabi/lib/armv7e-m/softfp\libg_nano.a(lib_a-wbuf.o)
                0x10088b24                __swbuf_r
 .text.__swsetup_r
                0x10088bcc       0xdc c:/program files (x86)/cypress/psoc creator/4.4/psoc creator/import/gnu/arm/5.4.1/bin/../lib/gcc/arm-none-eabi/5.4.1/../../../../arm-none-eabi/lib/armv7e-m/softfp\libg_nano.a(lib_a-wsetup.o)
                0x10088bcc                __swsetup_r
 .text.__sflush_r
                0x10088ca8      0x110 c:/program files (x86)/cypress/psoc creator/4.4/psoc creator/import/gnu/arm/5.4.1/bin/../lib/gcc/arm-none-eabi/5.4.1/../../../../arm-none-eabi/lib/armv7e-m/softfp\libg_nano.a(lib_a-fflush.o)
                0x10088ca8                __sflush_r
 .text._fflush_r
                0x10088db8       0x54 c:/program files (x86)/cypress/psoc creator/4.4/psoc creator/import/gnu/arm/5.4.1/bin/../lib/gcc/arm-none-eabi/5.4.1/../../../../arm-none-eabi/lib/armv7e-m/softfp\libg_nano.a(lib_a-fflush.o)
                0x10088db8                _fflush_r
 .text.fflush   0x10088e0c       0x24 c:/program files (x86)/cypress/psoc creator/4.4/psoc creator/import/gnu/arm/5.4.1/bin/../lib/gcc/arm-none-eabi/5.4.1/../../../../arm-none-eabi/lib/armv7e-m/softfp\libg_nano.a(lib_a-fflush.o)
                0x10088e0c                fflush
 .text._cleanup_r
                0x10088e30        0xc c:/program files (x86)/cypress/psoc creator/4.4/psoc creator/import/gnu/arm/5.4.1/bin/../lib/gcc/arm-none-eabi/5.4.1/../../../../arm-none-eabi/lib/armv7e-m/softfp\libg_nano.a(lib_a-findfp.o)
                0x10088e30                _cleanup_r
 .text.std.isra.0
                0x10088e3c       0x48 c:/program files (x86)/cypress/psoc creator/4.4/psoc creator/import/gnu/arm/5.4.1/bin/../lib/gcc/arm-none-eabi/5.4.1/../../../../arm-none-eabi/lib/armv7e-m/softfp\libg_nano.a(lib_a-findfp.o)
 .text.__sfmoreglue
                0x10088e84       0x2c c:/program files (x86)/cypress/psoc creator/4.4/psoc creator/import/gnu/arm/5.4.1/bin/../lib/gcc/arm-none-eabi/5.4.1/../../../../arm-none-eabi/lib/armv7e-m/softfp\libg_nano.a(lib_a-findfp.o)
                0x10088e84                __sfmoreglue
 .text.__sinit  0x10088eb0       0x60 c:/program files (x86)/cypress/psoc creator/4.4/psoc creator/import/gnu/arm/5.4.1/bin/../lib/gcc/arm-none-eabi/5.4.1/../../../../arm-none-eabi/lib/armv7e-m/softfp\libg_nano.a(lib_a-findfp.o)
                0x10088eb0                __sinit
 .text.__sfp    0x10088f10       0x78 c:/program files (x86)/cypress/psoc creator/4.4/psoc creator/import/gnu/arm/5.4.1/bin/../lib/gcc/arm-none-eabi/5.4.1/../../../../arm-none-eabi/lib/armv7e-m/softfp\libg_nano.a(lib_a-findfp.o)
                0x10088f10                __sfp
 .text._fwalk   0x10088f88       0x38 c:/program files (x86)/cypress/psoc creator/4.4/psoc creator/import/gnu/arm/5.4.1/bin/../lib/gcc/arm-none-eabi/5.4.1/../../../../arm-none-eabi/lib/armv7e-m/softfp\libg_nano.a(lib_a-fwalk.o)
                0x10088f88                _fwalk
 .text._fwalk_reent
                0x10088fc0       0x3c c:/program files (x86)/cypress/psoc creator/4.4/psoc creator/import/gnu/arm/5.4.1/bin/../lib/gcc/arm-none-eabi/5.4.1/../../../../arm-none-eabi/lib/armv7e-m/softfp\libg_nano.a(lib_a-fwalk.o)
                0x10088fc0                _fwalk_reent
 .text.__swhatbuf_r
                0x10088ffc       0x46 c:/program files (x86)/cypress/psoc creator/4.4/psoc creator/import/gnu/arm/5.4.1/bin/../lib/gcc/arm-none-eabi/5.4.1/../../../../arm-none-eabi/lib/armv7e-m/softfp\libg_nano.a(lib_a-makebuf.o)
                0x10088ffc                __swhatbuf_r
 *fill*         0x10089042        0x2 
 .text.__smakebuf_r
                0x10089044       0x78 c:/program files (x86)/cypress/psoc creator/4.4/psoc creator/import/gnu/arm/5.4.1/bin/../lib/gcc/arm-none-eabi/5.4.1/../../../../arm-none-eabi/lib/armv7e-m/softfp\libg_nano.a(lib_a-makebuf.o)
                0x10089044                __smakebuf_r
 .text.malloc   0x100890bc       0x10 c:/program files (x86)/cypress/psoc creator/4.4/psoc creator/import/gnu/arm/5.4.1/bin/../lib/gcc/arm-none-eabi/5.4.1/../../../../arm-none-eabi/lib/armv7e-m/softfp\libg_nano.a(lib_a-malloc.o)
                0x100890bc                malloc
 .text.__malloc_lock
                0x100890cc        0x2 c:/program files (x86)/cypress/psoc creator/4.4/psoc creator/import/gnu/arm/5.4.1/bin/../lib/gcc/arm-none-eabi/5.4.1/../../../../arm-none-eabi/lib/armv7e-m/softfp\libg_nano.a(lib_a-mlock.o)
                0x100890cc                __malloc_lock
 .text.__malloc_unlock
                0x100890ce        0x2 c:/program files (x86)/cypress/psoc creator/4.4/psoc creator/import/gnu/arm/5.4.1/bin/../lib/gcc/arm-none-eabi/5.4.1/../../../../arm-none-eabi/lib/armv7e-m/softfp\libg_nano.a(lib_a-mlock.o)
                0x100890ce                __malloc_unlock
 .text._free_r  0x100890d0       0x9c c:/program files (x86)/cypress/psoc creator/4.4/psoc creator/import/gnu/arm/5.4.1/bin/../lib/gcc/arm-none-eabi/5.4.1/../../../../arm-none-eabi/lib/armv7e-m/softfp\libg_nano.a(lib_a-nano-freer.o)
                0x100890d0                _free_r
 .text.lflush   0x1008916c       0x12 c:/program files (x86)/cypress/psoc creator/4.4/psoc creator/import/gnu/arm/5.4.1/bin/../lib/gcc/arm-none-eabi/5.4.1/../../../../arm-none-eabi/lib/armv7e-m/softfp\libg_nano.a(lib_a-refill.o)
 *fill*         0x1008917e        0x2 
 .text.__srefill_r
                0x10089180      0x110 c:/program files (x86)/cypress/psoc creator/4.4/psoc creator/import/gnu/arm/5.4.1/bin/../lib/gcc/arm-none-eabi/5.4.1/../../../../arm-none-eabi/lib/armv7e-m/softfp\libg_nano.a(lib_a-refill.o)
                0x10089180                __srefill_r
 .text.__sread  0x10089290       0x22 c:/program files (x86)/cypress/psoc creator/4.4/psoc creator/import/gnu/arm/5.4.1/bin/../lib/gcc/arm-none-eabi/5.4.1/../../../../arm-none-eabi/lib/armv7e-m/softfp\libg_nano.a(lib_a-stdio.o)
                0x10089290                __sread
 .text.__swrite
                0x100892b2       0x38 c:/program files (x86)/cypress/psoc creator/4.4/psoc creator/import/gnu/arm/5.4.1/bin/../lib/gcc/arm-none-eabi/5.4.1/../../../../arm-none-eabi/lib/armv7e-m/softfp\libg_nano.a(lib_a-stdio.o)
                0x100892b2                __swrite
 .text.__sseek  0x100892ea       0x24 c:/program files (x86)/cypress/psoc creator/4.4/psoc creator/import/gnu/arm/5.4.1/bin/../lib/gcc/arm-none-eabi/5.4.1/../../../../arm-none-eabi/lib/armv7e-m/softfp\libg_nano.a(lib_a-stdio.o)
                0x100892ea                __sseek
 .text.__sclose
                0x1008930e        0x8 c:/program files (x86)/cypress/psoc creator/4.4/psoc creator/import/gnu/arm/5.4.1/bin/../lib/gcc/arm-none-eabi/5.4.1/../../../../arm-none-eabi/lib/armv7e-m/softfp\libg_nano.a(lib_a-stdio.o)
                0x1008930e                __sclose
 *fill*         0x10089316        0x2 
 .text._write_r
                0x10089318       0x24 c:/program files (x86)/cypress/psoc creator/4.4/psoc creator/import/gnu/arm/5.4.1/bin/../lib/gcc/arm-none-eabi/5.4.1/../../../../arm-none-eabi/lib/armv7e-m/softfp\libg_nano.a(lib_a-writer.o)
                0x10089318                _write_r
 .text._close_r
                0x1008933c       0x20 c:/program files (x86)/cypress/psoc creator/4.4/psoc creator/import/gnu/arm/5.4.1/bin/../lib/gcc/arm-none-eabi/5.4.1/../../../../arm-none-eabi/lib/armv7e-m/softfp\libg_nano.a(lib_a-closer.o)
                0x1008933c                _close_r
 .text._fstat_r
                0x1008935c       0x24 c:/program files (x86)/cypress/psoc creator/4.4/psoc creator/import/gnu/arm/5.4.1/bin/../lib/gcc/arm-none-eabi/5.4.1/../../../../arm-none-eabi/lib/armv7e-m/softfp\libg_nano.a(lib_a-fstatr.o)
                0x1008935c                _fstat_r
 .text._isatty_r
                0x10089380       0x20 c:/program files (x86)/cypress/psoc creator/4.4/psoc creator/import/gnu/arm/5.4.1/bin/../lib/gcc/arm-none-eabi/5.4.1/../../../../arm-none-eabi/lib/armv7e-m/softfp\libg_nano.a(lib_a-isattyr.o)
                0x10089380                _isatty_r
 .text._lseek_r
                0x100893a0       0x24 c:/program files (x86)/cypress/psoc creator/4.4/psoc creator/import/gnu/arm/5.4.1/bin/../lib/gcc/arm-none-eabi/5.4.1/../../../../arm-none-eabi/lib/armv7e-m/softfp\libg_nano.a(lib_a-lseekr.o)
                0x100893a0                _lseek_r
 .text._read_r  0x100893c4       0x24 c:/program files (x86)/cypress/psoc creator/4.4/psoc creator/import/gnu/arm/5.4.1/bin/../lib/gcc/arm-none-eabi/5.4.1/../../../../arm-none-eabi/lib/armv7e-m/softfp\libg_nano.a(lib_a-readr.o)
                0x100893c4                _read_r
 .text._close   0x100893e8       0x10 c:/program files (x86)/cypress/psoc creator/4.4/psoc creator/import/gnu/arm/5.4.1/bin/../lib/gcc/arm-none-eabi/5.4.1/../../../../arm-none-eabi/lib/armv7e-m/softfp\libnosys.a(close.o)
                0x100893e8                _close
 .text._fstat   0x100893f8       0x10 c:/program files (x86)/cypress/psoc creator/4.4/psoc creator/import/gnu/arm/5.4.1/bin/../lib/gcc/arm-none-eabi/5.4.1/../../../../arm-none-eabi/lib/armv7e-m/softfp\libnosys.a(fstat.o)
                0x100893f8                _fstat
 .text._isatty  0x10089408       0x10 c:/program files (x86)/cypress/psoc creator/4.4/psoc creator/import/gnu/arm/5.4.1/bin/../lib/gcc/arm-none-eabi/5.4.1/../../../../arm-none-eabi/lib/armv7e-m/softfp\libnosys.a(isatty.o)
                0x10089408                _isatty
 .text._lseek   0x10089418       0x10 c:/program files (x86)/cypress/psoc creator/4.4/psoc creator/import/gnu/arm/5.4.1/bin/../lib/gcc/arm-none-eabi/5.4.1/../../../../arm-none-eabi/lib/armv7e-m/softfp\libnosys.a(lseek.o)
                0x10089418                _lseek
 .text._sbrk    0x10089428       0x1c c:/program files (x86)/cypress/psoc creator/4.4/psoc creator/import/gnu/arm/5.4.1/bin/../lib/gcc/arm-none-eabi/5.4.1/../../../../arm-none-eabi/lib/armv7e-m/softfp\libnosys.a(sbrk.o)
                0x10089428                _sbrk
 *(.init)
 .init          0x10089444        0x4 c:/program files (x86)/cypress/psoc creator/4.4/psoc creator/import/gnu/arm/5.4.1/bin/../lib/gcc/arm-none-eabi/5.4.1/armv7e-m/softfp/crti.o
                0x10089444                _init
 .init          0x10089448        0x8 c:/program files (x86)/cypress/psoc creator/4.4/psoc creator/import/gnu/arm/5.4.1/bin/../lib/gcc/arm-none-eabi/5.4.1/armv7e-m/softfp/crtn.o
 *(.fini)
 .fini          0x10089450        0x4 c:/program files (x86)/cypress/psoc creator/4.4/psoc creator/import/gnu/arm/5.4.1/bin/../lib/gcc/arm-none-eabi/5.4.1/armv7e-m/softfp/crti.o
                0x10089450                _fini
 .fini          0x10089454        0x8 c:/program files (x86)/cypress/psoc creator/4.4/psoc creator/import/gnu/arm/5.4.1/bin/../lib/gcc/arm-none-eabi/5.4.1/armv7e-m/softfp/crtn.o
 *crtbegin.o(.ctors)
 *crtbegin?.o(.ctors)
 *(EXCLUDE_FILE(*crtend.o *crtend?.o) .ctors)
 *(SORT(.ctors.*))
 *(.ctors)
 *crtbegin.o(.dtors)
 *crtbegin?.o(.dtors)
 *(EXCLUDE_FILE(*crtend.o *crtend?.o) .dtors)
 *(SORT(.dtors.*))
 *(.dtors)
 *(.rodata .rodata.* .constdata .constdata.* .conststring .conststring.*)
 *fill*         0x1008945c        0x4 
 .rodata        0x10089460       0xc0 .\CortexM4\ARM_GCC_541\Release\fips202.o
 .rodata        0x10089520       0x30 .\CortexM4\ARM_GCC_541\Release\randombytes.o
 .rodata        0x10089550       0x34 .\CortexM4\ARM_GCC_541\Release\system_psoc6_cm4.o
 .rodata.str1.1
                0x10089584       0x9d .\CortexM4\ARM_GCC_541\Release\mainTask.o
 .rodata.str1.1
                0x10089621       0x14 .\CortexM4\ARM_GCC_541\Release\main_cm4.o
 .rodata.str1.1
                0x10089635       0x21 .\CortexM4\ARM_GCC_541\Release\uartTask.o
 *fill*         0x10089656        0x2 
 .rodata        0x10089658        0x8 .\CortexM4\ARM_GCC_541\Release\cyfitter_sysint_cfg.o
                0x10089658                UART_SCB_IRQ_cfg
 .rodata        0x10089660      0x170 .\CortexM4\ARM_GCC_541\Release\cy_device.o
                0x10089660                cy_deviceIpBlockCfgPSoC6_02
                0x10089718                cy_deviceIpBlockCfgPSoC6_01
 .rodata.str1.1
                0x100897d0        0x5 .\CortexM4\ARM_GCC_541\Release\tasks.o
 .rodata.str1.1
                0x100897d5        0xd .\CortexM4\ARM_GCC_541\Release\timers.o
 *fill*         0x100897e2        0x2 
 .rodata        0x100897e4       0x40 .\CortexM4\ARM_GCC_541\Release\UART.o
                0x100897e4                UART_config
 .rodata        0x10089824      0x210 Generated_Source\PSoC6\pdl\drivers\peripheral\crypto\libs\cy_crypto_server_gcc.a(cy_crypto_server.o)
 .rodata        0x10089a34       0xab Generated_Source\PSoC6\pdl\drivers\peripheral\crypto\libs\cy_crypto_server_gcc.a(cy_crypto_core_rsa.o)
 *fill*         0x10089adf        0x1 
 .rodata        0x10089ae0       0x80 Generated_Source\PSoC6\pdl\drivers\peripheral\crypto\libs\cy_crypto_server_gcc.a(cy_crypto_core_des_v1.o)
 .rodata        0x10089b60      0x154 Generated_Source\PSoC6\pdl\drivers\peripheral\crypto\libs\cy_crypto_server_gcc.a(cy_crypto_core_sha_v1.o)
 .rodata        0x10089cb4       0x80 Generated_Source\PSoC6\pdl\drivers\peripheral\crypto\libs\cy_crypto_server_gcc.a(cy_crypto_core_des_v2.o)
 .rodata        0x10089d34      0x154 Generated_Source\PSoC6\pdl\drivers\peripheral\crypto\libs\cy_crypto_server_gcc.a(cy_crypto_core_sha_v2.o)
 .rodata        0x10089e88       0xa8 Generated_Source\PSoC6\pdl\drivers\peripheral\crypto\libs\cy_crypto_server_gcc.a(cy_crypto_core_hw.o)
                0x10089e88                cy_cryptoIpBlockCfgPSoC6_01
                0x10089edc                cy_cryptoIpBlockCfgPSoC6_02
 .rodata.str1.1
                0x10089f30        0x2 c:/program files (x86)/cypress/psoc creator/4.4/psoc creator/import/gnu/arm/5.4.1/bin/../lib/gcc/arm-none-eabi/5.4.1/../../../../arm-none-eabi/lib/armv7e-m/softfp\libg_nano.a(lib_a-impure.o)
 *fill*         0x10089f32        0x2 
 .rodata._global_impure_ptr
                0x10089f34        0x4 c:/program files (x86)/cypress/psoc creator/4.4/psoc creator/import/gnu/arm/5.4.1/bin/../lib/gcc/arm-none-eabi/5.4.1/../../../../arm-none-eabi/lib/armv7e-m/softfp\libg_nano.a(lib_a-impure.o)
                0x10089f34                _global_impure_ptr
 .rodata.__sf_fake_stdin
                0x10089f38       0x20 c:/program files (x86)/cypress/psoc creator/4.4/psoc creator/import/gnu/arm/5.4.1/bin/../lib/gcc/arm-none-eabi/5.4.1/../../../../arm-none-eabi/lib/armv7e-m/softfp\libg_nano.a(lib_a-findfp.o)
                0x10089f38                __sf_fake_stdin
 .rodata.__sf_fake_stdout
                0x10089f58       0x20 c:/program files (x86)/cypress/psoc creator/4.4/psoc creator/import/gnu/arm/5.4.1/bin/../lib/gcc/arm-none-eabi/5.4.1/../../../../arm-none-eabi/lib/armv7e-m/softfp\libg_nano.a(lib_a-findfp.o)
                0x10089f58                __sf_fake_stdout
 .rodata.__sf_fake_stderr
                0x10089f78       0x20 c:/program files (x86)/cypress/psoc creator/4.4/psoc creator/import/gnu/arm/5.4.1/bin/../lib/gcc/arm-none-eabi/5.4.1/../../../../arm-none-eabi/lib/armv7e-m/softfp\libg_nano.a(lib_a-findfp.o)
                0x10089f78                __sf_fake_stderr
 *(.eh_frame*)
 .eh_frame      0x10089f98        0x0 c:/program files (x86)/cypress/psoc creator/4.4/psoc creator/import/gnu/arm/5.4.1/bin/../lib/gcc/arm-none-eabi/5.4.1/armv7e-m/softfp/crtbegin.o
 .eh_frame      0x10089f98        0x4 c:/program files (x86)/cypress/psoc creator/4.4/psoc creator/import/gnu/arm/5.4.1/bin/../lib/gcc/arm-none-eabi/5.4.1/armv7e-m/softfp/crtend.o

.glue_7         0x10089f9c        0x0
 .glue_7        0x10089f9c        0x0 linker stubs

.glue_7t        0x10089f9c        0x0
 .glue_7t       0x10089f9c        0x0 linker stubs

.vfp11_veneer   0x10089f9c        0x0
 .vfp11_veneer  0x10089f9c        0x0 linker stubs

.v4_bx          0x10089f9c        0x0
 .v4_bx         0x10089f9c        0x0 linker stubs

.iplt           0x10089f9c        0x0
 .iplt          0x10089f9c        0x0 c:/program files (x86)/cypress/psoc creator/4.4/psoc creator/import/gnu/arm/5.4.1/bin/../lib/gcc/arm-none-eabi/5.4.1/armv7e-m/softfp/crtbegin.o

.ARM.extab
 *(.ARM.extab* .gnu.linkonce.armextab.*)
                0x10089f9c                __exidx_start = .

.ARM.exidx      0x10089f9c        0x8
 *(.ARM.exidx* .gnu.linkonce.armexidx.*)
 .ARM.exidx     0x10089f9c        0x8 c:/program files (x86)/cypress/psoc creator/4.4/psoc creator/import/gnu/arm/5.4.1/bin/../lib/gcc/arm-none-eabi/5.4.1/armv7e-m/softfp\libgcc.a(_udivmoddi4.o)
                0x10089fa4                __exidx_end = .

.copy.table     0x10089fa4       0x18
                0x10089fa4                . = ALIGN (0x4)
                0x10089fa4                __copy_table_start__ = .
                0x10089fa4        0x4 LONG 0x10080000 __Vectors
                0x10089fa8        0x4 LONG 0x8024000 __ram_vectors_start__
                0x10089fac        0x4 LONG 0x28c (__Vectors_End - __Vectors)
                0x10089fb0        0x4 LONG 0x10089fc4 __etext
                0x10089fb4        0x4 LONG 0x802428c __data_start__
                0x10089fb8        0x4 LONG 0x56c (__data_end__ - __data_start__)
                0x10089fbc                __copy_table_end__ = .

.zero.table     0x10089fbc        0x8
                0x10089fbc                . = ALIGN (0x4)
                0x10089fbc                __zero_table_start__ = .
                0x10089fbc        0x4 LONG 0x8024870 __bss_start__
                0x10089fc0        0x4 LONG 0xc4c0 (__bss_end__ - __bss_start__)
                0x10089fc4                __zero_table_end__ = .
                0x10089fc4                __etext = .

.ramVectors     0x08024000      0x28c
                0x08024000                __ram_vectors_start__ = .
 *(.ram_vectors)
 .ram_vectors   0x08024000      0x28c .\CortexM4\ARM_GCC_541\Release\startup_psoc6_01_cm4.o
                0x08024000                __ramVectors
                0x0802428c                __ram_vectors_end__ = .

.data           0x0802428c      0x56c load address 0x10089fc4
                0x0802428c                __data_start__ = .
 *(vtable)
 *(.data*)
 .data          0x0802428c       0x20 .\CortexM4\ARM_GCC_541\Release\system_psoc6_cm4.o
                0x0802428c                cy_BleEcoClockFreqHz
                0x08024290                cy_Hfclk0FreqHz
                0x08024294                cy_PeriClkFreqHz
                0x08024298                SystemCoreClock
                0x0802429c                cy_delayFreqHz
                0x080242a0                cy_delayFreqMhz
                0x080242a4                cy_delayFreqKhz