16:19:46 **** Incremental Build of configuration Debug for project ECC ****
make -j12 all 
arm-none-eabi-gcc "../Core/Src/main.c" -mcpu=cortex-m4 -std=gnu11 -g3 -DDEBUG -DUSE_HAL_DRIVER -DSTM32F411xE -c -I../Core/Inc -I../Drivers/STM32F4xx_HAL_Driver/Inc -I../Drivers/STM32F4xx_HAL_Driver/Inc/Legacy -I../Drivers/CMSIS/Device/ST/STM32F4xx/Include -I../Drivers/CMSIS/Include -O0 -ffunction-sections -fdata-sections -Wall -fstack-usage -fcyclomatic-complexity -MMD -MP -MF"Core/Src/main.d" -MT"Core/Src/main.o" --specs=nano.specs -mfpu=fpv4-sp-d16 -mfloat-abi=hard -mthumb -o "Core/Src/main.o"
arm-none-eabi-gcc -o "ECC.elf" @"objects.list"   -mcpu=cortex-m4 -T"C:\Users\bogur\Desktop\TFG2\Projectos STM\ECC\STM32F411VETX_FLASH.ld" --specs=nosys.specs -Wl,-Map="ECC.map" -Wl,--gc-sections -static --specs=nano.specs -mfpu=fpv4-sp-d16 -mfloat-abi=hard -mthumb -Wl,--start-group -lc -lm -Wl,--end-group
Finished building target: ECC.elf
 
arm-none-eabi-size  ECC.elf 
arm-none-eabi-objdump -h -S ECC.elf  > "ECC.list"
   text	   data	    bss	    dec	    hex	filename
  12772	    112	   2280	  15164	   3b3c	ECC.elf
Finished building: default.size.stdout
 
Finished building: ECC.list
 

16:19:47 Build Finished. 0 errors, 0 warnings. (took 1s.42ms)

