22:22:31 **** Incremental Build of configuration Debug for project ECC ****
make -j16 all 
arm-none-eabi-gcc "../Core/Src/main.c" -mcpu=cortex-m4 -std=gnu11 -g3 -DDEBUG -DUSE_HAL_DRIVER -DSTM32F411xE -c -I../Core/Inc -I../Drivers/STM32F4xx_HAL_Driver/Inc -I../Drivers/STM32F4xx_HAL_Driver/Inc/Legacy -I../Drivers/CMSIS/Device/ST/STM32F4xx/Include -I../Drivers/CMSIS/Include -O0 -ffunction-sections -fdata-sections -Wall -fstack-usage -fcyclomatic-complexity -MMD -MP -MF"Core/Src/main.d" -MT"Core/Src/main.o" --specs=nano.specs -mfpu=fpv4-sp-d16 -mfloat-abi=hard -mthumb -o "Core/Src/main.o"
arm-none-eabi-gcc "../Core/Src/uECC.c" -mcpu=cortex-m4 -std=gnu11 -g3 -DDEBUG -DUSE_HAL_DRIVER -DSTM32F411xE -c -I../Core/Inc -I../Drivers/STM32F4xx_HAL_Driver/Inc -I../Drivers/STM32F4xx_HAL_Driver/Inc/Legacy -I../Drivers/CMSIS/Device/ST/STM32F4xx/Include -I../Drivers/CMSIS/Include -O0 -ffunction-sections -fdata-sections -Wall -fstack-usage -fcyclomatic-complexity -MMD -MP -MF"Core/Src/uECC.d" -MT"Core/Src/uECC.o" --specs=nano.specs -mfpu=fpv4-sp-d16 -mfloat-abi=hard -mthumb -o "Core/Src/uECC.o"
../Core/Src/main.c: In function 'main':
../Core/Src/main.c:137:17: warning: implicit declaration of function 'memcmp' [-Wimplicit-function-declaration]
  137 |             if (memcmp(secret1, secret2, 20) != 0) {
      |                 ^~~~~~
../Core/Src/main.c:26:1: note: include '<string.h>' or provide a declaration of 'memcmp'
   25 | #include "uECC.h"
  +++ |+#include <string.h>
   26 | /* Private includes ----------------------------------------------------------*/
../Core/Src/main.c:137:42: warning: 'memcmp' argument 3 type is 'int' where 'unsigned int' is expected in a call to built-in function declared without prototype [-Wbuiltin-declaration-mismatch]
  137 |             if (memcmp(secret1, secret2, 20) != 0) {
      |                                          ^~
<built-in>: note: built-in 'memcmp' declared here
arm-none-eabi-gcc -o "ECC.elf" @"objects.list"   -mcpu=cortex-m4 -T"C:\Users\bogurad\Desktop\Proyectos gitHub\TFG2\Projectos STM\ECC\STM32F411VETX_FLASH.ld" --specs=nosys.specs -Wl,-Map="ECC.map" -Wl,--gc-sections -static --specs=nano.specs -mfpu=fpv4-sp-d16 -mfloat-abi=hard -mthumb -Wl,--start-group -lc -lm -Wl,--end-group
Finished building target: ECC.elf
 
arm-none-eabi-size  ECC.elf 
arm-none-eabi-objdump -h -S ECC.elf  > "ECC.list"
   text	   data	    bss	    dec	    hex	filename
  11544	     20	   1756	  13320	   3408	ECC.elf
Finished building: default.size.stdout
 
Finished building: ECC.list
 
22:22:35 **** Incremental Build of configuration Debug for project ECC ****
make -j16 all 
arm-none-eabi-size  ECC.elf 
   text	   data	    bss	    dec	    hex	filename
  11544	     20	   1756	  13320	   3408	ECC.elf
Finished building: default.size.stdout
 
22:22:57 **** Incremental Build of configuration Debug for project ECC ****
make -j16 all 
arm-none-eabi-size  ECC.elf 
   text	   data	    bss	    dec	    hex	filename
  11544	     20	   1756	  13320	   3408	ECC.elf
Finished building: default.size.stdout
 
